Archive member included to satisfy reference by file (symbol)

C:/MaximSDK/Libraries/PeriphDrivers/bin/MAX32660/softfp/libPeriphDriver_softfp.a(mxc_delay.o)
                              C:/Users/ahammad.n/Desktop/Maxim_Micro_Workspace/MAX77958_MAX32660_Python_GUI_New/build/rom_stub.o (SysTick_Handler)
C:/MaximSDK/Libraries/PeriphDrivers/bin/MAX32660/softfp/libPeriphDriver_softfp.a(nvic_table.o)
                              C:/Users/ahammad.n/Desktop/Maxim_Micro_Workspace/MAX77958_MAX32660_Python_GUI_New/build/main.o (MXC_NVIC_SetVector)
C:/MaximSDK/Libraries/PeriphDrivers/bin/MAX32660/softfp/libPeriphDriver_softfp.a(sys_me11.o)
                              C:/Users/ahammad.n/Desktop/Maxim_Micro_Workspace/MAX77958_MAX32660_Python_GUI_New/build/system_max32660.o (MXC_SYS_ClockDisable)
C:/MaximSDK/Libraries/PeriphDrivers/bin/MAX32660/softfp/libPeriphDriver_softfp.a(flc_me11.o)
                              C:/MaximSDK/Libraries/PeriphDrivers/bin/MAX32660/softfp/libPeriphDriver_softfp.a(sys_me11.o) (MXC_FLC_UnlockInfoBlock)
C:/MaximSDK/Libraries/PeriphDrivers/bin/MAX32660/softfp/libPeriphDriver_softfp.a(flc_reva.o)
                              C:/MaximSDK/Libraries/PeriphDrivers/bin/MAX32660/softfp/libPeriphDriver_softfp.a(flc_me11.o) (MXC_FLC_RevA_Busy)
C:/MaximSDK/Libraries/PeriphDrivers/bin/MAX32660/softfp/libPeriphDriver_softfp.a(gpio_me11.o)
                              C:/Users/ahammad.n/Desktop/Maxim_Micro_Workspace/MAX77958_MAX32660_Python_GUI_New/build/pb.o (MXC_GPIO_InGet)
C:/MaximSDK/Libraries/PeriphDrivers/bin/MAX32660/softfp/libPeriphDriver_softfp.a(gpio_reva.o)
                              C:/MaximSDK/Libraries/PeriphDrivers/bin/MAX32660/softfp/libPeriphDriver_softfp.a(gpio_me11.o) (MXC_GPIO_RevA_InGet)
C:/MaximSDK/Libraries/PeriphDrivers/bin/MAX32660/softfp/libPeriphDriver_softfp.a(i2c_me11.o)
                              C:/Users/ahammad.n/Desktop/Maxim_Micro_Workspace/MAX77958_MAX32660_Python_GUI_New/build/main.o (MXC_I2C_Init)
C:/MaximSDK/Libraries/PeriphDrivers/bin/MAX32660/softfp/libPeriphDriver_softfp.a(i2c_reva.o)
                              C:/MaximSDK/Libraries/PeriphDrivers/bin/MAX32660/softfp/libPeriphDriver_softfp.a(i2c_me11.o) (MXC_I2C_RevA_DMACallback)
C:/MaximSDK/Libraries/PeriphDrivers/bin/MAX32660/softfp/libPeriphDriver_softfp.a(uart_me11.o)
                              C:/Users/ahammad.n/Desktop/Maxim_Micro_Workspace/MAX77958_MAX32660_Python_GUI_New/build/board.o (MXC_UART_Shutdown)
C:/MaximSDK/Libraries/PeriphDrivers/bin/MAX32660/softfp/libPeriphDriver_softfp.a(uart_reva.o)
                              C:/MaximSDK/Libraries/PeriphDrivers/bin/MAX32660/softfp/libPeriphDriver_softfp.a(uart_me11.o) (MXC_UART_RevA_Init)
C:/MaximSDK/Libraries/PeriphDrivers/bin/MAX32660/softfp/libPeriphDriver_softfp.a(pins_me11.o)
                              C:/MaximSDK/Libraries/PeriphDrivers/bin/MAX32660/softfp/libPeriphDriver_softfp.a(uart_me11.o) (gpio_cfg_uart1_flow)
C:/MaximSDK/Libraries/PeriphDrivers/bin/MAX32660/softfp/libPeriphDriver_softfp.a(dma_me11.o)
                              C:/MaximSDK/Libraries/PeriphDrivers/bin/MAX32660/softfp/libPeriphDriver_softfp.a(i2c_reva.o) (MXC_DMA_Init)
C:/MaximSDK/Libraries/PeriphDrivers/bin/MAX32660/softfp/libPeriphDriver_softfp.a(dma_reva.o)
                              C:/MaximSDK/Libraries/PeriphDrivers/bin/MAX32660/softfp/libPeriphDriver_softfp.a(dma_me11.o) (MXC_DMA_RevA_Init)
C:/MaximSDK/Libraries/PeriphDrivers/bin/MAX32660/softfp/libPeriphDriver_softfp.a(flc_common.o)
                              C:/MaximSDK/Libraries/PeriphDrivers/bin/MAX32660/softfp/libPeriphDriver_softfp.a(flc_me11.o) (MXC_FLC_Com_VerifyData)
C:/MaximSDK/Libraries/PeriphDrivers/bin/MAX32660/softfp/libPeriphDriver_softfp.a(gpio_common.o)
                              C:/MaximSDK/Libraries/PeriphDrivers/bin/MAX32660/softfp/libPeriphDriver_softfp.a(gpio_me11.o) (MXC_GPIO_Common_Init)
C:/MaximSDK/Libraries/PeriphDrivers/bin/MAX32660/softfp/libPeriphDriver_softfp.a(uart_common.o)
                              C:/MaximSDK/Libraries/PeriphDrivers/bin/MAX32660/softfp/libPeriphDriver_softfp.a(uart_me11.o) (MXC_UART_Common_ReadCharacter)
C:/MaximSDK/Libraries/PeriphDrivers/bin/MAX32660/softfp/libPeriphDriver_softfp.a(mxc_lock.o)
                              C:/MaximSDK/Libraries/PeriphDrivers/bin/MAX32660/softfp/libPeriphDriver_softfp.a(dma_reva.o) (MXC_GetLock)
c:/maximsdk/tools/gnutools/10.3/bin/../lib/gcc/arm-none-eabi/10.3.1/../../../../arm-none-eabi/lib/thumb/v7e-m+fp/softfp\libc.a(lib_a-errno.o)
                              C:/Users/ahammad.n/Desktop/Maxim_Micro_Workspace/MAX77958_MAX32660_Python_GUI_New/build/stdio.o (__errno)
c:/maximsdk/tools/gnutools/10.3/bin/../lib/gcc/arm-none-eabi/10.3.1/../../../../arm-none-eabi/lib/thumb/v7e-m+fp/softfp\libc.a(lib_a-exit.o)
                              c:/maximsdk/tools/gnutools/10.3/bin/../lib/gcc/arm-none-eabi/10.3.1/../../../../arm-none-eabi/lib/thumb/v7e-m+fp/softfp/crt0.o (exit)
[...]
Memory Configuration

Name             Origin             Length             Attributes
FLASH            0x00000000         0x00040000         xr
SRAM             0x20000000         0x00018000         xrw
*default*        0x00000000         0xffffffff

Linker script and memory map

LOAD c:/maximsdk/tools/gnutools/10.3/bin/../lib/gcc/arm-none-eabi/10.3.1/thumb/v7e-m+fp/softfp/crti.o
LOAD c:/maximsdk/tools/gnutools/10.3/bin/../lib/gcc/arm-none-eabi/10.3.1/thumb/v7e-m+fp/softfp/crtbegin.o
LOAD c:/maximsdk/tools/gnutools/10.3/bin/../lib/gcc/arm-none-eabi/10.3.1/../../../../arm-none-eabi/lib/thumb/v7e-m+fp/softfp/crt0.o
LOAD C:/Users/ahammad.n/Desktop/Maxim_Micro_Workspace/MAX77958_MAX32660_Python_GUI_New/build/main.o
LOAD C:/Users/ahammad.n/Desktop/Maxim_Micro_Workspace/MAX77958_MAX32660_Python_GUI_New/build/board.o
LOAD C:/Users/ahammad.n/Desktop/Maxim_Micro_Workspace/MAX77958_MAX32660_Python_GUI_New/build/stdio.o
LOAD C:/Users/ahammad.n/Desktop/Maxim_Micro_Workspace/MAX77958_MAX32660_Python_GUI_New/build/led.o
LOAD C:/Users/ahammad.n/Desktop/Maxim_Micro_Workspace/MAX77958_MAX32660_Python_GUI_New/build/pb.o
LOAD C:/Users/ahammad.n/Desktop/Maxim_Micro_Workspace/MAX77958_MAX32660_Python_GUI_New/build/rom_stub.o
LOAD C:/Users/ahammad.n/Desktop/Maxim_Micro_Workspace/MAX77958_MAX32660_Python_GUI_New/build/startup_max32660.o
LOAD C:/Users/ahammad.n/Desktop/Maxim_Micro_Workspace/MAX77958_MAX32660_Python_GUI_New/build/heap.o
LOAD C:/Users/ahammad.n/Desktop/Maxim_Micro_Workspace/MAX77958_MAX32660_Python_GUI_New/build/system_max32660.o
START GROUP
LOAD C:/MaximSDK/Libraries/PeriphDrivers/bin/MAX32660/softfp/libPeriphDriver_softfp.a
LOAD c:/maximsdk/tools/gnutools/10.3/bin/../lib/gcc/arm-none-eabi/10.3.1/../../../../arm-none-eabi/lib/thumb/v7e-m+fp/softfp\libc.a
LOAD c:/maximsdk/tools/gnutools/10.3/bin/../lib/gcc/arm-none-eabi/10.3.1/../../../../arm-none-eabi/lib/thumb/v7e-m+fp/softfp\libm.a
LOAD c:/maximsdk/tools/gnutools/10.3/bin/../lib/gcc/arm-none-eabi/10.3.1/../../../../arm-none-eabi/lib/thumb/v7e-m+fp/softfp\libnosys.a
END GROUP
START GROUP
LOAD c:/maximsdk/tools/gnutools/10.3/bin/../lib/gcc/arm-none-eabi/10.3.1/thumb/v7e-m+fp/softfp\libgcc.a
LOAD c:/maximsdk/tools/gnutools/10.3/bin/../lib/gcc/arm-none-eabi/10.3.1/../../../../arm-none-eabi/lib/thumb/v7e-m+fp/softfp\libc.a
END GROUP
LOAD c:/maximsdk/tools/gnutools/10.3/bin/../lib/gcc/arm-none-eabi/10.3.1/thumb/v7e-m+fp/softfp/crtend.o
LOAD c:/maximsdk/tools/gnutools/10.3/bin/../lib/gcc/arm-none-eabi/10.3.1/thumb/v7e-m+fp/softfp/crtn.o

.text           0x00000000     0xb0d0
                0x00000000                _text = .
 *(.isr_vector)
 .isr_vector    0x00000000      0x11c C:/Users/ahammad.n/Desktop/Maxim_Micro_Workspace/MAX77958_MAX32660_Python_GUI_New/build/startup_max32660.o
                0x00000000                __isr_vector
 *(.text*)
 .text          0x0000011c       0x40 c:/maximsdk/tools/gnutools/10.3/bin/../lib/gcc/arm-none-eabi/10.3.1/thumb/v7e-m+fp/softfp/crtbegin.o
 .text.Register_Read
                0x0000015c       0x30 C:/Users/ahammad.n/Desktop/Maxim_Micro_Workspace/MAX77958_MAX32660_Python_GUI_New/build/main.o
                0x0000015c                Register_Read
 .text.gpio_isr
                0x0000018c       0x40 C:/Users/ahammad.n/Desktop/Maxim_Micro_Workspace/MAX77958_MAX32660_Python_GUI_New/build/main.o
                0x0000018c                gpio_isr
 .text.Register_Write
                0x000001cc       0x30 C:/Users/ahammad.n/Desktop/Maxim_Micro_Workspace/MAX77958_MAX32660_Python_GUI_New/build/main.o
                0x000001cc                Register_Write
 .text.Register_Multi_Read
                0x000001fc       0x28 C:/Users/ahammad.n/Desktop/Maxim_Micro_Workspace/MAX77958_MAX32660_Python_GUI_New/build/main.o
                0x000001fc                Register_Multi_Read
 .text.Multi_Register_4byte_Write
                0x00000224       0x46 C:/Users/ahammad.n/Desktop/Maxim_Micro_Workspace/MAX77958_MAX32660_Python_GUI_New/build/main.o
                0x00000224                Multi_Register_4byte_Write
 *fill*         0x0000026a        0x2 
 .text.Source_Cap_Req
                0x0000026c       0x34 C:/Users/ahammad.n/Desktop/Maxim_Micro_Workspace/MAX77958_MAX32660_Python_GUI_New/build/main.o
                0x0000026c                Source_Cap_Req
 .text.Current_Source_Cap
                0x000002a0      0x10c C:/Users/ahammad.n/Desktop/Maxim_Micro_Workspace/MAX77958_MAX32660_Python_GUI_New/build/main.o
                0x000002a0                Current_Source_Cap
 .text.Set_Sink_PDOs
                0x000003ac       0x78 C:/Users/ahammad.n/Desktop/Maxim_Micro_Workspace/MAX77958_MAX32660_Python_GUI_New/build/main.o
                0x000003ac                Set_Sink_PDOs
 .text.Sink_PDO_Req
                0x00000424       0xc8 C:/Users/ahammad.n/Desktop/Maxim_Micro_Workspace/MAX77958_MAX32660_Python_GUI_New/build/main.o
                0x00000424                Sink_PDO_Req
 .text.Set_Interrupt_Mask
                0x000004ec       0x14 C:/Users/ahammad.n/Desktop/Maxim_Micro_Workspace/MAX77958_MAX32660_Python_GUI_New/build/main.o
                0x000004ec                Set_Interrupt_Mask
 .text.GPIO_Interrupt_Enable
                0x00000500       0x70 C:/Users/ahammad.n/Desktop/Maxim_Micro_Workspace/MAX77958_MAX32660_Python_GUI_New/build/main.o
                0x00000500                GPIO_Interrupt_Enable
 .text.VBUS_ADC_Voltage_print
                0x00000570      0x178 C:/Users/ahammad.n/Desktop/Maxim_Micro_Workspace/MAX77958_MAX32660_Python_GUI_New/build/main.o
                0x00000570                VBUS_ADC_Voltage_print
 .text.Port_current_print
                0x000006e8       0x4c C:/Users/ahammad.n/Desktop/Maxim_Micro_Workspace/MAX77958_MAX32660_Python_GUI_New/build/main.o
                0x000006e8                Port_current_print
 .text.PD_Message_Print
                0x00000734      0x328 C:/Users/ahammad.n/Desktop/Maxim_Micro_Workspace/MAX77958_MAX32660_Python_GUI_New/build/main.o
                0x00000734                PD_Message_Print
 .text.Port_Detection_Status_Voltage_current_Read
                0x00000a5c      0x30c C:/Users/ahammad.n/Desktop/Maxim_Micro_Workspace/MAX77958_MAX32660_Python_GUI_New/build/main.o
                0x00000a5c                Port_Detection_Status_Voltage_current_Read
 .text.Register_Write_Charger
                0x00000d68       0x4c C:/Users/ahammad.n/Desktop/Maxim_Micro_Workspace/MAX77958_MAX32660_Python_GUI_New/build/main.o
                0x00000d68                Register_Write_Charger
 .text.MAX77962_Charger_initial_settings
                0x00000db4       0x36 C:/Users/ahammad.n/Desktop/Maxim_Micro_Workspace/MAX77958_MAX32660_Python_GUI_New/build/main.o
                0x00000db4                MAX77962_Charger_initial_settings
 *fill*         0x00000dea        0x2 
 .text.Enable_PPS_Mode
                0x00000dec       0x6c C:/Users/ahammad.n/Desktop/Maxim_Micro_Workspace/MAX77958_MAX32660_Python_GUI_New/build/main.o
                0x00000dec                Enable_PPS_Mode
 .text.Set_PPS_Voltage_Current
                0x00000e58       0x6c C:/Users/ahammad.n/Desktop/Maxim_Micro_Workspace/MAX77958_MAX32660_Python_GUI_New/build/main.o
                0x00000e58                Set_PPS_Voltage_Current
 .text.UART1_Handler
                0x00000ec4      0x484 C:/Users/ahammad.n/Desktop/Maxim_Micro_Workspace/MAX77958_MAX32660_Python_GUI_New/build/main.o
                0x00000ec4                UART1_Handler
 .text.main     0x00001348      0x1d0 C:/Users/ahammad.n/Desktop/Maxim_Micro_Workspace/MAX77958_MAX32660_Python_GUI_New/build/main.o
                0x00001348                main
 .text.mxc_assert
                0x00001518       0x10 C:/Users/ahammad.n/Desktop/Maxim_Micro_Workspace/MAX77958_MAX32660_Python_GUI_New/build/board.o
                0x00001518                mxc_assert
 .text.Console_Init
                0x00001528       0x18 C:/Users/ahammad.n/Desktop/Maxim_Micro_Workspace/MAX77958_MAX32660_Python_GUI_New/build/board.o
                0x00001528                Console_Init
 .text.Board_Init
                0x00001540       0x34 C:/Users/ahammad.n/Desktop/Maxim_Micro_Workspace/MAX77958_MAX32660_Python_GUI_New/build/board.o
                0x00001540                Board_Init
 .text.NMI_Handler
                0x00001574        0x4 C:/Users/ahammad.n/Desktop/Maxim_Micro_Workspace/MAX77958_MAX32660_Python_GUI_New/build/board.o
                0x00001574                NMI_Handler
 .text._close   0x00001578        0x6 C:/Users/ahammad.n/Desktop/Maxim_Micro_Workspace/MAX77958_MAX32660_Python_GUI_New/build/stdio.o
                0x00001578                _close
 .text._isatty  0x0000157e        0x6 C:/Users/ahammad.n/Desktop/Maxim_Micro_Workspace/MAX77958_MAX32660_Python_GUI_New/build/stdio.o
                0x0000157e                _isatty
 .text._lseek   0x00001584        0x6 C:/Users/ahammad.n/Desktop/Maxim_Micro_Workspace/MAX77958_MAX32660_Python_GUI_New/build/stdio.o
                0x00001584                _lseek
 .text._fstat   0x0000158a        0x6 C:/Users/ahammad.n/Desktop/Maxim_Micro_Workspace/MAX77958_MAX32660_Python_GUI_New/build/stdio.o
                0x0000158a                _fstat
 .text._read    0x00001590       0x50 C:/Users/ahammad.n/Desktop/Maxim_Micro_Workspace/MAX77958_MAX32660_Python_GUI_New/build/stdio.o
                0x00001590                _read
 .text._write   0x000015e0       0x54 C:/Users/ahammad.n/Desktop/Maxim_Micro_Workspace/MAX77958_MAX32660_Python_GUI_New/build/stdio.o
                0x000015e0                _write
 .text.LED_Off  0x00001634       0x44 C:/Users/ahammad.n/Desktop/Maxim_Micro_Workspace/MAX77958_MAX32660_Python_GUI_New/build/led.o
                0x00001634                LED_Off
 .text.LED_Init
                0x00001678       0x3c C:/Users/ahammad.n/Desktop/Maxim_Micro_Workspace/MAX77958_MAX32660_Python_GUI_New/build/led.o
                0x00001678                LED_Init
 .text.PB_Init  0x000016b4       0x38 C:/Users/ahammad.n/Desktop/Maxim_Micro_Workspace/MAX77958_MAX32660_Python_GUI_New/build/pb.o
                0x000016b4                PB_Init
 .text.GPIO0_IRQHandler
                0x000016ec        0xa C:/Users/ahammad.n/Desktop/Maxim_Micro_Workspace/MAX77958_MAX32660_Python_GUI_New/build/pb.o
                0x000016ec                GPIO0_IRQHandler
 *fill*         0x000016f6        0x2 
 .text          0x000016f8       0xe4 C:/Users/ahammad.n/Desktop/Maxim_Micro_Workspace/MAX77958_MAX32660_Python_GUI_New/build/startup_max32660.o
                0x000016f8                Reset_Handler
                0x00001736                HardFault_Handler
                0x00001738                MemManage_Handler
                0x0000173a                BusFault_Handler
                0x0000173c                UsageFault_Handler
                0x0000173e                SVC_Handler
                0x00001740                DebugMon_Handler
                0x00001742                PendSV_Handler
                0x00001744                Default_Handler
                0x00001746                PF_IRQHandler
                0x00001748                WDT0_IRQHandler
                0x0000174a                RSV00_IRQHandler
                0x0000174c                RTC_IRQHandler
                0x0000174e                RSV1_IRQHandler
                0x00001750                TMR0_IRQHandler
                0x00001752                TMR1_IRQHandler
                0x00001754                TMR2_IRQHandler
                0x00001756                RSV02_IRQHandler
                0x00001758                RSV03_IRQHandler
                0x0000175a                RSV04_IRQHandler
                0x0000175c                RSV05_IRQHandler
                0x0000175e                RSV06_IRQHandler
                0x00001760                I2C0_IRQHandler
                0x00001762                UART0_IRQHandler
                0x00001764                UART1_IRQHandler
                0x00001766                SPI0_IRQHandler
                0x00001768                SPI1_IRQHandler
                0x0000176a                RSV07_IRQHandler
                0x0000176c                RSV08_IRQHandler
                0x0000176e                RSV09_IRQHandler
                0x00001770                RSV10_IRQHandler
                0x00001772                RSV11_IRQHandler
                0x00001774                FLC_IRQHandler
                0x00001778                RSV12_IRQHandler
                0x0000177a                RSV13_IRQHandler
                0x0000177c                RSV14_IRQHandler
                0x0000177e                DMA0_IRQHandler
                0x00001780                DMA1_IRQHandler
                0x00001782                DMA2_IRQHandler
                0x00001784                DMA3_IRQHandler
                0x00001786                RSV15_IRQHandler
                0x00001788                RSV16_IRQHandler
                0x0000178a                RSV17_IRQHandler
                0x0000178c                RSV18_IRQHandler
                0x0000178e                I2C1_IRQHandler
                0x00001790                RSV19_IRQHandler
                0x00001792                RSV20_IRQHandler
                0x00001794                RSV21_IRQHandler
                0x00001796                RSV22_IRQHandler
                0x00001798                RSV23_IRQHandler
                0x0000179a                RSV24_IRQHandler
                0x0000179c                RSV25_IRQHandler
                0x0000179e                RSV26_IRQHandler
                0x000017a0                RSV27_IRQHandler
                0x000017a2                RSV28_IRQHandler
                0x000017a4                RSV29_IRQHandler
                0x000017a6                RSV30_IRQHandler
                0x000017a8                RSV31_IRQHandler
                0x000017aa                RSV32_IRQHandler
                0x000017ac                RSV33_IRQHandler
                0x000017ae                RSV34_IRQHandler
                0x000017b0                RSV35_IRQHandler
                0x000017b2                GPIOWAKE_IRQHandler
 .text._sbrk    0x000017dc       0x40 C:/Users/ahammad.n/Desktop/Maxim_Micro_Workspace/MAX77958_MAX32660_Python_GUI_New/build/heap.o
                0x000017dc                _sbrk
 .text.SystemCoreClockUpdate
                0x0000181c       0x64 C:/Users/ahammad.n/Desktop/Maxim_Micro_Workspace/MAX77958_MAX32660_Python_GUI_New/build/system_max32660.o
                0x0000181c                SystemCoreClockUpdate
 .text.PreInit  0x00001880        0x4 C:/Users/ahammad.n/Desktop/Maxim_Micro_Workspace/MAX77958_MAX32660_Python_GUI_New/build/system_max32660.o
                0x00001880                PreInit
 .text.SystemInit
                0x00001884       0x7c C:/Users/ahammad.n/Desktop/Maxim_Micro_Workspace/MAX77958_MAX32660_Python_GUI_New/build/system_max32660.o
                0x00001884                SystemInit
 .text.MXC_DelayInit
                0x00001900       0x84 C:/MaximSDK/Libraries/PeriphDrivers/bin/MAX32660/softfp/libPeriphDriver_softfp.a(mxc_delay.o)
 .text.MXC_DelayAsync
                0x00001984       0x44 C:/MaximSDK/Libraries/PeriphDrivers/bin/MAX32660/softfp/libPeriphDriver_softfp.a(mxc_delay.o)
                0x00001984                MXC_DelayAsync
 .text.MXC_DelayAbort
                0x000019c8       0x34 C:/MaximSDK/Libraries/PeriphDrivers/bin/MAX32660/softfp/libPeriphDriver_softfp.a(mxc_delay.o)
                0x000019c8                MXC_DelayAbort
 .text.MXC_DelayHandler
                0x000019fc       0x40 C:/MaximSDK/Libraries/PeriphDrivers/bin/MAX32660/softfp/libPeriphDriver_softfp.a(mxc_delay.o)
                0x000019fc                MXC_DelayHandler
 .text.SysTick_Handler
                0x00001a3c        0x8 C:/MaximSDK/Libraries/PeriphDrivers/bin/MAX32660/softfp/libPeriphDriver_softfp.a(mxc_delay.o)
                0x00001a3c                SysTick_Handler
 .text.MXC_DelayCheck
                0x00001a44       0x64 C:/MaximSDK/Libraries/PeriphDrivers/bin/MAX32660/softfp/libPeriphDriver_softfp.a(mxc_delay.o)
                0x00001a44                MXC_DelayCheck
 .text.MXC_Delay
                0x00001aa8       0x58 C:/MaximSDK/Libraries/PeriphDrivers/bin/MAX32660/softfp/libPeriphDriver_softfp.a(mxc_delay.o)
                0x00001aa8                MXC_Delay
 .text.NVIC_SetRAM
                0x00001b00       0x24 C:/MaximSDK/Libraries/PeriphDrivers/bin/MAX32660/softfp/libPeriphDriver_softfp.a(nvic_table.o)
                0x00001b00                NVIC_SetRAM
 .text.MXC_NVIC_SetVector
                0x00001b24       0x44 C:/MaximSDK/Libraries/PeriphDrivers/bin/MAX32660/softfp/libPeriphDriver_softfp.a(nvic_table.o)
                0x00001b24                MXC_NVIC_SetVector
 .text.MXC_SYS_ClockDisable
                0x00001b68       0x2c C:/MaximSDK/Libraries/PeriphDrivers/bin/MAX32660/softfp/libPeriphDriver_softfp.a(sys_me11.o)
                0x00001b68                MXC_SYS_ClockDisable
 .text.MXC_SYS_ClockEnable
                0x00001b94       0x30 C:/MaximSDK/Libraries/PeriphDrivers/bin/MAX32660/softfp/libPeriphDriver_softfp.a(sys_me11.o)
                0x00001b94                MXC_SYS_ClockEnable
 .text.MXC_SYS_Clock_Timeout
                0x00001bc4       0x30 C:/MaximSDK/Libraries/PeriphDrivers/bin/MAX32660/softfp/libPeriphDriver_softfp.a(sys_me11.o)
                0x00001bc4                MXC_SYS_Clock_Timeout
 .text.MXC_SYS_Clock_Select
                0x00001bf4       0xc4 C:/MaximSDK/Libraries/PeriphDrivers/bin/MAX32660/softfp/libPeriphDriver_softfp.a(sys_me11.o)
                0x00001bf4                MXC_SYS_Clock_Select
 .text.MXC_SYS_Reset_Periph
                0x00001cb8       0x38 C:/MaximSDK/Libraries/PeriphDrivers/bin/MAX32660/softfp/libPeriphDriver_softfp.a(sys_me11.o)
                0x00001cb8                MXC_SYS_Reset_Periph
 .text.MXC_GPIO_OutClr
                0x00001cf0        0x8 C:/MaximSDK/Libraries/PeriphDrivers/bin/MAX32660/softfp/libPeriphDriver_softfp.a(gpio_me11.o)
                0x00001cf0                MXC_GPIO_OutClr
 .text.MXC_GPIO_IntConfig
                0x00001cf8        0x8 C:/MaximSDK/Libraries/PeriphDrivers/bin/MAX32660/softfp/libPeriphDriver_softfp.a(gpio_me11.o)
                0x00001cf8                MXC_GPIO_IntConfig
 .text.MXC_GPIO_EnableInt
                0x00001d00        0x8 C:/MaximSDK/Libraries/PeriphDrivers/bin/MAX32660/softfp/libPeriphDriver_softfp.a(gpio_me11.o)
                0x00001d00                MXC_GPIO_EnableInt
 .text.MXC_GPIO_RegisterCallback
                0x00001d08        0x8 C:/MaximSDK/Libraries/PeriphDrivers/bin/MAX32660/softfp/libPeriphDriver_softfp.a(gpio_me11.o)
                0x00001d08                MXC_GPIO_RegisterCallback
 .text.MXC_GPIO_Handler
                0x00001d10        0x8 C:/MaximSDK/Libraries/PeriphDrivers/bin/MAX32660/softfp/libPeriphDriver_softfp.a(gpio_me11.o)
                0x00001d10                MXC_GPIO_Handler
 .text.MXC_GPIO_ClearFlags
                0x00001d18        0x8 C:/MaximSDK/Libraries/PeriphDrivers/bin/MAX32660/softfp/libPeriphDriver_softfp.a(gpio_me11.o)
                0x00001d18                MXC_GPIO_ClearFlags
 .text.MXC_GPIO_GetFlags
                0x00001d20        0x8 C:/MaximSDK/Libraries/PeriphDrivers/bin/MAX32660/softfp/libPeriphDriver_softfp.a(gpio_me11.o)
                0x00001d20                MXC_GPIO_GetFlags
 .text.MXC_GPIO_SetVSSEL
                0x00001d28        0x8 C:/MaximSDK/Libraries/PeriphDrivers/bin/MAX32660/softfp/libPeriphDriver_softfp.a(gpio_me11.o)
                0x00001d28                MXC_GPIO_SetVSSEL
 .text.MXC_GPIO_Config
                0x00001d30       0xaa C:/MaximSDK/Libraries/PeriphDrivers/bin/MAX32660/softfp/libPeriphDriver_softfp.a(gpio_me11.o)
                0x00001d30                MXC_GPIO_Config
 .text.MXC_GPIO_RevA_OutClr
                0x00001dda        0x4 C:/MaximSDK/Libraries/PeriphDrivers/bin/MAX32660/softfp/libPeriphDriver_softfp.a(gpio_reva.o)
                0x00001dda                MXC_GPIO_RevA_OutClr
 .text.MXC_GPIO_RevA_IntConfig
                0x00001dde       0xaa C:/MaximSDK/Libraries/PeriphDrivers/bin/MAX32660/softfp/libPeriphDriver_softfp.a(gpio_reva.o)
                0x00001dde                MXC_GPIO_RevA_IntConfig
 .text.MXC_GPIO_RevA_EnableInt
                0x00001e88        0x4 C:/MaximSDK/Libraries/PeriphDrivers/bin/MAX32660/softfp/libPeriphDriver_softfp.a(gpio_reva.o)
                0x00001e88                MXC_GPIO_RevA_EnableInt
 .text.MXC_GPIO_RevA_ClearFlags
                0x00001e8c        0x4 C:/MaximSDK/Libraries/PeriphDrivers/bin/MAX32660/softfp/libPeriphDriver_softfp.a(gpio_reva.o)
                0x00001e8c                MXC_GPIO_RevA_ClearFlags
 .text.MXC_GPIO_RevA_GetFlags
                0x00001e90        0x4 C:/MaximSDK/Libraries/PeriphDrivers/bin/MAX32660/softfp/libPeriphDriver_softfp.a(gpio_reva.o)
                0x00001e90                MXC_GPIO_RevA_GetFlags
 .text.MXC_GPIO_RevA_SetVSSEL
                0x00001e94       0x2a C:/MaximSDK/Libraries/PeriphDrivers/bin/MAX32660/softfp/libPeriphDriver_softfp.a(gpio_reva.o)
                0x00001e94                MXC_GPIO_RevA_SetVSSEL
 .text.MXC_I2C_SetSlaveAddr
                0x00001ebe       0x36 C:/MaximSDK/Libraries/PeriphDrivers/bin/MAX32660/softfp/libPeriphDriver_softfp.a(i2c_me11.o)
                0x00001ebe                MXC_I2C_SetSlaveAddr
 .text.MXC_I2C_Shutdown
                0x00001ef4       0x60 C:/MaximSDK/Libraries/PeriphDrivers/bin/MAX32660/softfp/libPeriphDriver_softfp.a(i2c_me11.o)
                0x00001ef4                MXC_I2C_Shutdown
 .text.MXC_I2C_Init
                0x00001f54       0x5c C:/MaximSDK/Libraries/PeriphDrivers/bin/MAX32660/softfp/libPeriphDriver_softfp.a(i2c_me11.o)
                0x00001f54                MXC_I2C_Init
 .text.MXC_I2C_SetFrequency
                0x00001fb0       0x18 C:/MaximSDK/Libraries/PeriphDrivers/bin/MAX32660/softfp/libPeriphDriver_softfp.a(i2c_me11.o)
                0x00001fb0                MXC_I2C_SetFrequency
 .text.MXC_I2C_GetFrequency
                0x00001fc8        0x8 C:/MaximSDK/Libraries/PeriphDrivers/bin/MAX32660/softfp/libPeriphDriver_softfp.a(i2c_me11.o)
                0x00001fc8                MXC_I2C_GetFrequency
 .text.MXC_I2C_Start
                0x00001fd0        0x8 C:/MaximSDK/Libraries/PeriphDrivers/bin/MAX32660/softfp/libPeriphDriver_softfp.a(i2c_me11.o)
                0x00001fd0                MXC_I2C_Start
 .text.MXC_I2C_Stop
                0x00001fd8        0x8 C:/MaximSDK/Libraries/PeriphDrivers/bin/MAX32660/softfp/libPeriphDriver_softfp.a(i2c_me11.o)
                0x00001fd8                MXC_I2C_Stop
 .text.MXC_I2C_ReadRXFIFO
                0x00001fe0        0x8 C:/MaximSDK/Libraries/PeriphDrivers/bin/MAX32660/softfp/libPeriphDriver_softfp.a(i2c_me11.o)
                0x00001fe0                MXC_I2C_ReadRXFIFO
 .text.MXC_I2C_WriteTXFIFO
                0x00001fe8        0x8 C:/MaximSDK/Libraries/PeriphDrivers/bin/MAX32660/softfp/libPeriphDriver_softfp.a(i2c_me11.o)
                0x00001fe8                MXC_I2C_WriteTXFIFO
 .text.MXC_I2C_ClearRXFIFO
                0x00001ff0        0x8 C:/MaximSDK/Libraries/PeriphDrivers/bin/MAX32660/softfp/libPeriphDriver_softfp.a(i2c_me11.o)
                0x00001ff0                MXC_I2C_ClearRXFIFO
 .text.MXC_I2C_ClearTXFIFO
                0x00001ff8        0x8 C:/MaximSDK/Libraries/PeriphDrivers/bin/MAX32660/softfp/libPeriphDriver_softfp.a(i2c_me11.o)
                0x00001ff8                MXC_I2C_ClearTXFIFO
 .text.MXC_I2C_ClearFlags
                0x00002000        0x8 C:/MaximSDK/Libraries/PeriphDrivers/bin/MAX32660/softfp/libPeriphDriver_softfp.a(i2c_me11.o)
                0x00002000                MXC_I2C_ClearFlags
 .text.MXC_I2C_Recover
                0x00002008        0x8 C:/MaximSDK/Libraries/PeriphDrivers/bin/MAX32660/softfp/libPeriphDriver_softfp.a(i2c_me11.o)
                0x00002008                MXC_I2C_Recover
 .text.MXC_I2C_MasterTransaction
                0x00002010        0x8 C:/MaximSDK/Libraries/PeriphDrivers/bin/MAX32660/softfp/libPeriphDriver_softfp.a(i2c_me11.o)
                0x00002010                MXC_I2C_MasterTransaction
 .text.MXC_I2C_SetRXThreshold
                0x00002018        0x8 C:/MaximSDK/Libraries/PeriphDrivers/bin/MAX32660/softfp/libPeriphDriver_softfp.a(i2c_me11.o)
                0x00002018                MXC_I2C_SetRXThreshold
 .text.MXC_I2C_SetTXThreshold
                0x00002020        0x8 C:/MaximSDK/Libraries/PeriphDrivers/bin/MAX32660/softfp/libPeriphDriver_softfp.a(i2c_me11.o)
                0x00002020                MXC_I2C_SetTXThreshold
 .text.MXC_I2C_RevA_Init
                0x00002028       0xb8 C:/MaximSDK/Libraries/PeriphDrivers/bin/MAX32660/softfp/libPeriphDriver_softfp.a(i2c_reva.o)
                0x00002028                MXC_I2C_RevA_Init
 .text.MXC_I2C_RevA_SetFrequency
                0x000020e0       0xc0 C:/MaximSDK/Libraries/PeriphDrivers/bin/MAX32660/softfp/libPeriphDriver_softfp.a(i2c_reva.o)
                0x000020e0                MXC_I2C_RevA_SetFrequency
 .text.MXC_I2C_RevA_GetFrequency
                0x000021a0       0x20 C:/MaximSDK/Libraries/PeriphDrivers/bin/MAX32660/softfp/libPeriphDriver_softfp.a(i2c_reva.o)
                0x000021a0                MXC_I2C_RevA_GetFrequency
 .text.MXC_I2C_RevA_Start
                0x000021c0       0x28 C:/MaximSDK/Libraries/PeriphDrivers/bin/MAX32660/softfp/libPeriphDriver_softfp.a(i2c_reva.o)
                0x000021c0                MXC_I2C_RevA_Start
 .text.MXC_I2C_RevA_Stop
                0x000021e8       0x1e C:/MaximSDK/Libraries/PeriphDrivers/bin/MAX32660/softfp/libPeriphDriver_softfp.a(i2c_reva.o)
                0x000021e8                MXC_I2C_RevA_Stop
 .text.MXC_I2C_RevA_ReadRXFIFO
                0x00002206       0x30 C:/MaximSDK/Libraries/PeriphDrivers/bin/MAX32660/softfp/libPeriphDriver_softfp.a(i2c_reva.o)
                0x00002206                MXC_I2C_RevA_ReadRXFIFO
 .text.MXC_I2C_RevA_WriteTXFIFO
                0x00002236       0x30 C:/MaximSDK/Libraries/PeriphDrivers/bin/MAX32660/softfp/libPeriphDriver_softfp.a(i2c_reva.o)
                0x00002236                MXC_I2C_RevA_WriteTXFIFO
 .text.MXC_I2C_RevA_ClearRXFIFO
                0x00002266       0x12 C:/MaximSDK/Libraries/PeriphDrivers/bin/MAX32660/softfp/libPeriphDriver_softfp.a(i2c_reva.o)
                0x00002266                MXC_I2C_RevA_ClearRXFIFO
 .text.MXC_I2C_RevA_ClearTXFIFO
                0x00002278       0x12 C:/MaximSDK/Libraries/PeriphDrivers/bin/MAX32660/softfp/libPeriphDriver_softfp.a(i2c_reva.o)
                0x00002278                MXC_I2C_RevA_ClearTXFIFO
 .text.MXC_I2C_RevA_ClearFlags
                0x0000228a        0x6 C:/MaximSDK/Libraries/PeriphDrivers/bin/MAX32660/softfp/libPeriphDriver_softfp.a(i2c_reva.o)
                0x0000228a                MXC_I2C_RevA_ClearFlags
 .text.MXC_I2C_RevA_Recover
                0x00002290       0xd8 C:/MaximSDK/Libraries/PeriphDrivers/bin/MAX32660/softfp/libPeriphDriver_softfp.a(i2c_reva.o)
                0x00002290                MXC_I2C_RevA_Recover
 .text.MXC_I2C_RevA_MasterTransaction
                0x00002368      0x190 C:/MaximSDK/Libraries/PeriphDrivers/bin/MAX32660/softfp/libPeriphDriver_softfp.a(i2c_reva.o)
                0x00002368                MXC_I2C_RevA_MasterTransaction
 .text.MXC_I2C_RevA_SetRXThreshold
                0x000024f8       0x1e C:/MaximSDK/Libraries/PeriphDrivers/bin/MAX32660/softfp/libPeriphDriver_softfp.a(i2c_reva.o)
                0x000024f8                MXC_I2C_RevA_SetRXThreshold
 .text.MXC_I2C_RevA_SetTXThreshold
                0x00002516       0x20 C:/MaximSDK/Libraries/PeriphDrivers/bin/MAX32660/softfp/libPeriphDriver_softfp.a(i2c_reva.o)
                0x00002516                MXC_I2C_RevA_SetTXThreshold
 *fill*         0x00002536        0x2 
 .text.MXC_UART_Shutdown
                0x00002538       0x3c C:/MaximSDK/Libraries/PeriphDrivers/bin/MAX32660/softfp/libPeriphDriver_softfp.a(uart_me11.o)
                0x00002538                MXC_UART_Shutdown
 .text.MXC_UART_Init
                0x00002574       0x78 C:/MaximSDK/Libraries/PeriphDrivers/bin/MAX32660/softfp/libPeriphDriver_softfp.a(uart_me11.o)
                0x00002574                MXC_UART_Init
 .text.MXC_UART_SetFrequency
                0x000025ec        0x8 C:/MaximSDK/Libraries/PeriphDrivers/bin/MAX32660/softfp/libPeriphDriver_softfp.a(uart_me11.o)
                0x000025ec                MXC_UART_SetFrequency
 .text.MXC_UART_GetFrequency
                0x000025f4        0x8 C:/MaximSDK/Libraries/PeriphDrivers/bin/MAX32660/softfp/libPeriphDriver_softfp.a(uart_me11.o)
                0x000025f4                MXC_UART_GetFrequency
 .text.MXC_UART_SetDataSize
                0x000025fc        0x8 C:/MaximSDK/Libraries/PeriphDrivers/bin/MAX32660/softfp/libPeriphDriver_softfp.a(uart_me11.o)
                0x000025fc                MXC_UART_SetDataSize
 .text.MXC_UART_SetStopBits
                0x00002604        0x8 C:/MaximSDK/Libraries/PeriphDrivers/bin/MAX32660/softfp/libPeriphDriver_softfp.a(uart_me11.o)
                0x00002604                MXC_UART_SetStopBits
 .text.MXC_UART_SetParity
                0x0000260c        0x8 C:/MaximSDK/Libraries/PeriphDrivers/bin/MAX32660/softfp/libPeriphDriver_softfp.a(uart_me11.o)
                0x0000260c                MXC_UART_SetParity
 .text.MXC_UART_ReadCharacterRaw
                0x00002614        0x8 C:/MaximSDK/Libraries/PeriphDrivers/bin/MAX32660/softfp/libPeriphDriver_softfp.a(uart_me11.o)
                0x00002614                MXC_UART_ReadCharacterRaw
 .text.MXC_UART_WriteCharacterRaw
                0x0000261c        0x8 C:/MaximSDK/Libraries/PeriphDrivers/bin/MAX32660/softfp/libPeriphDriver_softfp.a(uart_me11.o)
                0x0000261c                MXC_UART_WriteCharacterRaw
 .text.MXC_UART_ReadCharacter
                0x00002624        0x8 C:/MaximSDK/Libraries/PeriphDrivers/bin/MAX32660/softfp/libPeriphDriver_softfp.a(uart_me11.o)
                0x00002624                MXC_UART_ReadCharacter
 .text.MXC_UART_WriteCharacter
                0x0000262c        0x8 C:/MaximSDK/Libraries/PeriphDrivers/bin/MAX32660/softfp/libPeriphDriver_softfp.a(uart_me11.o)
                0x0000262c                MXC_UART_WriteCharacter
 .text.MXC_UART_ReadRXFIFO
                0x00002634        0x8 C:/MaximSDK/Libraries/PeriphDrivers/bin/MAX32660/softfp/libPeriphDriver_softfp.a(uart_me11.o)
                0x00002634                MXC_UART_ReadRXFIFO
 .text.MXC_UART_GetRXFIFOAvailable
                0x0000263c        0x8 C:/MaximSDK/Libraries/PeriphDrivers/bin/MAX32660/softfp/libPeriphDriver_softfp.a(uart_me11.o)
                0x0000263c                MXC_UART_GetRXFIFOAvailable
 .text.MXC_UART_WriteTXFIFO
                0x00002644        0x8 C:/MaximSDK/Libraries/PeriphDrivers/bin/MAX32660/softfp/libPeriphDriver_softfp.a(uart_me11.o)
                0x00002644                MXC_UART_WriteTXFIFO
 .text.MXC_UART_GetTXFIFOAvailable
                0x0000264c        0x8 C:/MaximSDK/Libraries/PeriphDrivers/bin/MAX32660/softfp/libPeriphDriver_softfp.a(uart_me11.o)
                0x0000264c                MXC_UART_GetTXFIFOAvailable
 .text.MXC_UART_ClearRXFIFO
                0x00002654        0x8 C:/MaximSDK/Libraries/PeriphDrivers/bin/MAX32660/softfp/libPeriphDriver_softfp.a(uart_me11.o)
                0x00002654                MXC_UART_ClearRXFIFO
 .text.MXC_UART_SetRXThreshold
                0x0000265c        0x8 C:/MaximSDK/Libraries/PeriphDrivers/bin/MAX32660/softfp/libPeriphDriver_softfp.a(uart_me11.o)
                0x0000265c                MXC_UART_SetRXThreshold
 .text.MXC_UART_SetTXThreshold
                0x00002664        0x8 C:/MaximSDK/Libraries/PeriphDrivers/bin/MAX32660/softfp/libPeriphDriver_softfp.a(uart_me11.o)
                0x00002664                MXC_UART_SetTXThreshold
 .text.MXC_UART_ClearFlags
                0x0000266c        0x8 C:/MaximSDK/Libraries/PeriphDrivers/bin/MAX32660/softfp/libPeriphDriver_softfp.a(uart_me11.o)
                0x0000266c                MXC_UART_ClearFlags
 .text.MXC_UART_EnableInt
                0x00002674        0x8 C:/MaximSDK/Libraries/PeriphDrivers/bin/MAX32660/softfp/libPeriphDriver_softfp.a(uart_me11.o)
                0x00002674                MXC_UART_EnableInt
 .text.MXC_UART_DisableInt
                0x0000267c        0x8 C:/MaximSDK/Libraries/PeriphDrivers/bin/MAX32660/softfp/libPeriphDriver_softfp.a(uart_me11.o)
                0x0000267c                MXC_UART_DisableInt
 .text.MXC_UART_TransactionAsync
                0x00002684        0x8 C:/MaximSDK/Libraries/PeriphDrivers/bin/MAX32660/softfp/libPeriphDriver_softfp.a(uart_me11.o)
                0x00002684                MXC_UART_TransactionAsync
 .text.MXC_UART_RevA_Init
                0x0000268c       0x5e C:/MaximSDK/Libraries/PeriphDrivers/bin/MAX32660/softfp/libPeriphDriver_softfp.a(uart_reva.o)
                0x0000268c                MXC_UART_RevA_Init
 *fill*         0x000026ea        0x2 
 .text.MXC_UART_RevA_SetFrequency
                0x000026ec      0x11c C:/MaximSDK/Libraries/PeriphDrivers/bin/MAX32660/softfp/libPeriphDriver_softfp.a(uart_reva.o)
                0x000026ec                MXC_UART_RevA_SetFrequency
 .text.MXC_UART_RevA_GetFrequency
                0x00002808       0xb4 C:/MaximSDK/Libraries/PeriphDrivers/bin/MAX32660/softfp/libPeriphDriver_softfp.a(uart_reva.o)
                0x00002808                MXC_UART_RevA_GetFrequency
 .text.MXC_UART_RevA_SetDataSize
                0x000028bc       0x38 C:/MaximSDK/Libraries/PeriphDrivers/bin/MAX32660/softfp/libPeriphDriver_softfp.a(uart_reva.o)
                0x000028bc                MXC_UART_RevA_SetDataSize
 .text.MXC_UART_RevA_SetStopBits
                0x000028f4       0x3c C:/MaximSDK/Libraries/PeriphDrivers/bin/MAX32660/softfp/libPeriphDriver_softfp.a(uart_reva.o)
                0x000028f4                MXC_UART_RevA_SetStopBits
 .text.MXC_UART_RevA_SetParity
                0x00002930      0x134 C:/MaximSDK/Libraries/PeriphDrivers/bin/MAX32660/softfp/libPeriphDriver_softfp.a(uart_reva.o)
                0x00002930                MXC_UART_RevA_SetParity
 .text.MXC_UART_RevA_ReadCharacterRaw
                0x00002a64       0x2c C:/MaximSDK/Libraries/PeriphDrivers/bin/MAX32660/softfp/libPeriphDriver_softfp.a(uart_reva.o)
                0x00002a64                MXC_UART_RevA_ReadCharacterRaw
 .text.MXC_UART_RevA_WriteCharacterRaw
                0x00002a90       0x2c C:/MaximSDK/Libraries/PeriphDrivers/bin/MAX32660/softfp/libPeriphDriver_softfp.a(uart_reva.o)
                0x00002a90                MXC_UART_RevA_WriteCharacterRaw
 .text.MXC_UART_RevA_ReadRXFIFO
                0x00002abc       0x24 C:/MaximSDK/Libraries/PeriphDrivers/bin/MAX32660/softfp/libPeriphDriver_softfp.a(uart_reva.o)
                0x00002abc                MXC_UART_RevA_ReadRXFIFO
 .text.MXC_UART_RevA_GetRXFIFOAvailable
                0x00002ae0        0x8 C:/MaximSDK/Libraries/PeriphDrivers/bin/MAX32660/softfp/libPeriphDriver_softfp.a(uart_reva.o)
                0x00002ae0                MXC_UART_RevA_GetRXFIFOAvailable
 .text.MXC_UART_RevA_WriteTXFIFO
                0x00002ae8       0x24 C:/MaximSDK/Libraries/PeriphDrivers/bin/MAX32660/softfp/libPeriphDriver_softfp.a(uart_reva.o)
                0x00002ae8                MXC_UART_RevA_WriteTXFIFO
 .text.MXC_UART_RevA_GetTXFIFOAvailable
                0x00002b0c        0xc C:/MaximSDK/Libraries/PeriphDrivers/bin/MAX32660/softfp/libPeriphDriver_softfp.a(uart_reva.o)
                0x00002b0c                MXC_UART_RevA_GetTXFIFOAvailable
 .text.MXC_UART_RevA_ClearRXFIFO
                0x00002b18       0x2c C:/MaximSDK/Libraries/PeriphDrivers/bin/MAX32660/softfp/libPeriphDriver_softfp.a(uart_reva.o)
                0x00002b18                MXC_UART_RevA_ClearRXFIFO
 .text.MXC_UART_RevA_SetRXThreshold
                0x00002b44       0x38 C:/MaximSDK/Libraries/PeriphDrivers/bin/MAX32660/softfp/libPeriphDriver_softfp.a(uart_reva.o)
                0x00002b44                MXC_UART_RevA_SetRXThreshold
 .text.MXC_UART_RevA_SetTXThreshold
                0x00002b7c       0x38 C:/MaximSDK/Libraries/PeriphDrivers/bin/MAX32660/softfp/libPeriphDriver_softfp.a(uart_reva.o)
                0x00002b7c                MXC_UART_RevA_SetTXThreshold
 .text.MXC_UART_RevA_ClearFlags
                0x00002bb4       0x20 C:/MaximSDK/Libraries/PeriphDrivers/bin/MAX32660/softfp/libPeriphDriver_softfp.a(uart_reva.o)
                0x00002bb4                MXC_UART_RevA_ClearFlags
 .text.MXC_UART_RevA_EnableInt
                0x00002bd4       0x24 C:/MaximSDK/Libraries/PeriphDrivers/bin/MAX32660/softfp/libPeriphDriver_softfp.a(uart_reva.o)
                0x00002bd4                MXC_UART_RevA_EnableInt
 .text.MXC_UART_RevA_DisableInt
                0x00002bf8       0x24 C:/MaximSDK/Libraries/PeriphDrivers/bin/MAX32660/softfp/libPeriphDriver_softfp.a(uart_reva.o)
                0x00002bf8                MXC_UART_RevA_DisableInt
 .text.MXC_UART_RevA_TransactionAsync
                0x00002c1c      0x108 C:/MaximSDK/Libraries/PeriphDrivers/bin/MAX32660/softfp/libPeriphDriver_softfp.a(uart_reva.o)
                0x00002c1c                MXC_UART_RevA_TransactionAsync
 .text.MXC_GPIO_Common_RegisterCallback
                0x00002d24       0x68 C:/MaximSDK/Libraries/PeriphDrivers/bin/MAX32660/softfp/libPeriphDriver_softfp.a(gpio_common.o)
                0x00002d24                MXC_GPIO_Common_RegisterCallback
 .text.MXC_GPIO_Common_Handler
                0x00002d8c       0x74 C:/MaximSDK/Libraries/PeriphDrivers/bin/MAX32660/softfp/libPeriphDriver_softfp.a(gpio_common.o)
                0x00002d8c                MXC_GPIO_Common_Handler
 .text.MXC_UART_Common_ReadCharacter
                0x00002e00       0x16 C:/MaximSDK/Libraries/PeriphDrivers/bin/MAX32660/softfp/libPeriphDriver_softfp.a(uart_common.o)
                0x00002e00                MXC_UART_Common_ReadCharacter
 .text.MXC_UART_Common_WriteCharacter
                0x00002e16       0x1a C:/MaximSDK/Libraries/PeriphDrivers/bin/MAX32660/softfp/libPeriphDriver_softfp.a(uart_common.o)
                0x00002e16                MXC_UART_Common_WriteCharacter
 .text.__errno  0x00002e30        0xc c:/maximsdk/tools/gnutools/10.3/bin/../lib/gcc/arm-none-eabi/10.3.1/../../../../arm-none-eabi/lib/thumb/v7e-m+fp/softfp\libc.a(lib_a-errno.o)
                0x00002e30                __errno
 .text.__libc_init_array
                0x00002e3c       0x48 c:/maximsdk/tools/gnutools/10.3/bin/../lib/gcc/arm-none-eabi/10.3.1/../../../../arm-none-eabi/lib/thumb/v7e-m+fp/softfp\libc.a(lib_a-init.o)
                0x00002e3c                __libc_init_array
 .text          0x00002e84      0x134 c:/maximsdk/tools/gnutools/10.3/bin/../lib/gcc/arm-none-eabi/10.3.1/../../../../arm-none-eabi/lib/thumb/v7e-m+fp/softfp\libc.a(lib_a-memcpy.o)
                0x00002e84                memcpy
 .text.memset   0x00002fb8       0xa4 c:/maximsdk/tools/gnutools/10.3/bin/../lib/gcc/arm-none-eabi/10.3.1/../../../../arm-none-eabi/lib/thumb/v7e-m+fp/softfp\libc.a(lib_a-memset.o)
                0x00002fb8                memset
 .text.printf   0x0000305c       0x28 c:/maximsdk/tools/gnutools/10.3/bin/../lib/gcc/arm-none-eabi/10.3.1/../../../../arm-none-eabi/lib/thumb/v7e-m+fp/softfp\libc.a(lib_a-printf.o)
                0x0000305c                printf
 .text._puts_r  0x00003084       0x9c c:/maximsdk/tools/gnutools/10.3/bin/../lib/gcc/arm-none-eabi/10.3.1/../../../../arm-none-eabi/lib/thumb/v7e-m+fp/softfp\libc.a(lib_a-puts.o)
                0x00003084                _puts_r
 .text.puts     0x00003120       0x10 c:/maximsdk/tools/gnutools/10.3/bin/../lib/gcc/arm-none-eabi/10.3.1/../../../../arm-none-eabi/lib/thumb/v7e-m+fp/softfp\libc.a(lib_a-puts.o)
                0x00003120                puts
 *fill*         0x00003130       0x10 
 .text          0x00003140      0x2dc c:/maximsdk/tools/gnutools/10.3/bin/../lib/gcc/arm-none-eabi/10.3.1/../../../../arm-none-eabi/lib/thumb/v7e-m+fp/softfp\libc.a(lib_a-strcmp.o)
                0x00003148                strcmp
 *fill*         0x0000341c       0x24 
 .text          0x00003440       0xdc c:/maximsdk/tools/gnutools/10.3/bin/../lib/gcc/arm-none-eabi/10.3.1/../../../../arm-none-eabi/lib/thumb/v7e-m+fp/softfp\libc.a(lib_a-strlen.o)
                0x00003440                strlen
 *fill*         0x0000351c        0x4 
 .text._vfprintf_r
                0x00003520     0x1b8c c:/maximsdk/tools/gnutools/10.3/bin/../lib/gcc/arm-none-eabi/10.3.1/../../../../arm-none-eabi/lib/thumb/v7e-m+fp/softfp\libc.a(lib_a-vfprintf.o)
                0x00003520                _vfprintf_r
 .text.__sbprintf
                0x000050ac       0x80 c:/maximsdk/tools/gnutools/10.3/bin/../lib/gcc/arm-none-eabi/10.3.1/../../../../arm-none-eabi/lib/thumb/v7e-m+fp/softfp\libc.a(lib_a-vfprintf.o)
 .text.__swsetup_r
                0x0000512c       0xd4 c:/maximsdk/tools/gnutools/10.3/bin/../lib/gcc/arm-none-eabi/10.3.1/../../../../arm-none-eabi/lib/thumb/v7e-m+fp/softfp\libc.a(lib_a-wsetup.o)
                0x0000512c                __swsetup_r
 .text.startup.register_fini
                0x00005200       0x14 c:/maximsdk/tools/gnutools/10.3/bin/../lib/gcc/arm-none-eabi/10.3.1/../../../../arm-none-eabi/lib/thumb/v7e-m+fp/softfp\libc.a(lib_a-__call_atexit.o)
 .text.atexit   0x00005214        0xc c:/maximsdk/tools/gnutools/10.3/bin/../lib/gcc/arm-none-eabi/10.3.1/../../../../arm-none-eabi/lib/thumb/v7e-m+fp/softfp\libc.a(lib_a-atexit.o)
                0x00005214                atexit
 .text.quorem   0x00005220      0x128 c:/maximsdk/tools/gnutools/10.3/bin/../lib/gcc/arm-none-eabi/10.3.1/../../../../arm-none-eabi/lib/thumb/v7e-m+fp/softfp\libc.a(lib_a-dtoa.o)
 .text._dtoa_r  0x00005348      0xf34 c:/maximsdk/tools/gnutools/10.3/bin/../lib/gcc/arm-none-eabi/10.3.1/../../../../arm-none-eabi/lib/thumb/v7e-m+fp/softfp\libc.a(lib_a-dtoa.o)
                0x00005348                _dtoa_r
 .text.__sflush_r
                0x0000627c      0x130 c:/maximsdk/tools/gnutools/10.3/bin/../lib/gcc/arm-none-eabi/10.3.1/../../../../arm-none-eabi/lib/thumb/v7e-m+fp/softfp\libc.a(lib_a-fflush.o)
                0x0000627c                __sflush_r
 .text._fflush_r
                0x000063ac       0x5c c:/maximsdk/tools/gnutools/10.3/bin/../lib/gcc/arm-none-eabi/10.3.1/../../../../arm-none-eabi/lib/thumb/v7e-m+fp/softfp\libc.a(lib_a-fflush.o)
                0x000063ac                _fflush_r
 .text._cleanup_r
                0x00006408        0xc c:/maximsdk/tools/gnutools/10.3/bin/../lib/gcc/arm-none-eabi/10.3.1/../../../../arm-none-eabi/lib/thumb/v7e-m+fp/softfp\libc.a(lib_a-findfp.o)
                0x00006408                _cleanup_r
 .text.__sinit  0x00006414      0x10c c:/maximsdk/tools/gnutools/10.3/bin/../lib/gcc/arm-none-eabi/10.3.1/../../../../arm-none-eabi/lib/thumb/v7e-m+fp/softfp\libc.a(lib_a-findfp.o)
                0x00006414                __sinit
 .text.__sfp_lock_acquire
                0x00006520        0xc c:/maximsdk/tools/gnutools/10.3/bin/../lib/gcc/arm-none-eabi/10.3.1/../../../../arm-none-eabi/lib/thumb/v7e-m+fp/softfp\libc.a(lib_a-findfp.o)
                0x00006520                __sfp_lock_acquire
 .text.__sfp_lock_release
                0x0000652c        0xc c:/maximsdk/tools/gnutools/10.3/bin/../lib/gcc/arm-none-eabi/10.3.1/../../../../arm-none-eabi/lib/thumb/v7e-m+fp/softfp\libc.a(lib_a-findfp.o)
                0x0000652c                __sfp_lock_release
 .text.__libc_fini_array
                0x00006538       0x2c c:/maximsdk/tools/gnutools/10.3/bin/../lib/gcc/arm-none-eabi/10.3.1/../../../../arm-none-eabi/lib/thumb/v7e-m+fp/softfp\libc.a(lib_a-fini.o)
                0x00006538                __libc_fini_array
 .text._malloc_trim_r
                0x00006564       0xa0 c:/maximsdk/tools/gnutools/10.3/bin/../lib/gcc/arm-none-eabi/10.3.1/../../../../arm-none-eabi/lib/thumb/v7e-m+fp/softfp\libc.a(lib_a-freer.o)
                0x00006564                _malloc_trim_r
 .text._free_r  0x00006604      0x20c c:/maximsdk/tools/gnutools/10.3/bin/../lib/gcc/arm-none-eabi/10.3.1/../../../../arm-none-eabi/lib/thumb/v7e-m+fp/softfp\libc.a(lib_a-freer.o)
                0x00006604                _free_r
 .text.__sfvwrite_r
                0x00006810      0x2f0 c:/maximsdk/tools/gnutools/10.3/bin/../lib/gcc/arm-none-eabi/10.3.1/../../../../arm-none-eabi/lib/thumb/v7e-m+fp/softfp\libc.a(lib_a-fvwrite.o)
                0x00006810                __sfvwrite_r
 .text._fwalk_reent
                0x00006b00       0x48 c:/maximsdk/tools/gnutools/10.3/bin/../lib/gcc/arm-none-eabi/10.3.1/../../../../arm-none-eabi/lib/thumb/v7e-m+fp/softfp\libc.a(lib_a-fwalk.o)
                0x00006b00                _fwalk_reent
 .text._localeconv_r
                0x00006b48        0x8 c:/maximsdk/tools/gnutools/10.3/bin/../lib/gcc/arm-none-eabi/10.3.1/../../../../arm-none-eabi/lib/thumb/v7e-m+fp/softfp\libc.a(lib_a-localeconv.o)
                0x00006b48                _localeconv_r
 .text.__retarget_lock_init_recursive
                0x00006b50        0x4 c:/maximsdk/tools/gnutools/10.3/bin/../lib/gcc/arm-none-eabi/10.3.1/../../../../arm-none-eabi/lib/thumb/v7e-m+fp/softfp\libc.a(lib_a-lock.o)
                0x00006b50                __retarget_lock_init_recursive
 .text.__retarget_lock_close_recursive
                0x00006b54        0x4 c:/maximsdk/tools/gnutools/10.3/bin/../lib/gcc/arm-none-eabi/10.3.1/../../../../arm-none-eabi/lib/thumb/v7e-m+fp/softfp\libc.a(lib_a-lock.o)
                0x00006b54                __retarget_lock_close_recursive
 .text.__retarget_lock_acquire_recursive
                0x00006b58        0x4 c:/maximsdk/tools/gnutools/10.3/bin/../lib/gcc/arm-none-eabi/10.3.1/../../../../arm-none-eabi/lib/thumb/v7e-m+fp/softfp\libc.a(lib_a-lock.o)
                0x00006b58                __retarget_lock_acquire_recursive
 .text.__retarget_lock_release_recursive
                0x00006b5c        0x4 c:/maximsdk/tools/gnutools/10.3/bin/../lib/gcc/arm-none-eabi/10.3.1/../../../../arm-none-eabi/lib/thumb/v7e-m+fp/softfp\libc.a(lib_a-lock.o)
                0x00006b5c                __retarget_lock_release_recursive
 .text.__smakebuf_r
                0x00006b60       0xe0 c:/maximsdk/tools/gnutools/10.3/bin/../lib/gcc/arm-none-eabi/10.3.1/../../../../arm-none-eabi/lib/thumb/v7e-m+fp/softfp\libc.a(lib_a-makebuf.o)
                0x00006b60                __smakebuf_r
 .text._malloc_r
                0x00006c40      0x560 c:/maximsdk/tools/gnutools/10.3/bin/../lib/gcc/arm-none-eabi/10.3.1/../../../../arm-none-eabi/lib/thumb/v7e-m+fp/softfp\libc.a(lib_a-mallocr.o)
                0x00006c40                _malloc_r
 .text          0x000071a0       0xa0 c:/maximsdk/tools/gnutools/10.3/bin/../lib/gcc/arm-none-eabi/10.3.1/../../../../arm-none-eabi/lib/thumb/v7e-m+fp/softfp\libc.a(lib_a-memchr.o)
                0x000071a0                memchr
 .text.memmove  0x00007240       0xf8 c:/maximsdk/tools/gnutools/10.3/bin/../lib/gcc/arm-none-eabi/10.3.1/../../../../arm-none-eabi/lib/thumb/v7e-m+fp/softfp\libc.a(lib_a-memmove.o)
                0x00007240                memmove
 .text.__malloc_lock
                0x00007338        0xc c:/maximsdk/tools/gnutools/10.3/bin/../lib/gcc/arm-none-eabi/10.3.1/../../../../arm-none-eabi/lib/thumb/v7e-m+fp/softfp\libc.a(lib_a-mlock.o)
                0x00007338                __malloc_lock
 .text.__malloc_unlock
                0x00007344        0xc c:/maximsdk/tools/gnutools/10.3/bin/../lib/gcc/arm-none-eabi/10.3.1/../../../../arm-none-eabi/lib/thumb/v7e-m+fp/softfp\libc.a(lib_a-mlock.o)
                0x00007344                __malloc_unlock
 .text._Balloc  0x00007350       0x4c c:/maximsdk/tools/gnutools/10.3/bin/../lib/gcc/arm-none-eabi/10.3.1/../../../../arm-none-eabi/lib/thumb/v7e-m+fp/softfp\libc.a(lib_a-mprec.o)
                0x00007350                _Balloc
 .text._Bfree   0x0000739c       0x14 c:/maximsdk/tools/gnutools/10.3/bin/../lib/gcc/arm-none-eabi/10.3.1/../../../../arm-none-eabi/lib/thumb/v7e-m+fp/softfp\libc.a(lib_a-mprec.o)
                0x0000739c                _Bfree
 .text.__multadd
                0x000073b0       0xa8 c:/maximsdk/tools/gnutools/10.3/bin/../lib/gcc/arm-none-eabi/10.3.1/../../../../arm-none-eabi/lib/thumb/v7e-m+fp/softfp\libc.a(lib_a-mprec.o)
                0x000073b0                __multadd
 .text.__hi0bits
                0x00007458       0x40 c:/maximsdk/tools/gnutools/10.3/bin/../lib/gcc/arm-none-eabi/10.3.1/../../../../arm-none-eabi/lib/thumb/v7e-m+fp/softfp\libc.a(lib_a-mprec.o)
                0x00007458                __hi0bits
 .text.__lo0bits
                0x00007498       0x60 c:/maximsdk/tools/gnutools/10.3/bin/../lib/gcc/arm-none-eabi/10.3.1/../../../../arm-none-eabi/lib/thumb/v7e-m+fp/softfp\libc.a(lib_a-mprec.o)
                0x00007498                __lo0bits
 .text.__i2b    0x000074f8       0x5c c:/maximsdk/tools/gnutools/10.3/bin/../lib/gcc/arm-none-eabi/10.3.1/../../../../arm-none-eabi/lib/thumb/v7e-m+fp/softfp\libc.a(lib_a-mprec.o)
                0x000074f8                __i2b
 .text.__multiply
                0x00007554      0x15c c:/maximsdk/tools/gnutools/10.3/bin/../lib/gcc/arm-none-eabi/10.3.1/../../../../arm-none-eabi/lib/thumb/v7e-m+fp/softfp\libc.a(lib_a-mprec.o)
                0x00007554                __multiply
 .text.__pow5mult
                0x000076b0       0xc0 c:/maximsdk/tools/gnutools/10.3/bin/../lib/gcc/arm-none-eabi/10.3.1/../../../../arm-none-eabi/lib/thumb/v7e-m+fp/softfp\libc.a(lib_a-mprec.o)
                0x000076b0                __pow5mult
 .text.__lshift
                0x00007770       0xf0 c:/maximsdk/tools/gnutools/10.3/bin/../lib/gcc/arm-none-eabi/10.3.1/../../../../arm-none-eabi/lib/thumb/v7e-m+fp/softfp\libc.a(lib_a-mprec.o)
                0x00007770                __lshift
 .text.__mcmp   0x00007860       0x44 c:/maximsdk/tools/gnutools/10.3/bin/../lib/gcc/arm-none-eabi/10.3.1/../../../../arm-none-eabi/lib/thumb/v7e-m+fp/softfp\libc.a(lib_a-mprec.o)
                0x00007860                __mcmp
 .text.__mdiff  0x000078a4      0x14c c:/maximsdk/tools/gnutools/10.3/bin/../lib/gcc/arm-none-eabi/10.3.1/../../../../arm-none-eabi/lib/thumb/v7e-m+fp/softfp\libc.a(lib_a-mprec.o)
                0x000078a4                __mdiff
 .text.__d2b    0x000079f0       0xc4 c:/maximsdk/tools/gnutools/10.3/bin/../lib/gcc/arm-none-eabi/10.3.1/../../../../arm-none-eabi/lib/thumb/v7e-m+fp/softfp\libc.a(lib_a-mprec.o)
                0x000079f0                __d2b
 .text._realloc_r
                0x00007ab4      0x3d8 c:/maximsdk/tools/gnutools/10.3/bin/../lib/gcc/arm-none-eabi/10.3.1/../../../../arm-none-eabi/lib/thumb/v7e-m+fp/softfp\libc.a(lib_a-reallocr.o)
                0x00007ab4                _realloc_r
 .text.frexp    0x00007e8c       0x70 c:/maximsdk/tools/gnutools/10.3/bin/../lib/gcc/arm-none-eabi/10.3.1/../../../../arm-none-eabi/lib/thumb/v7e-m+fp/softfp\libc.a(lib_a-s_frexp.o)
                0x00007e8c                frexp
 .text._sbrk_r  0x00007efc       0x24 c:/maximsdk/tools/gnutools/10.3/bin/../lib/gcc/arm-none-eabi/10.3.1/../../../../arm-none-eabi/lib/thumb/v7e-m+fp/softfp\libc.a(lib_a-sbrkr.o)
                0x00007efc                _sbrk_r
 .text.__sread  0x00007f20       0x24 c:/maximsdk/tools/gnutools/10.3/bin/../lib/gcc/arm-none-eabi/10.3.1/../../../../arm-none-eabi/lib/thumb/v7e-m+fp/softfp\libc.a(lib_a-stdio.o)
                0x00007f20                __sread
 .text.__swrite
                0x00007f44       0x40 c:/maximsdk/tools/gnutools/10.3/bin/../lib/gcc/arm-none-eabi/10.3.1/../../../../arm-none-eabi/lib/thumb/v7e-m+fp/softfp\libc.a(lib_a-stdio.o)
                0x00007f44                __swrite
 .text.__sseek  0x00007f84       0x20 c:/maximsdk/tools/gnutools/10.3/bin/../lib/gcc/arm-none-eabi/10.3.1/../../../../arm-none-eabi/lib/thumb/v7e-m+fp/softfp\libc.a(lib_a-stdio.o)
                0x00007f84                __sseek
 .text.__sclose
                0x00007fa4        0x8 c:/maximsdk/tools/gnutools/10.3/bin/../lib/gcc/arm-none-eabi/10.3.1/../../../../arm-none-eabi/lib/thumb/v7e-m+fp/softfp\libc.a(lib_a-stdio.o)
                0x00007fa4                __sclose
 .text.strncpy  0x00007fac       0x64 c:/maximsdk/tools/gnutools/10.3/bin/../lib/gcc/arm-none-eabi/10.3.1/../../../../arm-none-eabi/lib/thumb/v7e-m+fp/softfp\libc.a(lib_a-strncpy.o)
                0x00007fac                strncpy
 .text.__sprint_r.part.0
                0x00008010       0x78 c:/maximsdk/tools/gnutools/10.3/bin/../lib/gcc/arm-none-eabi/10.3.1/../../../../arm-none-eabi/lib/thumb/v7e-m+fp/softfp\libc.a(lib_a-vfiprintf.o)
 .text.__sprint_r
                0x00008088       0x18 c:/maximsdk/tools/gnutools/10.3/bin/../lib/gcc/arm-none-eabi/10.3.1/../../../../arm-none-eabi/lib/thumb/v7e-m+fp/softfp\libc.a(lib_a-vfiprintf.o)
                0x00008088                __sprint_r
 .text._vfiprintf_r
                0x000080a0      0xdfc c:/maximsdk/tools/gnutools/10.3/bin/../lib/gcc/arm-none-eabi/10.3.1/../../../../arm-none-eabi/lib/thumb/v7e-m+fp/softfp\libc.a(lib_a-vfiprintf.o)
                0x000080a0                _vfiprintf_r
 .text.__sbprintf
                0x00008e9c       0x80 c:/maximsdk/tools/gnutools/10.3/bin/../lib/gcc/arm-none-eabi/10.3.1/../../../../arm-none-eabi/lib/thumb/v7e-m+fp/softfp\libc.a(lib_a-vfiprintf.o)
 .text._write_r
                0x00008f1c       0x2c c:/maximsdk/tools/gnutools/10.3/bin/../lib/gcc/arm-none-eabi/10.3.1/../../../../arm-none-eabi/lib/thumb/v7e-m+fp/softfp\libc.a(lib_a-writer.o)
                0x00008f1c                _write_r
 .text.__register_exitproc
                0x00008f48       0x8c c:/maximsdk/tools/gnutools/10.3/bin/../lib/gcc/arm-none-eabi/10.3.1/../../../../arm-none-eabi/lib/thumb/v7e-m+fp/softfp\libc.a(lib_a-__atexit.o)
                0x00008f48                __register_exitproc
 .text.__assert_func
                0x00008fd4       0x40 c:/maximsdk/tools/gnutools/10.3/bin/../lib/gcc/arm-none-eabi/10.3.1/../../../../arm-none-eabi/lib/thumb/v7e-m+fp/softfp\libc.a(lib_a-assert.o)
                0x00008fd4                __assert_func
 .text._calloc_r
                0x00009014       0x78 c:/maximsdk/tools/gnutools/10.3/bin/../lib/gcc/arm-none-eabi/10.3.1/../../../../arm-none-eabi/lib/thumb/v7e-m+fp/softfp\libc.a(lib_a-callocr.o)
                0x00009014                _calloc_r
 .text._close_r
                0x0000908c       0x24 c:/maximsdk/tools/gnutools/10.3/bin/../lib/gcc/arm-none-eabi/10.3.1/../../../../arm-none-eabi/lib/thumb/v7e-m+fp/softfp\libc.a(lib_a-closer.o)
                0x0000908c                _close_r
 .text._fclose_r
                0x000090b0       0xcc c:/maximsdk/tools/gnutools/10.3/bin/../lib/gcc/arm-none-eabi/10.3.1/../../../../arm-none-eabi/lib/thumb/v7e-m+fp/softfp\libc.a(lib_a-fclose.o)
                0x000090b0                _fclose_r
 .text.fiprintf
                0x0000917c       0x28 c:/maximsdk/tools/gnutools/10.3/bin/../lib/gcc/arm-none-eabi/10.3.1/../../../../arm-none-eabi/lib/thumb/v7e-m+fp/softfp\libc.a(lib_a-fiprintf.o)
                0x0000917c                fiprintf
 .text.__fputwc
                0x000091a4       0xa8 c:/maximsdk/tools/gnutools/10.3/bin/../lib/gcc/arm-none-eabi/10.3.1/../../../../arm-none-eabi/lib/thumb/v7e-m+fp/softfp\libc.a(lib_a-fputwc.o)
                0x000091a4                __fputwc
 .text._fputwc_r
                0x0000924c       0x68 c:/maximsdk/tools/gnutools/10.3/bin/../lib/gcc/arm-none-eabi/10.3.1/../../../../arm-none-eabi/lib/thumb/v7e-m+fp/softfp\libc.a(lib_a-fputwc.o)
                0x0000924c                _fputwc_r
 .text._fstat_r
                0x000092b4       0x2c c:/maximsdk/tools/gnutools/10.3/bin/../lib/gcc/arm-none-eabi/10.3.1/../../../../arm-none-eabi/lib/thumb/v7e-m+fp/softfp\libc.a(lib_a-fstatr.o)
                0x000092b4                _fstat_r
 .text._isatty_r
                0x000092e0       0x24 c:/maximsdk/tools/gnutools/10.3/bin/../lib/gcc/arm-none-eabi/10.3.1/../../../../arm-none-eabi/lib/thumb/v7e-m+fp/softfp\libc.a(lib_a-isattyr.o)
                0x000092e0                _isatty_r
 .text.__locale_mb_cur_max
                0x00009304        0xc c:/maximsdk/tools/gnutools/10.3/bin/../lib/gcc/arm-none-eabi/10.3.1/../../../../arm-none-eabi/lib/thumb/v7e-m+fp/softfp\libc.a(lib_a-locale.o)
                0x00009304                __locale_mb_cur_max
 .text._lseek_r
                0x00009310       0x2c c:/maximsdk/tools/gnutools/10.3/bin/../lib/gcc/arm-none-eabi/10.3.1/../../../../arm-none-eabi/lib/thumb/v7e-m+fp/softfp\libc.a(lib_a-lseekr.o)
                0x00009310                _lseek_r
 .text.__ascii_mbtowc
                0x0000933c       0x2c c:/maximsdk/tools/gnutools/10.3/bin/../lib/gcc/arm-none-eabi/10.3.1/../../../../arm-none-eabi/lib/thumb/v7e-m+fp/softfp\libc.a(lib_a-mbtowc_r.o)
                0x0000933c                __ascii_mbtowc
 .text._read_r  0x00009368       0x2c c:/maximsdk/tools/gnutools/10.3/bin/../lib/gcc/arm-none-eabi/10.3.1/../../../../arm-none-eabi/lib/thumb/v7e-m+fp/softfp\libc.a(lib_a-readr.o)
                0x00009368                _read_r
 .text.__swbuf_r
                0x00009394       0xb0 c:/maximsdk/tools/gnutools/10.3/bin/../lib/gcc/arm-none-eabi/10.3.1/../../../../arm-none-eabi/lib/thumb/v7e-m+fp/softfp\libc.a(lib_a-wbuf.o)
                0x00009394                __swbuf_r
 .text._wcrtomb_r
                0x00009444       0x3c c:/maximsdk/tools/gnutools/10.3/bin/../lib/gcc/arm-none-eabi/10.3.1/../../../../arm-none-eabi/lib/thumb/v7e-m+fp/softfp\libc.a(lib_a-wcrtomb.o)
                0x00009444                _wcrtomb_r
 .text.__ascii_wctomb
                0x00009480       0x1c c:/maximsdk/tools/gnutools/10.3/bin/../lib/gcc/arm-none-eabi/10.3.1/../../../../arm-none-eabi/lib/thumb/v7e-m+fp/softfp\libc.a(lib_a-wctomb_r.o)
                0x00009480                __ascii_wctomb
 .text.abort    0x0000949c       0x10 c:/maximsdk/tools/gnutools/10.3/bin/../lib/gcc/arm-none-eabi/10.3.1/../../../../arm-none-eabi/lib/thumb/v7e-m+fp/softfp\libc.a(lib_a-abort.o)
                0x0000949c                abort
 .text.raise    0x000094ac       0x5c c:/maximsdk/tools/gnutools/10.3/bin/../lib/gcc/arm-none-eabi/10.3.1/../../../../arm-none-eabi/lib/thumb/v7e-m+fp/softfp\libc.a(lib_a-signal.o)
                0x000094ac                raise
 .text._kill_r  0x00009508       0x2c c:/maximsdk/tools/gnutools/10.3/bin/../lib/gcc/arm-none-eabi/10.3.1/../../../../arm-none-eabi/lib/thumb/v7e-m+fp/softfp\libc.a(lib_a-signalr.o)
                0x00009508                _kill_r
 .text._getpid_r
                0x00009534        0x4 c:/maximsdk/tools/gnutools/10.3/bin/../lib/gcc/arm-none-eabi/10.3.1/../../../../arm-none-eabi/lib/thumb/v7e-m+fp/softfp\libc.a(lib_a-signalr.o)
                0x00009534                _getpid_r
 .text._getpid  0x00009538       0x10 c:/maximsdk/tools/gnutools/10.3/bin/../lib/gcc/arm-none-eabi/10.3.1/../../../../arm-none-eabi/lib/thumb/v7e-m+fp/softfp\libnosys.a(getpid.o)
                0x00009538                _getpid
 .text._kill    0x00009548       0x10 c:/maximsdk/tools/gnutools/10.3/bin/../lib/gcc/arm-none-eabi/10.3.1/../../../../arm-none-eabi/lib/thumb/v7e-m+fp/softfp\libnosys.a(kill.o)
                0x00009548                _kill
 .text._exit    0x00009558        0x4 c:/maximsdk/tools/gnutools/10.3/bin/../lib/gcc/arm-none-eabi/10.3.1/../../../../arm-none-eabi/lib/thumb/v7e-m+fp/softfp\libnosys.a(_exit.o)
                0x00009558                _exit
 .text          0x0000955c      0x378 c:/maximsdk/tools/gnutools/10.3/bin/../lib/gcc/arm-none-eabi/10.3.1/thumb/v7e-m+fp/softfp\libgcc.a(_arm_addsubdf3.o)
                0x0000955c                __aeabi_drsub
                0x00009564                __aeabi_dsub
                0x00009564                __subdf3
                0x00009568                __aeabi_dadd
                0x00009568                __adddf3
                0x000097e0                __floatunsidf
                0x000097e0                __aeabi_ui2d
                0x00009800                __floatsidf
                0x00009800                __aeabi_i2d
                0x00009824                __aeabi_f2d
                0x00009824                __extendsfdf2
                0x00009868                __floatundidf
                0x00009868                __aeabi_ul2d
                0x00009878                __floatdidf
                0x00009878                __aeabi_l2d
 .text          0x000098d4      0x424 c:/maximsdk/tools/gnutools/10.3/bin/../lib/gcc/arm-none-eabi/10.3.1/thumb/v7e-m+fp/softfp\libgcc.a(_arm_muldivdf3.o)
                0x000098d4                __aeabi_dmul
                0x000098d4                __muldf3
                0x00009b28                __divdf3
                0x00009b28                __aeabi_ddiv
 .text          0x00009cf8      0x110 c:/maximsdk/tools/gnutools/10.3/bin/../lib/gcc/arm-none-eabi/10.3.1/thumb/v7e-m+fp/softfp\libgcc.a(_arm_cmpdf2.o)
                0x00009cf8                __gtdf2
                0x00009cf8                __gedf2
                0x00009d00                __ltdf2
                0x00009d00                __ledf2
                0x00009d08                __nedf2
                0x00009d08                __eqdf2
                0x00009d08                __cmpdf2
                0x00009d84                __aeabi_cdrcmple
                0x00009d94                __aeabi_cdcmpeq
                0x00009d94                __aeabi_cdcmple
                0x00009da4                __aeabi_dcmpeq
                0x00009db8                __aeabi_dcmplt
                0x00009dcc                __aeabi_dcmple
                0x00009de0                __aeabi_dcmpge
                0x00009df4                __aeabi_dcmpgt
 .text          0x00009e08       0x2c c:/maximsdk/tools/gnutools/10.3/bin/../lib/gcc/arm-none-eabi/10.3.1/thumb/v7e-m+fp/softfp\libgcc.a(_arm_unorddf2.o)
                0x00009e08                __unorddf2
                0x00009e08                __aeabi_dcmpun
 .text          0x00009e34       0x50 c:/maximsdk/tools/gnutools/10.3/bin/../lib/gcc/arm-none-eabi/10.3.1/thumb/v7e-m+fp/softfp\libgcc.a(_arm_fixdfsi.o)
                0x00009e34                __aeabi_d2iz
                0x00009e34                __fixdfsi
 .text          0x00009e84       0x30 c:/maximsdk/tools/gnutools/10.3/bin/../lib/gcc/arm-none-eabi/10.3.1/thumb/v7e-m+fp/softfp\libgcc.a(_aeabi_uldivmod.o)
                0x00009e84                __aeabi_uldivmod
 .text          0x00009eb4      0x2d0 c:/maximsdk/tools/gnutools/10.3/bin/../lib/gcc/arm-none-eabi/10.3.1/thumb/v7e-m+fp/softfp\libgcc.a(_udivmoddi4.o)
                0x00009eb4                __udivmoddi4
 .text          0x0000a184        0x4 c:/maximsdk/tools/gnutools/10.3/bin/../lib/gcc/arm-none-eabi/10.3.1/thumb/v7e-m+fp/softfp\libgcc.a(_dvmd_tls.o)
                0x0000a184                __aeabi_idiv0
                0x0000a184                __aeabi_ldiv0
 *(.rodata*)
 .rodata.gpio_isr.str1.4
                0x0000a188       0x28 C:/Users/ahammad.n/Desktop/Maxim_Micro_Workspace/MAX77958_MAX32660_Python_GUI_New/build/main.o
 .rodata.VBUS_ADC_Voltage_print.str1.4
                0x0000a1b0      0x2e9 C:/Users/ahammad.n/Desktop/Maxim_Micro_Workspace/MAX77958_MAX32660_Python_GUI_New/build/main.o
 *fill*         0x0000a499        0x3 
 .rodata.Port_current_print.str1.4
                0x0000a49c       0x30 C:/Users/ahammad.n/Desktop/Maxim_Micro_Workspace/MAX77958_MAX32660_Python_GUI_New/build/main.o
 .rodata.PD_Message_Print.str1.4
                0x0000a4cc      0x493 C:/Users/ahammad.n/Desktop/Maxim_Micro_Workspace/MAX77958_MAX32660_Python_GUI_New/build/main.o
                                0x4ff (size before relaxing)
 *fill*         0x0000a95f        0x1 
 .rodata.Port_Detection_Status_Voltage_current_Read.str1.4
                0x0000a960      0x124 C:/Users/ahammad.n/Desktop/Maxim_Micro_Workspace/MAX77958_MAX32660_Python_GUI_New/build/main.o
                                0x130 (size before relaxing)
 .rodata.UART1_Handler.str1.4
                0x0000aa84       0x3e C:/Users/ahammad.n/Desktop/Maxim_Micro_Workspace/MAX77958_MAX32660_Python_GUI_New/build/main.o
                                 0x42 (size before relaxing)
 *fill*         0x0000aac2        0x2 
 .rodata.main.str1.4
                0x0000aac4       0x71 C:/Users/ahammad.n/Desktop/Maxim_Micro_Workspace/MAX77958_MAX32660_Python_GUI_New/build/main.o
 *fill*         0x0000ab35        0x3 
 .rodata.mxc_assert.str1.4
                0x0000ab38       0x19 C:/Users/ahammad.n/Desktop/Maxim_Micro_Workspace/MAX77958_MAX32660_Python_GUI_New/build/board.o
 *fill*         0x0000ab51        0x3 
 .rodata.Board_Init.str1.4
                0x0000ab54       0x45 C:/Users/ahammad.n/Desktop/Maxim_Micro_Workspace/MAX77958_MAX32660_Python_GUI_New/build/board.o
 *fill*         0x0000ab99        0x3 
 .rodata.led_pin
                0x0000ab9c        0xc C:/Users/ahammad.n/Desktop/Maxim_Micro_Workspace/MAX77958_MAX32660_Python_GUI_New/build/board.o
                0x0000ab9c                led_pin
 .rodata.num_leds
                0x0000aba8        0x4 C:/Users/ahammad.n/Desktop/Maxim_Micro_Workspace/MAX77958_MAX32660_Python_GUI_New/build/board.o
                0x0000aba8                num_leds
 .rodata.num_pbs
                0x0000abac        0x4 C:/Users/ahammad.n/Desktop/Maxim_Micro_Workspace/MAX77958_MAX32660_Python_GUI_New/build/board.o
                0x0000abac                num_pbs
 .rodata.pb_pin
                0x0000abb0        0xc C:/Users/ahammad.n/Desktop/Maxim_Micro_Workspace/MAX77958_MAX32660_Python_GUI_New/build/board.o
                0x0000abb0                pb_pin
 .rodata.LED_On.str1.4
                0x0000abbc       0x4f C:/Users/ahammad.n/Desktop/Maxim_Micro_Workspace/MAX77958_MAX32660_Python_GUI_New/build/led.o
 *fill*         0x0000ac0b        0x1 
 .rodata.gpio_cfg_i2c0
                0x0000ac0c        0xc C:/MaximSDK/Libraries/PeriphDrivers/bin/MAX32660/softfp/libPeriphDriver_softfp.a(pins_me11.o)
                0x0000ac0c                gpio_cfg_i2c0
 .rodata.gpio_cfg_i2c1
                0x0000ac18        0xc C:/MaximSDK/Libraries/PeriphDrivers/bin/MAX32660/softfp/libPeriphDriver_softfp.a(pins_me11.o)
                0x0000ac18                gpio_cfg_i2c1
 .rodata.gpio_cfg_uart0
                0x0000ac24        0xc C:/MaximSDK/Libraries/PeriphDrivers/bin/MAX32660/softfp/libPeriphDriver_softfp.a(pins_me11.o)
                0x0000ac24                gpio_cfg_uart0
 .rodata.gpio_cfg_uart1a
                0x0000ac30        0xc C:/MaximSDK/Libraries/PeriphDrivers/bin/MAX32660/softfp/libPeriphDriver_softfp.a(pins_me11.o)
                0x0000ac30                gpio_cfg_uart1a
 .rodata.gpio_cfg_uart1b
                0x0000ac3c        0xc C:/MaximSDK/Libraries/PeriphDrivers/bin/MAX32660/softfp/libPeriphDriver_softfp.a(pins_me11.o)
                0x0000ac3c                gpio_cfg_uart1b
 .rodata.gpio_cfg_uart1c
                0x0000ac48        0xc C:/MaximSDK/Libraries/PeriphDrivers/bin/MAX32660/softfp/libPeriphDriver_softfp.a(pins_me11.o)
                0x0000ac48                gpio_cfg_uart1c
 .rodata.MXC_GPIO_Common_Handler.str1.4
                0x0000ac54       0x66 C:/MaximSDK/Libraries/PeriphDrivers/bin/MAX32660/softfp/libPeriphDriver_softfp.a(gpio_common.o)
 *fill*         0x0000acba        0x2 
 .rodata._global_impure_ptr
                0x0000acbc        0x4 c:/maximsdk/tools/gnutools/10.3/bin/../lib/gcc/arm-none-eabi/10.3.1/../../../../arm-none-eabi/lib/thumb/v7e-m+fp/softfp\libc.a(lib_a-impure.o)
                0x0000acbc                _global_impure_ptr
 .rodata._puts_r.str1.4
                0x0000acc0       0x66 c:/maximsdk/tools/gnutools/10.3/bin/../lib/gcc/arm-none-eabi/10.3.1/../../../../arm-none-eabi/lib/thumb/v7e-m+fp/softfp\libc.a(lib_a-puts.o)
                                  0x2 (size before relaxing)
 .rodata._vfprintf_r.str1.4
                0x0000acc0       0x42 c:/maximsdk/tools/gnutools/10.3/bin/../lib/gcc/arm-none-eabi/10.3.1/../../../../arm-none-eabi/lib/thumb/v7e-m+fp/softfp\libc.a(lib_a-vfprintf.o)
 *fill*         0x0000ad02        0x2 
 .rodata.blanks.1
                0x0000ad04       0x10 c:/maximsdk/tools/gnutools/10.3/bin/../lib/gcc/arm-none-eabi/10.3.1/../../../../arm-none-eabi/lib/thumb/v7e-m+fp/softfp\libc.a(lib_a-vfprintf.o)
 .rodata.zeroes.0
                0x0000ad14       0x10 c:/maximsdk/tools/gnutools/10.3/bin/../lib/gcc/arm-none-eabi/10.3.1/../../../../arm-none-eabi/lib/thumb/v7e-m+fp/softfp\libc.a(lib_a-vfprintf.o)
 .rodata._dtoa_r.str1.4
                0x0000ad24       0xa2 c:/maximsdk/tools/gnutools/10.3/bin/../lib/gcc/arm-none-eabi/10.3.1/../../../../arm-none-eabi/lib/thumb/v7e-m+fp/softfp\libc.a(lib_a-dtoa.o)
                                 0xa6 (size before relaxing)
 *fill*         0x0000adc6        0x2 
 .rodata.__multadd.str1.4
                0x0000adc8       0x7f c:/maximsdk/tools/gnutools/10.3/bin/../lib/gcc/arm-none-eabi/10.3.1/../../../../arm-none-eabi/lib/thumb/v7e-m+fp/softfp\libc.a(lib_a-mprec.o)
                                 0x93 (size before relaxing)
 *fill*         0x0000ae47        0x1 
 .rodata.__mprec_bigtens
                0x0000ae48       0x28 c:/maximsdk/tools/gnutools/10.3/bin/../lib/gcc/arm-none-eabi/10.3.1/../../../../arm-none-eabi/lib/thumb/v7e-m+fp/softfp\libc.a(lib_a-mprec.o)
                0x0000ae48                __mprec_bigtens
 .rodata.__mprec_tens
                0x0000ae70       0xc8 c:/maximsdk/tools/gnutools/10.3/bin/../lib/gcc/arm-none-eabi/10.3.1/../../../../arm-none-eabi/lib/thumb/v7e-m+fp/softfp\libc.a(lib_a-mprec.o)
                0x0000ae70                __mprec_tens
 .rodata.p05.0  0x0000af38        0xc c:/maximsdk/tools/gnutools/10.3/bin/../lib/gcc/arm-none-eabi/10.3.1/../../../../arm-none-eabi/lib/thumb/v7e-m+fp/softfp\libc.a(lib_a-mprec.o)
 .rodata._vfiprintf_r.str1.4
                0x0000af44       0x2f c:/maximsdk/tools/gnutools/10.3/bin/../lib/gcc/arm-none-eabi/10.3.1/../../../../arm-none-eabi/lib/thumb/v7e-m+fp/softfp\libc.a(lib_a-vfiprintf.o)
 .rodata.blanks.1
                0x0000af44       0x10 c:/maximsdk/tools/gnutools/10.3/bin/../lib/gcc/arm-none-eabi/10.3.1/../../../../arm-none-eabi/lib/thumb/v7e-m+fp/softfp\libc.a(lib_a-vfiprintf.o)
 .rodata.zeroes.0
                0x0000af54       0x10 c:/maximsdk/tools/gnutools/10.3/bin/../lib/gcc/arm-none-eabi/10.3.1/../../../../arm-none-eabi/lib/thumb/v7e-m+fp/softfp\libc.a(lib_a-vfiprintf.o)
 .rodata.__assert_func.str1.4
                0x0000af64       0x3f c:/maximsdk/tools/gnutools/10.3/bin/../lib/gcc/arm-none-eabi/10.3.1/../../../../arm-none-eabi/lib/thumb/v7e-m+fp/softfp\libc.a(lib_a-assert.o)
                                 0x43 (size before relaxing)
 *fill*         0x0000afa3        0x1 
 .rodata._setlocale_r.str1.4
                0x0000afa4        0x6 c:/maximsdk/tools/gnutools/10.3/bin/../lib/gcc/arm-none-eabi/10.3.1/../../../../arm-none-eabi/lib/thumb/v7e-m+fp/softfp\libc.a(lib_a-locale.o)
                                  0xd (size before relaxing)
 *fill*         0x0000afaa        0x2 
 .rodata.str1.4
                0x0000afac        0x2 c:/maximsdk/tools/gnutools/10.3/bin/../lib/gcc/arm-none-eabi/10.3.1/../../../../arm-none-eabi/lib/thumb/v7e-m+fp/softfp\libc.a(lib_a-locale.o)
 *fill*         0x0000afae        0x2 
 .rodata._ctype_
                0x0000afb0      0x101 c:/maximsdk/tools/gnutools/10.3/bin/../lib/gcc/arm-none-eabi/10.3.1/../../../../arm-none-eabi/lib/thumb/v7e-m+fp/softfp\libc.a(lib_a-ctype_.o)
                0x0000afb0                _ctype_
 *(.flashprog*)
 *(.init)
 *fill*         0x0000b0b1        0x3 
 .init          0x0000b0b4        0x4 c:/maximsdk/tools/gnutools/10.3/bin/../lib/gcc/arm-none-eabi/10.3.1/thumb/v7e-m+fp/softfp/crti.o
                0x0000b0b4                _init
 .init          0x0000b0b8        0x8 c:/maximsdk/tools/gnutools/10.3/bin/../lib/gcc/arm-none-eabi/10.3.1/thumb/v7e-m+fp/softfp/crtn.o
 *(.fini)
 .fini          0x0000b0c0        0x4 c:/maximsdk/tools/gnutools/10.3/bin/../lib/gcc/arm-none-eabi/10.3.1/thumb/v7e-m+fp/softfp/crti.o
                0x0000b0c0                _fini
 .fini          0x0000b0c4        0x8 c:/maximsdk/tools/gnutools/10.3/bin/../lib/gcc/arm-none-eabi/10.3.1/thumb/v7e-m+fp/softfp/crtn.o
 *(.eh_frame*)
 .eh_frame      0x0000b0cc        0x0 c:/maximsdk/tools/gnutools/10.3/bin/../lib/gcc/arm-none-eabi/10.3.1/thumb/v7e-m+fp/softfp/crtbegin.o
 .eh_frame      0x0000b0cc        0x4 c:/maximsdk/tools/gnutools/10.3/bin/../lib/gcc/arm-none-eabi/10.3.1/thumb/v7e-m+fp/softfp/crtend.o
                0x0000b0d0                _etext = .

.glue_7         0x0000b0d0        0x0
 .glue_7        0x0000b0d0        0x0 linker stubs

.glue_7t        0x0000b0d0        0x0
 .glue_7t       0x0000b0d0        0x0 linker stubs

.vfp11_veneer   0x0000b0d0        0x0
 .vfp11_veneer  0x0000b0d0        0x0 linker stubs

.v4_bx          0x0000b0d0        0x0
 .v4_bx         0x0000b0d0        0x0 linker stubs

.iplt           0x0000b0d0        0x0
 .iplt          0x0000b0d0        0x0 c:/maximsdk/tools/gnutools/10.3/bin/../lib/gcc/arm-none-eabi/10.3.1/thumb/v7e-m+fp/softfp/crtbegin.o

.ARM.exidx      0x0000b0d0        0x8
                0x0000b0d0                __exidx_start = .
 *(.ARM.exidx*)
 .ARM.exidx     0x0000b0d0        0x8 c:/maximsdk/tools/gnutools/10.3/bin/../lib/gcc/arm-none-eabi/10.3.1/thumb/v7e-m+fp/softfp\libgcc.a(_udivmoddi4.o)
                0x0000b0d8                __exidx_end = .

.rel.dyn        0x0000b0d8        0x0
 .rel.iplt      0x0000b0d8        0x0 c:/maximsdk/tools/gnutools/10.3/bin/../lib/gcc/arm-none-eabi/10.3.1/thumb/v7e-m+fp/softfp/crtbegin.o

.data           0x20000000      0x9cc load address 0x0000b0d8
                0x20000000                _data = ALIGN (., 0x4)
 *(.data*)
 .data.ConsoleUART
                0x20000000        0x4 C:/Users/ahammad.n/Desktop/Maxim_Micro_Workspace/MAX77958_MAX32660_Python_GUI_New/build/main.o
                0x20000000                ConsoleUART
 .data.Max_byte_len
                0x20000004        0x4 C:/Users/ahammad.n/Desktop/Maxim_Micro_Workspace/MAX77958_MAX32660_Python_GUI_New/build/main.o
                0x20000004                Max_byte_len
 .data.ConsoleUart
                0x20000008        0x4 C:/Users/ahammad.n/Desktop/Maxim_Micro_Workspace/MAX77958_MAX32660_Python_GUI_New/build/board.o
                0x20000008                ConsoleUart
 .data.SystemCoreClock
                0x2000000c        0x4 C:/Users/ahammad.n/Desktop/Maxim_Micro_Workspace/MAX77958_MAX32660_Python_GUI_New/build/system_max32660.o
                0x2000000c                SystemCoreClock
 .data.overflows
                0x20000010        0x4 C:/MaximSDK/Libraries/PeriphDrivers/bin/MAX32660/softfp/libPeriphDriver_softfp.a(mxc_delay.o)
 .data._impure_ptr
                0x20000014        0x4 c:/maximsdk/tools/gnutools/10.3/bin/../lib/gcc/arm-none-eabi/10.3.1/../../../../arm-none-eabi/lib/thumb/v7e-m+fp/softfp\libc.a(lib_a-impure.o)
                0x20000014                _impure_ptr
 .data.impure_data
                0x20000018      0x428 c:/maximsdk/tools/gnutools/10.3/bin/../lib/gcc/arm-none-eabi/10.3.1/../../../../arm-none-eabi/lib/thumb/v7e-m+fp/softfp\libc.a(lib_a-impure.o)
 .data.__atexit_recursive_mutex
                0x20000440        0x4 c:/maximsdk/tools/gnutools/10.3/bin/../lib/gcc/arm-none-eabi/10.3.1/../../../../arm-none-eabi/lib/thumb/v7e-m+fp/softfp\libc.a(lib_a-__call_atexit.o)
                0x20000440                __atexit_recursive_mutex
 .data.__malloc_av_
                0x20000444      0x408 c:/maximsdk/tools/gnutools/10.3/bin/../lib/gcc/arm-none-eabi/10.3.1/../../../../arm-none-eabi/lib/thumb/v7e-m+fp/softfp\libc.a(lib_a-mallocr.o)
                0x20000444                __malloc_av_
 .data.__malloc_sbrk_base
                0x2000084c        0x4 c:/maximsdk/tools/gnutools/10.3/bin/../lib/gcc/arm-none-eabi/10.3.1/../../../../arm-none-eabi/lib/thumb/v7e-m+fp/softfp\libc.a(lib_a-mallocr.o)
                0x2000084c                __malloc_sbrk_base
 .data.__malloc_trim_threshold
                0x20000850        0x4 c:/maximsdk/tools/gnutools/10.3/bin/../lib/gcc/arm-none-eabi/10.3.1/../../../../arm-none-eabi/lib/thumb/v7e-m+fp/softfp\libc.a(lib_a-mallocr.o)
                0x20000850                __malloc_trim_threshold
 .data.__global_locale
                0x20000854      0x16c c:/maximsdk/tools/gnutools/10.3/bin/../lib/gcc/arm-none-eabi/10.3.1/../../../../arm-none-eabi/lib/thumb/v7e-m+fp/softfp\libc.a(lib_a-locale.o)
                0x20000854                __global_locale
 *(.spix_config*)
                0x200009c0                . = ALIGN (0x4)
                0x200009c0                PROVIDE (__preinit_array_start = .)
 *(.preinit_array)
                0x200009c0                PROVIDE (__preinit_array_end = .)
                0x200009c0                . = ALIGN (0x4)
                0x200009c0                PROVIDE (__init_array_start = .)
 *(SORT_BY_NAME(.init_array.*))
 .init_array.00000
                0x200009c0        0x4 c:/maximsdk/tools/gnutools/10.3/bin/../lib/gcc/arm-none-eabi/10.3.1/../../../../arm-none-eabi/lib/thumb/v7e-m+fp/softfp\libc.a(lib_a-__call_atexit.o)
 *(.init_array)
 .init_array    0x200009c4        0x4 c:/maximsdk/tools/gnutools/10.3/bin/../lib/gcc/arm-none-eabi/10.3.1/thumb/v7e-m+fp/softfp/crtbegin.o
                0x200009c8                PROVIDE (__init_array_end = .)
                0x200009c8                . = ALIGN (0x4)
                0x200009c8                PROVIDE (__fini_array_start = .)
 *(SORT_BY_NAME(.fini_array.*))
 *(.fini_array)
 .fini_array    0x200009c8        0x4 c:/maximsdk/tools/gnutools/10.3/bin/../lib/gcc/arm-none-eabi/10.3.1/thumb/v7e-m+fp/softfp/crtbegin.o
                0x200009cc                PROVIDE (__fini_array_end = .)
                0x200009cc                _edata = ALIGN (., 0x4)
                0x0000b0d8                __load_data = LOADADDR (.data)

.igot.plt       0x200009cc        0x0 load address 0x0000baa4
 .igot.plt      0x200009cc        0x0 c:/maximsdk/tools/gnutools/10.3/bin/../lib/gcc/arm-none-eabi/10.3.1/thumb/v7e-m+fp/softfp/crtbegin.o

.bss            0x20000a00      0x614 load address 0x0000baa4
                0x20000a00                . = ALIGN (0x4)
                0x20000a00                _bss = .
 *(.bss*)
 .bss           0x20000a00       0x1c c:/maximsdk/tools/gnutools/10.3/bin/../lib/gcc/arm-none-eabi/10.3.1/thumb/v7e-m+fp/softfp/crtbegin.o
 .bss.CC_Istat  0x20000a1c        0x1 C:/Users/ahammad.n/Desktop/Maxim_Micro_Workspace/MAX77958_MAX32660_Python_GUI_New/build/main.o
                0x20000a1c                CC_Istat
 .bss.Current_value
                0x20000a1d        0x1 C:/Users/ahammad.n/Desktop/Maxim_Micro_Workspace/MAX77958_MAX32660_Python_GUI_New/build/main.o
                0x20000a1d                Current_value
 *fill*         0x20000a1e        0x2 
 .bss.PDO       0x20000a20       0x1c C:/Users/ahammad.n/Desktop/Maxim_Micro_Workspace/MAX77958_MAX32660_Python_GUI_New/build/main.o
                0x20000a20                PDO
 .bss.PDO_quick
                0x20000a3c       0x1c C:/Users/ahammad.n/Desktop/Maxim_Micro_Workspace/MAX77958_MAX32660_Python_GUI_New/build/main.o
                0x20000a3c                PDO_quick
 .bss.PD_Status_value
                0x20000a58        0x1 C:/Users/ahammad.n/Desktop/Maxim_Micro_Workspace/MAX77958_MAX32660_Python_GUI_New/build/main.o
                0x20000a58                PD_Status_value
 *fill*         0x20000a59        0x3 
 .bss.RxData    0x20000a5c       0xff C:/Users/ahammad.n/Desktop/Maxim_Micro_Workspace/MAX77958_MAX32660_Python_GUI_New/build/main.o
                0x20000a5c                RxData
 *fill*         0x20000b5b        0x1 
 .bss.USB_STATUS_1_Read
                0x20000b5c        0x1 C:/Users/ahammad.n/Desktop/Maxim_Micro_Workspace/MAX77958_MAX32660_Python_GUI_New/build/main.o
                0x20000b5c                USB_STATUS_1_Read
 .bss.Voltage_value
                0x20000b5d        0x1 C:/Users/ahammad.n/Desktop/Maxim_Micro_Workspace/MAX77958_MAX32660_Python_GUI_New/build/main.o
                0x20000b5d                Voltage_value
 *fill*         0x20000b5e        0x2 
 .bss.count     0x20000b60        0x4 C:/Users/ahammad.n/Desktop/Maxim_Micro_Workspace/MAX77958_MAX32660_Python_GUI_New/build/main.o
                0x20000b60                count
 .bss.count_quick
                0x20000b64        0x4 C:/Users/ahammad.n/Desktop/Maxim_Micro_Workspace/MAX77958_MAX32660_Python_GUI_New/build/main.o
                0x20000b64                count_quick
 .bss.crRecv    0x20000b68        0x1 C:/Users/ahammad.n/Desktop/Maxim_Micro_Workspace/MAX77958_MAX32660_Python_GUI_New/build/main.o
                0x20000b68                crRecv
 .bss.crRecv_quick
                0x20000b69        0x1 C:/Users/ahammad.n/Desktop/Maxim_Micro_Workspace/MAX77958_MAX32660_Python_GUI_New/build/main.o
                0x20000b69                crRecv_quick
 *fill*         0x20000b6a        0x2 
 .bss.curr_src_cap_combined
                0x20000b6c       0x28 C:/Users/ahammad.n/Desktop/Maxim_Micro_Workspace/MAX77958_MAX32660_Python_GUI_New/build/main.o
                0x20000b6c                curr_src_cap_combined
 .bss.receive_buffer1
                0x20000b94        0x4 C:/Users/ahammad.n/Desktop/Maxim_Micro_Workspace/MAX77958_MAX32660_Python_GUI_New/build/main.o
                0x20000b94                receive_buffer1
 .bss.receive_buffer8
                0x20000b98        0x4 C:/Users/ahammad.n/Desktop/Maxim_Micro_Workspace/MAX77958_MAX32660_Python_GUI_New/build/main.o
                0x20000b98                receive_buffer8
 .bss.reqMaster
                0x20000b9c       0x20 C:/Users/ahammad.n/Desktop/Maxim_Micro_Workspace/MAX77958_MAX32660_Python_GUI_New/build/main.o
                0x20000b9c                reqMaster
 .bss.rxBuf     0x20000bbc       0x64 C:/Users/ahammad.n/Desktop/Maxim_Micro_Workspace/MAX77958_MAX32660_Python_GUI_New/build/main.o
                0x20000bbc                rxBuf
 .bss.snk_PDO_req_combined
                0x20000c20       0x28 C:/Users/ahammad.n/Desktop/Maxim_Micro_Workspace/MAX77958_MAX32660_Python_GUI_New/build/main.o
                0x20000c20                snk_PDO_req_combined
 .bss.src_cap_req_combined
                0x20000c48        0x4 C:/Users/ahammad.n/Desktop/Maxim_Micro_Workspace/MAX77958_MAX32660_Python_GUI_New/build/main.o
                0x20000c48                src_cap_req_combined
 .bss.heap_end  0x20000c4c        0x4 C:/Users/ahammad.n/Desktop/Maxim_Micro_Workspace/MAX77958_MAX32660_Python_GUI_New/build/heap.o
 .bss.cbFunc    0x20000c50        0x4 C:/MaximSDK/Libraries/PeriphDrivers/bin/MAX32660/softfp/libPeriphDriver_softfp.a(mxc_delay.o)
 .bss.ctrl_save
                0x20000c54        0x4 C:/MaximSDK/Libraries/PeriphDrivers/bin/MAX32660/softfp/libPeriphDriver_softfp.a(mxc_delay.o)
 .bss.endtick   0x20000c58        0x4 C:/MaximSDK/Libraries/PeriphDrivers/bin/MAX32660/softfp/libPeriphDriver_softfp.a(mxc_delay.o)
 *fill*         0x20000c5c      0x1a4 
 .bss.ramVectorTable
                0x20000e00      0x11c C:/MaximSDK/Libraries/PeriphDrivers/bin/MAX32660/softfp/libPeriphDriver_softfp.a(nvic_table.o)
 .bss.states    0x20000f1c       0x30 C:/MaximSDK/Libraries/PeriphDrivers/bin/MAX32660/softfp/libPeriphDriver_softfp.a(i2c_reva.o)
 .bss.RxAsyncRequests
                0x20000f4c        0x8 C:/MaximSDK/Libraries/PeriphDrivers/bin/MAX32660/softfp/libPeriphDriver_softfp.a(uart_reva.o)
 .bss.TxAsyncRequests
                0x20000f54        0x8 C:/MaximSDK/Libraries/PeriphDrivers/bin/MAX32660/softfp/libPeriphDriver_softfp.a(uart_reva.o)
 .bss.callback  0x20000f5c       0x38 C:/MaximSDK/Libraries/PeriphDrivers/bin/MAX32660/softfp/libPeriphDriver_softfp.a(gpio_common.o)
 .bss.cbparam   0x20000f94       0x38 C:/MaximSDK/Libraries/PeriphDrivers/bin/MAX32660/softfp/libPeriphDriver_softfp.a(gpio_common.o)
 .bss.__lock___atexit_recursive_mutex
                0x20000fcc        0x1 c:/maximsdk/tools/gnutools/10.3/bin/../lib/gcc/arm-none-eabi/10.3.1/../../../../arm-none-eabi/lib/thumb/v7e-m+fp/softfp\libc.a(lib_a-lock.o)
                0x20000fcc                __lock___atexit_recursive_mutex
 *fill*         0x20000fcd        0x3 
 .bss.__lock___malloc_recursive_mutex
                0x20000fd0        0x1 c:/maximsdk/tools/gnutools/10.3/bin/../lib/gcc/arm-none-eabi/10.3.1/../../../../arm-none-eabi/lib/thumb/v7e-m+fp/softfp\libc.a(lib_a-lock.o)
                0x20000fd0                __lock___malloc_recursive_mutex
 *fill*         0x20000fd1        0x3 
 .bss.__lock___sfp_recursive_mutex
                0x20000fd4        0x1 c:/maximsdk/tools/gnutools/10.3/bin/../lib/gcc/arm-none-eabi/10.3.1/../../../../arm-none-eabi/lib/thumb/v7e-m+fp/softfp\libc.a(lib_a-lock.o)
                0x20000fd4                __lock___sfp_recursive_mutex
 *fill*         0x20000fd5        0x3 
 .bss.__lock___sinit_recursive_mutex
                0x20000fd8        0x1 c:/maximsdk/tools/gnutools/10.3/bin/../lib/gcc/arm-none-eabi/10.3.1/../../../../arm-none-eabi/lib/thumb/v7e-m+fp/softfp\libc.a(lib_a-lock.o)
                0x20000fd8                __lock___sinit_recursive_mutex
 *fill*         0x20000fd9        0x3 
 .bss.__malloc_current_mallinfo
                0x20000fdc       0x28 c:/maximsdk/tools/gnutools/10.3/bin/../lib/gcc/arm-none-eabi/10.3.1/../../../../arm-none-eabi/lib/thumb/v7e-m+fp/softfp\libc.a(lib_a-mallocr.o)
                0x20000fdc                __malloc_current_mallinfo
 .bss.__malloc_max_sbrked_mem
                0x20001004        0x4 c:/maximsdk/tools/gnutools/10.3/bin/../lib/gcc/arm-none-eabi/10.3.1/../../../../arm-none-eabi/lib/thumb/v7e-m+fp/softfp\libc.a(lib_a-mallocr.o)
                0x20001004                __malloc_max_sbrked_mem
 .bss.__malloc_max_total_mem
                0x20001008        0x4 c:/maximsdk/tools/gnutools/10.3/bin/../lib/gcc/arm-none-eabi/10.3.1/../../../../arm-none-eabi/lib/thumb/v7e-m+fp/softfp\libc.a(lib_a-mallocr.o)
                0x20001008                __malloc_max_total_mem
 .bss.__malloc_top_pad
                0x2000100c        0x4 c:/maximsdk/tools/gnutools/10.3/bin/../lib/gcc/arm-none-eabi/10.3.1/../../../../arm-none-eabi/lib/thumb/v7e-m+fp/softfp\libc.a(lib_a-mallocr.o)
                0x2000100c                __malloc_top_pad
 .bss.errno     0x20001010        0x4 c:/maximsdk/tools/gnutools/10.3/bin/../lib/gcc/arm-none-eabi/10.3.1/../../../../arm-none-eabi/lib/thumb/v7e-m+fp/softfp\libc.a(lib_a-reent.o)
                0x20001010                errno
 *(COMMON)
                0x20001014                _ebss = ALIGN (., 0x4)
                0x20018000                __StackTop = (ORIGIN (SRAM) + LENGTH (SRAM))
                0x20017000                __StackLimit = (__StackTop - SIZEOF (.stack_dummy))

.stack_dummy    0x20001018     0x1000 load address 0x0000baa4
 *(.stack*)
 .stack         0x20001018     0x1000 C:/Users/ahammad.n/Desktop/Maxim_Micro_Workspace/MAX77958_MAX32660_Python_GUI_New/build/startup_max32660.o

.heap           0x20001018      0xc00 load address 0x0000baa4
                0x20001018                . = ALIGN (0x4)
 *(.heap*)
 .heap          0x20001018      0xc00 C:/Users/ahammad.n/Desktop/Maxim_Micro_Workspace/MAX77958_MAX32660_Python_GUI_New/build/startup_max32660.o
                0x20001018                __HeapBase
                0x20017000                __HeapLimit = ABSOLUTE (__StackLimit)
                0x20018000                PROVIDE (__stack = __StackTop)
                0x00000001                ASSERT ((__StackLimit >= _ebss), region RAM overflowed with stack)
OUTPUT(C:/Users/ahammad.n/Desktop/Maxim_Micro_Workspace/MAX77958_MAX32660_Python_GUI_New/build/MAX77958_MAX32660_Python_GUI_New.elf elf32-littlearm)
LOAD linker stubs

.ARM.attributes
                0x00000000       0x2e
 .ARM.attributes
                0x00000000       0x1e c:/maximsdk/tools/gnutools/10.3/bin/../lib/gcc/arm-none-eabi/10.3.1/thumb/v7e-m+fp/softfp/crti.o
 .ARM.attributes
                0x0000001e       0x32 c:/maximsdk/tools/gnutools/10.3/bin/../lib/gcc/arm-none-eabi/10.3.1/thumb/v7e-m+fp/softfp/crtbegin.o
 .ARM.attributes
                0x00000050       0x32 C:/Users/ahammad.n/Desktop/Maxim_Micro_Workspace/MAX77958_MAX32660_Python_GUI_New/build/main.o
 .ARM.attributes
                0x00000082       0x32 C:/Users/ahammad.n/Desktop/Maxim_Micro_Workspace/MAX77958_MAX32660_Python_GUI_New/build/board.o
 .ARM.attributes
                0x000000b4       0x32 C:/Users/ahammad.n/Desktop/Maxim_Micro_Workspace/MAX77958_MAX32660_Python_GUI_New/build/stdio.o
 .ARM.attributes
                0x000000e6       0x32 C:/Users/ahammad.n/Desktop/Maxim_Micro_Workspace/MAX77958_MAX32660_Python_GUI_New/build/led.o
 .ARM.attributes
                0x00000118       0x32 C:/Users/ahammad.n/Desktop/Maxim_Micro_Workspace/MAX77958_MAX32660_Python_GUI_New/build/pb.o
 .ARM.attributes
                0x0000014a       0x1b C:/Users/ahammad.n/Desktop/Maxim_Micro_Workspace/MAX77958_MAX32660_Python_GUI_New/build/startup_max32660.o
 .ARM.attributes
                0x00000165       0x32 C:/Users/ahammad.n/Desktop/Maxim_Micro_Workspace/MAX77958_MAX32660_Python_GUI_New/build/heap.o
 .ARM.attributes
                0x00000197       0x32 C:/Users/ahammad.n/Desktop/Maxim_Micro_Workspace/MAX77958_MAX32660_Python_GUI_New/build/system_max32660.o
 .ARM.attributes
                0x000001c9       0x32 C:/MaximSDK/Libraries/PeriphDrivers/bin/MAX32660/softfp/libPeriphDriver_softfp.a(mxc_delay.o)
 .ARM.attributes
                0x000001fb       0x32 C:/MaximSDK/Libraries/PeriphDrivers/bin/MAX32660/softfp/libPeriphDriver_softfp.a(nvic_table.o)
 .ARM.attributes
                0x0000022d       0x32 C:/MaximSDK/Libraries/PeriphDrivers/bin/MAX32660/softfp/libPeriphDriver_softfp.a(sys_me11.o)
 .ARM.attributes
                0x0000025f       0x32 C:/MaximSDK/Libraries/PeriphDrivers/bin/MAX32660/softfp/libPeriphDriver_softfp.a(gpio_me11.o)
 .ARM.attributes
                0x00000291       0x32 C:/MaximSDK/Libraries/PeriphDrivers/bin/MAX32660/softfp/libPeriphDriver_softfp.a(gpio_reva.o)
 .ARM.attributes
                0x000002c3       0x32 C:/MaximSDK/Libraries/PeriphDrivers/bin/MAX32660/softfp/libPeriphDriver_softfp.a(i2c_me11.o)
 .ARM.attributes
                0x000002f5       0x32 C:/MaximSDK/Libraries/PeriphDrivers/bin/MAX32660/softfp/libPeriphDriver_softfp.a(i2c_reva.o)
 .ARM.attributes
                0x00000327       0x32 C:/MaximSDK/Libraries/PeriphDrivers/bin/MAX32660/softfp/libPeriphDriver_softfp.a(uart_me11.o)
 .ARM.attributes
                0x00000359       0x32 C:/MaximSDK/Libraries/PeriphDrivers/bin/MAX32660/softfp/libPeriphDriver_softfp.a(uart_reva.o)
 .ARM.attributes
                0x0000038b       0x32 C:/MaximSDK/Libraries/PeriphDrivers/bin/MAX32660/softfp/libPeriphDriver_softfp.a(pins_me11.o)
 .ARM.attributes
                0x000003bd       0x32 C:/MaximSDK/Libraries/PeriphDrivers/bin/MAX32660/softfp/libPeriphDriver_softfp.a(gpio_common.o)
 .ARM.attributes
                0x000003ef       0x32 C:/MaximSDK/Libraries/PeriphDrivers/bin/MAX32660/softfp/libPeriphDriver_softfp.a(uart_common.o)
 .ARM.attributes
                0x00000421       0x32 c:/maximsdk/tools/gnutools/10.3/bin/../lib/gcc/arm-none-eabi/10.3.1/../../../../arm-none-eabi/lib/thumb/v7e-m+fp/softfp\libc.a(lib_a-errno.o)
 .ARM.attributes
                0x00000453       0x32 c:/maximsdk/tools/gnutools/10.3/bin/../lib/gcc/arm-none-eabi/10.3.1/../../../../arm-none-eabi/lib/thumb/v7e-m+fp/softfp\libc.a(lib_a-impure.o)
 .ARM.attributes
                0x00000485       0x32 c:/maximsdk/tools/gnutools/10.3/bin/../lib/gcc/arm-none-eabi/10.3.1/../../../../arm-none-eabi/lib/thumb/v7e-m+fp/softfp\libc.a(lib_a-init.o)
 .ARM.attributes
                0x000004b7       0x1c c:/maximsdk/tools/gnutools/10.3/bin/../lib/gcc/arm-none-eabi/10.3.1/../../../../arm-none-eabi/lib/thumb/v7e-m+fp/softfp\libc.a(lib_a-memcpy.o)
 .ARM.attributes
                0x000004d3       0x32 c:/maximsdk/tools/gnutools/10.3/bin/../lib/gcc/arm-none-eabi/10.3.1/../../../../arm-none-eabi/lib/thumb/v7e-m+fp/softfp\libc.a(lib_a-memset.o)
 .ARM.attributes
                0x00000505       0x32 c:/maximsdk/tools/gnutools/10.3/bin/../lib/gcc/arm-none-eabi/10.3.1/../../../../arm-none-eabi/lib/thumb/v7e-m+fp/softfp\libc.a(lib_a-printf.o)
 .ARM.attributes
                0x00000537       0x32 c:/maximsdk/tools/gnutools/10.3/bin/../lib/gcc/arm-none-eabi/10.3.1/../../../../arm-none-eabi/lib/thumb/v7e-m+fp/softfp\libc.a(lib_a-puts.o)
 .ARM.attributes
                0x00000569       0x1c c:/maximsdk/tools/gnutools/10.3/bin/../lib/gcc/arm-none-eabi/10.3.1/../../../../arm-none-eabi/lib/thumb/v7e-m+fp/softfp\libc.a(lib_a-strcmp.o)
 .ARM.attributes
                0x00000585       0x1c c:/maximsdk/tools/gnutools/10.3/bin/../lib/gcc/arm-none-eabi/10.3.1/../../../../arm-none-eabi/lib/thumb/v7e-m+fp/softfp\libc.a(lib_a-strlen.o)
 .ARM.attributes
                0x000005a1       0x32 c:/maximsdk/tools/gnutools/10.3/bin/../lib/gcc/arm-none-eabi/10.3.1/../../../../arm-none-eabi/lib/thumb/v7e-m+fp/softfp\libc.a(lib_a-vfprintf.o)
 .ARM.attributes
                0x000005d3       0x32 c:/maximsdk/tools/gnutools/10.3/bin/../lib/gcc/arm-none-eabi/10.3.1/../../../../arm-none-eabi/lib/thumb/v7e-m+fp/softfp\libc.a(lib_a-wsetup.o)
 .ARM.attributes
                0x00000605       0x32 c:/maximsdk/tools/gnutools/10.3/bin/../lib/gcc/arm-none-eabi/10.3.1/../../../../arm-none-eabi/lib/thumb/v7e-m+fp/softfp\libc.a(lib_a-__call_atexit.o)
 .ARM.attributes
                0x00000637       0x32 c:/maximsdk/tools/gnutools/10.3/bin/../lib/gcc/arm-none-eabi/10.3.1/../../../../arm-none-eabi/lib/thumb/v7e-m+fp/softfp\libc.a(lib_a-atexit.o)
 .ARM.attributes
                0x00000669       0x32 c:/maximsdk/tools/gnutools/10.3/bin/../lib/gcc/arm-none-eabi/10.3.1/../../../../arm-none-eabi/lib/thumb/v7e-m+fp/softfp\libc.a(lib_a-dtoa.o)
 .ARM.attributes
                0x0000069b       0x32 c:/maximsdk/tools/gnutools/10.3/bin/../lib/gcc/arm-none-eabi/10.3.1/../../../../arm-none-eabi/lib/thumb/v7e-m+fp/softfp\libc.a(lib_a-fflush.o)
 .ARM.attributes
                0x000006cd       0x32 c:/maximsdk/tools/gnutools/10.3/bin/../lib/gcc/arm-none-eabi/10.3.1/../../../../arm-none-eabi/lib/thumb/v7e-m+fp/softfp\libc.a(lib_a-findfp.o)
 .ARM.attributes