Archive member included to satisfy reference by file (symbol)

C:/MaximSDK/Libraries/PeriphDrivers/bin/MAX32660/softfp/libPeriphDriver_softfp.a(mxc_delay.o)
                              C:/Users/ahammad.n/Desktop/Maxim_Micro_Workspace/Single_Cell_USB_PD_Gui_Driver/build/rom_stub.o (SysTick_Handler)
C:/MaximSDK/Libraries/PeriphDrivers/bin/MAX32660/softfp/libPeriphDriver_softfp.a(nvic_table.o)
                              C:/Users/ahammad.n/Desktop/Maxim_Micro_Workspace/Single_Cell_USB_PD_Gui_Driver/build/main.o (MXC_NVIC_SetVector)
C:/MaximSDK/Libraries/PeriphDrivers/bin/MAX32660/softfp/libPeriphDriver_softfp.a(sys_me11.o)
                              C:/Users/ahammad.n/Desktop/Maxim_Micro_Workspace/Single_Cell_USB_PD_Gui_Driver/build/system_max32660.o (MXC_SYS_ClockDisable)
C:/MaximSDK/Libraries/PeriphDrivers/bin/MAX32660/softfp/libPeriphDriver_softfp.a(flc_me11.o)
                              C:/MaximSDK/Libraries/PeriphDrivers/bin/MAX32660/softfp/libPeriphDriver_softfp.a(sys_me11.o) (MXC_FLC_UnlockInfoBlock)
C:/MaximSDK/Libraries/PeriphDrivers/bin/MAX32660/softfp/libPeriphDriver_softfp.a(flc_reva.o)
                              C:/MaximSDK/Libraries/PeriphDrivers/bin/MAX32660/softfp/libPeriphDriver_softfp.a(flc_me11.o) (MXC_FLC_RevA_Busy)
C:/MaximSDK/Libraries/PeriphDrivers/bin/MAX32660/softfp/libPeriphDriver_softfp.a(gpio_me11.o)
                              C:/Users/ahammad.n/Desktop/Maxim_Micro_Workspace/Single_Cell_USB_PD_Gui_Driver/build/pb.o (MXC_GPIO_InGet)
C:/MaximSDK/Libraries/PeriphDrivers/bin/MAX32660/softfp/libPeriphDriver_softfp.a(gpio_reva.o)
                              C:/MaximSDK/Libraries/PeriphDrivers/bin/MAX32660/softfp/libPeriphDriver_softfp.a(gpio_me11.o) (MXC_GPIO_RevA_InGet)
C:/MaximSDK/Libraries/PeriphDrivers/bin/MAX32660/softfp/libPeriphDriver_softfp.a(i2c_me11.o)
                              C:/Users/ahammad.n/Desktop/Maxim_Micro_Workspace/Single_Cell_USB_PD_Gui_Driver/build/main.o (MXC_I2C_Init)
C:/MaximSDK/Libraries/PeriphDrivers/bin/MAX32660/softfp/libPeriphDriver_softfp.a(i2c_reva.o)
                              C:/MaximSDK/Libraries/PeriphDrivers/bin/MAX32660/softfp/libPeriphDriver_softfp.a(i2c_me11.o) (MXC_I2C_RevA_DMACallback)
C:/MaximSDK/Libraries/PeriphDrivers/bin/MAX32660/softfp/libPeriphDriver_softfp.a(uart_me11.o)
                              C:/Users/ahammad.n/Desktop/Maxim_Micro_Workspace/Single_Cell_USB_PD_Gui_Driver/build/board.o (MXC_UART_Shutdown)
C:/MaximSDK/Libraries/PeriphDrivers/bin/MAX32660/softfp/libPeriphDriver_softfp.a(uart_reva.o)
                              C:/MaximSDK/Libraries/PeriphDrivers/bin/MAX32660/softfp/libPeriphDriver_softfp.a(uart_me11.o) (MXC_UART_RevA_Init)
C:/MaximSDK/Libraries/PeriphDrivers/bin/MAX32660/softfp/libPeriphDriver_softfp.a(pins_me11.o)
                              C:/MaximSDK/Libraries/PeriphDrivers/bin/MAX32660/softfp/libPeriphDriver_softfp.a(uart_me11.o) (gpio_cfg_uart1_flow)
C:/MaximSDK/Libraries/PeriphDrivers/bin/MAX32660/softfp/libPeriphDriver_softfp.a(dma_me11.o)
                              C:/MaximSDK/Libraries/PeriphDrivers/bin/MAX32660/softfp/libPeriphDriver_softfp.a(i2c_reva.o) (MXC_DMA_Init)
C:/MaximSDK/Libraries/PeriphDrivers/bin/MAX32660/softfp/libPeriphDriver_softfp.a(dma_reva.o)
                              C:/MaximSDK/Libraries/PeriphDrivers/bin/MAX32660/softfp/libPeriphDriver_softfp.a(dma_me11.o) (MXC_DMA_RevA_Init)
C:/MaximSDK/Libraries/PeriphDrivers/bin/MAX32660/softfp/libPeriphDriver_softfp.a(flc_common.o)
                              C:/MaximSDK/Libraries/PeriphDrivers/bin/MAX32660/softfp/libPeriphDriver_softfp.a(flc_me11.o) (MXC_FLC_Com_VerifyData)
C:/MaximSDK/Libraries/PeriphDrivers/bin/MAX32660/softfp/libPeriphDriver_softfp.a(gpio_common.o)
                              C:/MaximSDK/Libraries/PeriphDrivers/bin/MAX32660/softfp/libPeriphDriver_softfp.a(gpio_me11.o) (MXC_GPIO_Common_Init)
C:/MaximSDK/Libraries/PeriphDrivers/bin/MAX32660/softfp/libPeriphDriver_softfp.a(uart_common.o)
                              C:/MaximSDK/Libraries/PeriphDrivers/bin/MAX32660/softfp/libPeriphDriver_softfp.a(uart_me11.o) (MXC_UART_Common_ReadCharacter)
C:/MaximSDK/Libraries/PeriphDrivers/bin/MAX32660/softfp/libPeriphDriver_softfp.a(mxc_lock.o)
                              C:/MaximSDK/Libraries/PeriphDrivers/bin/MAX32660/softfp/libPeriphDriver_softfp.a(dma_reva.o) (MXC_GetLock)
c:/maximsdk/tools/gnutools/10.3/bin/../lib/gcc/arm-none-eabi/10.3.1/../../../../arm-none-eabi/lib/thumb/v7e-m+fp/softfp\libc.a(lib_a-errno.o)
                              C:/Users/ahammad.n/Desktop/Maxim_Micro_Workspace/Single_Cell_USB_PD_Gui_Driver/build/stdio.o (__errno)
c:/maximsdk/tools/gnutools/10.3/bin/../lib/gcc/arm-none-eabi/10.3.1/../../../../arm-none-eabi/lib/thumb/v7e-m+fp/softfp\libc.a(lib_a-exit.o)
                              c:/maximsdk/tools/gnutools/10.3/bin/../lib/gcc/arm-none-eabi/10.3.1/../../../../arm-none-eabi/lib/thumb/v7e-m+fp/softfp/crt0.o (exit)
[...]
Memory Configuration

Name             Origin             Length             Attributes
FLASH            0x00000000         0x00040000         xr
SRAM             0x20000000         0x00018000         xrw
*default*        0x00000000         0xffffffff

Linker script and memory map

LOAD c:/maximsdk/tools/gnutools/10.3/bin/../lib/gcc/arm-none-eabi/10.3.1/thumb/v7e-m+fp/softfp/crti.o
LOAD c:/maximsdk/tools/gnutools/10.3/bin/../lib/gcc/arm-none-eabi/10.3.1/thumb/v7e-m+fp/softfp/crtbegin.o
LOAD c:/maximsdk/tools/gnutools/10.3/bin/../lib/gcc/arm-none-eabi/10.3.1/../../../../arm-none-eabi/lib/thumb/v7e-m+fp/softfp/crt0.o
LOAD C:/Users/ahammad.n/Desktop/Maxim_Micro_Workspace/Single_Cell_USB_PD_Gui_Driver/build/main.o
LOAD C:/Users/ahammad.n/Desktop/Maxim_Micro_Workspace/Single_Cell_USB_PD_Gui_Driver/build/board.o
LOAD C:/Users/ahammad.n/Desktop/Maxim_Micro_Workspace/Single_Cell_USB_PD_Gui_Driver/build/stdio.o
LOAD C:/Users/ahammad.n/Desktop/Maxim_Micro_Workspace/Single_Cell_USB_PD_Gui_Driver/build/led.o
LOAD C:/Users/ahammad.n/Desktop/Maxim_Micro_Workspace/Single_Cell_USB_PD_Gui_Driver/build/pb.o
LOAD C:/Users/ahammad.n/Desktop/Maxim_Micro_Workspace/Single_Cell_USB_PD_Gui_Driver/build/rom_stub.o
LOAD C:/Users/ahammad.n/Desktop/Maxim_Micro_Workspace/Single_Cell_USB_PD_Gui_Driver/build/startup_max32660.o
LOAD C:/Users/ahammad.n/Desktop/Maxim_Micro_Workspace/Single_Cell_USB_PD_Gui_Driver/build/heap.o
LOAD C:/Users/ahammad.n/Desktop/Maxim_Micro_Workspace/Single_Cell_USB_PD_Gui_Driver/build/system_max32660.o
START GROUP
LOAD C:/MaximSDK/Libraries/PeriphDrivers/bin/MAX32660/softfp/libPeriphDriver_softfp.a
LOAD c:/maximsdk/tools/gnutools/10.3/bin/../lib/gcc/arm-none-eabi/10.3.1/../../../../arm-none-eabi/lib/thumb/v7e-m+fp/softfp\libc.a
LOAD c:/maximsdk/tools/gnutools/10.3/bin/../lib/gcc/arm-none-eabi/10.3.1/../../../../arm-none-eabi/lib/thumb/v7e-m+fp/softfp\libm.a
LOAD c:/maximsdk/tools/gnutools/10.3/bin/../lib/gcc/arm-none-eabi/10.3.1/../../../../arm-none-eabi/lib/thumb/v7e-m+fp/softfp\libnosys.a
END GROUP
START GROUP
LOAD c:/maximsdk/tools/gnutools/10.3/bin/../lib/gcc/arm-none-eabi/10.3.1/thumb/v7e-m+fp/softfp\libgcc.a
LOAD c:/maximsdk/tools/gnutools/10.3/bin/../lib/gcc/arm-none-eabi/10.3.1/../../../../arm-none-eabi/lib/thumb/v7e-m+fp/softfp\libc.a
END GROUP
LOAD c:/maximsdk/tools/gnutools/10.3/bin/../lib/gcc/arm-none-eabi/10.3.1/thumb/v7e-m+fp/softfp/crtend.o
LOAD c:/maximsdk/tools/gnutools/10.3/bin/../lib/gcc/arm-none-eabi/10.3.1/thumb/v7e-m+fp/softfp/crtn.o

.text           0x00000000     0xb228
                0x00000000                _text = .
 *(.isr_vector)
 .isr_vector    0x00000000      0x11c C:/Users/ahammad.n/Desktop/Maxim_Micro_Workspace/Single_Cell_USB_PD_Gui_Driver/build/startup_max32660.o
                0x00000000                __isr_vector
 *(.text*)
 .text          0x0000011c       0x40 c:/maximsdk/tools/gnutools/10.3/bin/../lib/gcc/arm-none-eabi/10.3.1/thumb/v7e-m+fp/softfp/crtbegin.o
 .text.Register_Read
                0x0000015c       0x30 C:/Users/ahammad.n/Desktop/Maxim_Micro_Workspace/Single_Cell_USB_PD_Gui_Driver/build/main.o
                0x0000015c                Register_Read
 .text.gpio_isr
                0x0000018c       0x40 C:/Users/ahammad.n/Desktop/Maxim_Micro_Workspace/Single_Cell_USB_PD_Gui_Driver/build/main.o
                0x0000018c                gpio_isr
 .text.Register_Write
                0x000001cc       0x30 C:/Users/ahammad.n/Desktop/Maxim_Micro_Workspace/Single_Cell_USB_PD_Gui_Driver/build/main.o
                0x000001cc                Register_Write
 .text.Register_Multi_Read
                0x000001fc       0x28 C:/Users/ahammad.n/Desktop/Maxim_Micro_Workspace/Single_Cell_USB_PD_Gui_Driver/build/main.o
                0x000001fc                Register_Multi_Read
 .text.Multi_Register_4byte_Write
                0x00000224       0x46 C:/Users/ahammad.n/Desktop/Maxim_Micro_Workspace/Single_Cell_USB_PD_Gui_Driver/build/main.o
                0x00000224                Multi_Register_4byte_Write
 *fill*         0x0000026a        0x2 
 .text.Source_Cap_Req
                0x0000026c       0x34 C:/Users/ahammad.n/Desktop/Maxim_Micro_Workspace/Single_Cell_USB_PD_Gui_Driver/build/main.o
                0x0000026c                Source_Cap_Req
 .text.Current_Source_Cap
                0x000002a0      0x10c C:/Users/ahammad.n/Desktop/Maxim_Micro_Workspace/Single_Cell_USB_PD_Gui_Driver/build/main.o
                0x000002a0                Current_Source_Cap
 .text.Set_Sink_PDOs
                0x000003ac       0x78 C:/Users/ahammad.n/Desktop/Maxim_Micro_Workspace/Single_Cell_USB_PD_Gui_Driver/build/main.o
                0x000003ac                Set_Sink_PDOs
 .text.Sink_PDO_Req
                0x00000424       0xc8 C:/Users/ahammad.n/Desktop/Maxim_Micro_Workspace/Single_Cell_USB_PD_Gui_Driver/build/main.o
                0x00000424                Sink_PDO_Req
 .text.Set_Interrupt_Mask
                0x000004ec       0x14 C:/Users/ahammad.n/Desktop/Maxim_Micro_Workspace/Single_Cell_USB_PD_Gui_Driver/build/main.o
                0x000004ec                Set_Interrupt_Mask
 .text.GPIO_Interrupt_Enable
                0x00000500       0x70 C:/Users/ahammad.n/Desktop/Maxim_Micro_Workspace/Single_Cell_USB_PD_Gui_Driver/build/main.o
                0x00000500                GPIO_Interrupt_Enable
 .text.VBUS_ADC_Voltage_print
                0x00000570      0x178 C:/Users/ahammad.n/Desktop/Maxim_Micro_Workspace/Single_Cell_USB_PD_Gui_Driver/build/main.o
                0x00000570                VBUS_ADC_Voltage_print
 .text.Port_current_print
                0x000006e8       0x4c C:/Users/ahammad.n/Desktop/Maxim_Micro_Workspace/Single_Cell_USB_PD_Gui_Driver/build/main.o
                0x000006e8                Port_current_print
 .text.PD_Message_Print
                0x00000734      0x328 C:/Users/ahammad.n/Desktop/Maxim_Micro_Workspace/Single_Cell_USB_PD_Gui_Driver/build/main.o
                0x00000734                PD_Message_Print
 .text.Port_Detection_Status_Voltage_current_Read
                0x00000a5c      0x30c C:/Users/ahammad.n/Desktop/Maxim_Micro_Workspace/Single_Cell_USB_PD_Gui_Driver/build/main.o
                0x00000a5c                Port_Detection_Status_Voltage_current_Read
 .text.Register_Write_Charger
                0x00000d68       0x4c C:/Users/ahammad.n/Desktop/Maxim_Micro_Workspace/Single_Cell_USB_PD_Gui_Driver/build/main.o
                0x00000d68                Register_Write_Charger
 .text.MAX77986_Charger_initial_settings
                0x00000db4       0x3e C:/Users/ahammad.n/Desktop/Maxim_Micro_Workspace/Single_Cell_USB_PD_Gui_Driver/build/main.o
                0x00000db4                MAX77986_Charger_initial_settings
 *fill*         0x00000df2        0x2 
 .text.Enable_PPS_Mode
                0x00000df4       0x6c C:/Users/ahammad.n/Desktop/Maxim_Micro_Workspace/Single_Cell_USB_PD_Gui_Driver/build/main.o
                0x00000df4                Enable_PPS_Mode
 .text.Set_PPS_Voltage_Current
                0x00000e60       0x6c C:/Users/ahammad.n/Desktop/Maxim_Micro_Workspace/Single_Cell_USB_PD_Gui_Driver/build/main.o
                0x00000e60                Set_PPS_Voltage_Current
 .text.Enable_Reverse_OTG
                0x00000ecc       0x32 C:/Users/ahammad.n/Desktop/Maxim_Micro_Workspace/Single_Cell_USB_PD_Gui_Driver/build/main.o
                0x00000ecc                Enable_Reverse_OTG
 *fill*         0x00000efe        0x2 
 .text.UART1_Handler
                0x00000f00      0x4b4 C:/Users/ahammad.n/Desktop/Maxim_Micro_Workspace/Single_Cell_USB_PD_Gui_Driver/build/main.o
                0x00000f00                UART1_Handler
 .text.Mask_and_Read_Interrupts
                0x000013b4       0xac C:/Users/ahammad.n/Desktop/Maxim_Micro_Workspace/Single_Cell_USB_PD_Gui_Driver/build/main.o
                0x000013b4                Mask_and_Read_Interrupts
 .text.main     0x00001460      0x1d4 C:/Users/ahammad.n/Desktop/Maxim_Micro_Workspace/Single_Cell_USB_PD_Gui_Driver/build/main.o
                0x00001460                main
 .text.mxc_assert
                0x00001634       0x10 C:/Users/ahammad.n/Desktop/Maxim_Micro_Workspace/Single_Cell_USB_PD_Gui_Driver/build/board.o
                0x00001634                mxc_assert
 .text.Console_Init
                0x00001644       0x18 C:/Users/ahammad.n/Desktop/Maxim_Micro_Workspace/Single_Cell_USB_PD_Gui_Driver/build/board.o
                0x00001644                Console_Init
 .text.Board_Init
                0x0000165c       0x34 C:/Users/ahammad.n/Desktop/Maxim_Micro_Workspace/Single_Cell_USB_PD_Gui_Driver/build/board.o
                0x0000165c                Board_Init
 .text.NMI_Handler
                0x00001690        0x4 C:/Users/ahammad.n/Desktop/Maxim_Micro_Workspace/Single_Cell_USB_PD_Gui_Driver/build/board.o
                0x00001690                NMI_Handler
 .text._close   0x00001694        0x6 C:/Users/ahammad.n/Desktop/Maxim_Micro_Workspace/Single_Cell_USB_PD_Gui_Driver/build/stdio.o
                0x00001694                _close
 .text._isatty  0x0000169a        0x6 C:/Users/ahammad.n/Desktop/Maxim_Micro_Workspace/Single_Cell_USB_PD_Gui_Driver/build/stdio.o
                0x0000169a                _isatty
 .text._lseek   0x000016a0        0x6 C:/Users/ahammad.n/Desktop/Maxim_Micro_Workspace/Single_Cell_USB_PD_Gui_Driver/build/stdio.o
                0x000016a0                _lseek
 .text._fstat   0x000016a6        0x6 C:/Users/ahammad.n/Desktop/Maxim_Micro_Workspace/Single_Cell_USB_PD_Gui_Driver/build/stdio.o
                0x000016a6                _fstat
 .text._read    0x000016ac       0x50 C:/Users/ahammad.n/Desktop/Maxim_Micro_Workspace/Single_Cell_USB_PD_Gui_Driver/build/stdio.o
                0x000016ac                _read
 .text._write   0x000016fc       0x54 C:/Users/ahammad.n/Desktop/Maxim_Micro_Workspace/Single_Cell_USB_PD_Gui_Driver/build/stdio.o
                0x000016fc                _write
 .text.LED_Off  0x00001750       0x44 C:/Users/ahammad.n/Desktop/Maxim_Micro_Workspace/Single_Cell_USB_PD_Gui_Driver/build/led.o
                0x00001750                LED_Off
 .text.LED_Init
                0x00001794       0x3c C:/Users/ahammad.n/Desktop/Maxim_Micro_Workspace/Single_Cell_USB_PD_Gui_Driver/build/led.o
                0x00001794                LED_Init
 .text.PB_Init  0x000017d0       0x38 C:/Users/ahammad.n/Desktop/Maxim_Micro_Workspace/Single_Cell_USB_PD_Gui_Driver/build/pb.o
                0x000017d0                PB_Init
 .text.GPIO0_IRQHandler
                0x00001808        0xa C:/Users/ahammad.n/Desktop/Maxim_Micro_Workspace/Single_Cell_USB_PD_Gui_Driver/build/pb.o
                0x00001808                GPIO0_IRQHandler
 *fill*         0x00001812        0x2 
 .text          0x00001814       0xe4 C:/Users/ahammad.n/Desktop/Maxim_Micro_Workspace/Single_Cell_USB_PD_Gui_Driver/build/startup_max32660.o
                0x00001814                Reset_Handler
                0x00001852                HardFault_Handler
                0x00001854                MemManage_Handler
                0x00001856                BusFault_Handler
                0x00001858                UsageFault_Handler
                0x0000185a                SVC_Handler
                0x0000185c                DebugMon_Handler
                0x0000185e                PendSV_Handler
                0x00001860                Default_Handler
                0x00001862                PF_IRQHandler
                0x00001864                WDT0_IRQHandler
                0x00001866                RSV00_IRQHandler
                0x00001868                RTC_IRQHandler
                0x0000186a                RSV1_IRQHandler
                0x0000186c                TMR0_IRQHandler
                0x0000186e                TMR1_IRQHandler
                0x00001870                TMR2_IRQHandler
                0x00001872                RSV02_IRQHandler
                0x00001874                RSV03_IRQHandler
                0x00001876                RSV04_IRQHandler
                0x00001878                RSV05_IRQHandler
                0x0000187a                RSV06_IRQHandler
                0x0000187c                I2C0_IRQHandler
                0x0000187e                UART0_IRQHandler
                0x00001880                UART1_IRQHandler
                0x00001882                SPI0_IRQHandler
                0x00001884                SPI1_IRQHandler
                0x00001886                RSV07_IRQHandler
                0x00001888                RSV08_IRQHandler
                0x0000188a                RSV09_IRQHandler
                0x0000188c                RSV10_IRQHandler
                0x0000188e                RSV11_IRQHandler
                0x00001890                FLC_IRQHandler
                0x00001894                RSV12_IRQHandler
                0x00001896                RSV13_IRQHandler
                0x00001898                RSV14_IRQHandler
                0x0000189a                DMA0_IRQHandler
                0x0000189c                DMA1_IRQHandler
                0x0000189e                DMA2_IRQHandler
                0x000018a0                DMA3_IRQHandler
                0x000018a2                RSV15_IRQHandler
                0x000018a4                RSV16_IRQHandler
                0x000018a6                RSV17_IRQHandler
                0x000018a8                RSV18_IRQHandler
                0x000018aa                I2C1_IRQHandler
                0x000018ac                RSV19_IRQHandler
                0x000018ae                RSV20_IRQHandler
                0x000018b0                RSV21_IRQHandler
                0x000018b2                RSV22_IRQHandler
                0x000018b4                RSV23_IRQHandler
                0x000018b6                RSV24_IRQHandler
                0x000018b8                RSV25_IRQHandler
                0x000018ba                RSV26_IRQHandler
                0x000018bc                RSV27_IRQHandler
                0x000018be                RSV28_IRQHandler
                0x000018c0                RSV29_IRQHandler
                0x000018c2                RSV30_IRQHandler
                0x000018c4                RSV31_IRQHandler
                0x000018c6                RSV32_IRQHandler
                0x000018c8                RSV33_IRQHandler
                0x000018ca                RSV34_IRQHandler
                0x000018cc                RSV35_IRQHandler
                0x000018ce                GPIOWAKE_IRQHandler
 .text._sbrk    0x000018f8       0x40 C:/Users/ahammad.n/Desktop/Maxim_Micro_Workspace/Single_Cell_USB_PD_Gui_Driver/build/heap.o
                0x000018f8                _sbrk
 .text.SystemCoreClockUpdate
                0x00001938       0x64 C:/Users/ahammad.n/Desktop/Maxim_Micro_Workspace/Single_Cell_USB_PD_Gui_Driver/build/system_max32660.o
                0x00001938                SystemCoreClockUpdate
 .text.PreInit  0x0000199c        0x4 C:/Users/ahammad.n/Desktop/Maxim_Micro_Workspace/Single_Cell_USB_PD_Gui_Driver/build/system_max32660.o
                0x0000199c                PreInit
 .text.SystemInit
                0x000019a0       0x7c C:/Users/ahammad.n/Desktop/Maxim_Micro_Workspace/Single_Cell_USB_PD_Gui_Driver/build/system_max32660.o
                0x000019a0                SystemInit
 .text.MXC_DelayInit
                0x00001a1c       0x84 C:/MaximSDK/Libraries/PeriphDrivers/bin/MAX32660/softfp/libPeriphDriver_softfp.a(mxc_delay.o)
 .text.MXC_DelayAsync
                0x00001aa0       0x44 C:/MaximSDK/Libraries/PeriphDrivers/bin/MAX32660/softfp/libPeriphDriver_softfp.a(mxc_delay.o)
                0x00001aa0                MXC_DelayAsync
 .text.MXC_DelayAbort
                0x00001ae4       0x34 C:/MaximSDK/Libraries/PeriphDrivers/bin/MAX32660/softfp/libPeriphDriver_softfp.a(mxc_delay.o)
                0x00001ae4                MXC_DelayAbort
 .text.MXC_DelayHandler
                0x00001b18       0x40 C:/MaximSDK/Libraries/PeriphDrivers/bin/MAX32660/softfp/libPeriphDriver_softfp.a(mxc_delay.o)
                0x00001b18                MXC_DelayHandler
 .text.SysTick_Handler
                0x00001b58        0x8 C:/MaximSDK/Libraries/PeriphDrivers/bin/MAX32660/softfp/libPeriphDriver_softfp.a(mxc_delay.o)
                0x00001b58                SysTick_Handler
 .text.MXC_DelayCheck
                0x00001b60       0x64 C:/MaximSDK/Libraries/PeriphDrivers/bin/MAX32660/softfp/libPeriphDriver_softfp.a(mxc_delay.o)
                0x00001b60                MXC_DelayCheck
 .text.MXC_Delay
                0x00001bc4       0x58 C:/MaximSDK/Libraries/PeriphDrivers/bin/MAX32660/softfp/libPeriphDriver_softfp.a(mxc_delay.o)
                0x00001bc4                MXC_Delay
 .text.NVIC_SetRAM
                0x00001c1c       0x24 C:/MaximSDK/Libraries/PeriphDrivers/bin/MAX32660/softfp/libPeriphDriver_softfp.a(nvic_table.o)
                0x00001c1c                NVIC_SetRAM
 .text.MXC_NVIC_SetVector
                0x00001c40       0x44 C:/MaximSDK/Libraries/PeriphDrivers/bin/MAX32660/softfp/libPeriphDriver_softfp.a(nvic_table.o)
                0x00001c40                MXC_NVIC_SetVector
 .text.MXC_SYS_ClockDisable
                0x00001c84       0x2c C:/MaximSDK/Libraries/PeriphDrivers/bin/MAX32660/softfp/libPeriphDriver_softfp.a(sys_me11.o)
                0x00001c84                MXC_SYS_ClockDisable
 .text.MXC_SYS_ClockEnable
                0x00001cb0       0x30 C:/MaximSDK/Libraries/PeriphDrivers/bin/MAX32660/softfp/libPeriphDriver_softfp.a(sys_me11.o)
                0x00001cb0                MXC_SYS_ClockEnable
 .text.MXC_SYS_Clock_Timeout
                0x00001ce0       0x30 C:/MaximSDK/Libraries/PeriphDrivers/bin/MAX32660/softfp/libPeriphDriver_softfp.a(sys_me11.o)
                0x00001ce0                MXC_SYS_Clock_Timeout
 .text.MXC_SYS_Clock_Select
                0x00001d10       0xc4 C:/MaximSDK/Libraries/PeriphDrivers/bin/MAX32660/softfp/libPeriphDriver_softfp.a(sys_me11.o)
                0x00001d10                MXC_SYS_Clock_Select
 .text.MXC_SYS_Reset_Periph
                0x00001dd4       0x38 C:/MaximSDK/Libraries/PeriphDrivers/bin/MAX32660/softfp/libPeriphDriver_softfp.a(sys_me11.o)
                0x00001dd4                MXC_SYS_Reset_Periph
 .text.MXC_GPIO_OutClr
                0x00001e0c        0x8 C:/MaximSDK/Libraries/PeriphDrivers/bin/MAX32660/softfp/libPeriphDriver_softfp.a(gpio_me11.o)
                0x00001e0c                MXC_GPIO_OutClr
 .text.MXC_GPIO_IntConfig
                0x00001e14        0x8 C:/MaximSDK/Libraries/PeriphDrivers/bin/MAX32660/softfp/libPeriphDriver_softfp.a(gpio_me11.o)
                0x00001e14                MXC_GPIO_IntConfig
 .text.MXC_GPIO_EnableInt
                0x00001e1c        0x8 C:/MaximSDK/Libraries/PeriphDrivers/bin/MAX32660/softfp/libPeriphDriver_softfp.a(gpio_me11.o)
                0x00001e1c                MXC_GPIO_EnableInt
 .text.MXC_GPIO_RegisterCallback
                0x00001e24        0x8 C:/MaximSDK/Libraries/PeriphDrivers/bin/MAX32660/softfp/libPeriphDriver_softfp.a(gpio_me11.o)
                0x00001e24                MXC_GPIO_RegisterCallback
 .text.MXC_GPIO_Handler
                0x00001e2c        0x8 C:/MaximSDK/Libraries/PeriphDrivers/bin/MAX32660/softfp/libPeriphDriver_softfp.a(gpio_me11.o)
                0x00001e2c                MXC_GPIO_Handler
 .text.MXC_GPIO_ClearFlags
                0x00001e34        0x8 C:/MaximSDK/Libraries/PeriphDrivers/bin/MAX32660/softfp/libPeriphDriver_softfp.a(gpio_me11.o)
                0x00001e34                MXC_GPIO_ClearFlags
 .text.MXC_GPIO_GetFlags
                0x00001e3c        0x8 C:/MaximSDK/Libraries/PeriphDrivers/bin/MAX32660/softfp/libPeriphDriver_softfp.a(gpio_me11.o)
                0x00001e3c                MXC_GPIO_GetFlags
 .text.MXC_GPIO_SetVSSEL
                0x00001e44        0x8 C:/MaximSDK/Libraries/PeriphDrivers/bin/MAX32660/softfp/libPeriphDriver_softfp.a(gpio_me11.o)
                0x00001e44                MXC_GPIO_SetVSSEL
 .text.MXC_GPIO_Config
                0x00001e4c       0xaa C:/MaximSDK/Libraries/PeriphDrivers/bin/MAX32660/softfp/libPeriphDriver_softfp.a(gpio_me11.o)
                0x00001e4c                MXC_GPIO_Config
 .text.MXC_GPIO_RevA_OutClr
                0x00001ef6        0x4 C:/MaximSDK/Libraries/PeriphDrivers/bin/MAX32660/softfp/libPeriphDriver_softfp.a(gpio_reva.o)
                0x00001ef6                MXC_GPIO_RevA_OutClr
 .text.MXC_GPIO_RevA_IntConfig
                0x00001efa       0xaa C:/MaximSDK/Libraries/PeriphDrivers/bin/MAX32660/softfp/libPeriphDriver_softfp.a(gpio_reva.o)
                0x00001efa                MXC_GPIO_RevA_IntConfig
 .text.MXC_GPIO_RevA_EnableInt
                0x00001fa4        0x4 C:/MaximSDK/Libraries/PeriphDrivers/bin/MAX32660/softfp/libPeriphDriver_softfp.a(gpio_reva.o)
                0x00001fa4                MXC_GPIO_RevA_EnableInt
 .text.MXC_GPIO_RevA_ClearFlags
                0x00001fa8        0x4 C:/MaximSDK/Libraries/PeriphDrivers/bin/MAX32660/softfp/libPeriphDriver_softfp.a(gpio_reva.o)
                0x00001fa8                MXC_GPIO_RevA_ClearFlags
 .text.MXC_GPIO_RevA_GetFlags
                0x00001fac        0x4 C:/MaximSDK/Libraries/PeriphDrivers/bin/MAX32660/softfp/libPeriphDriver_softfp.a(gpio_reva.o)
                0x00001fac                MXC_GPIO_RevA_GetFlags
 .text.MXC_GPIO_RevA_SetVSSEL
                0x00001fb0       0x2a C:/MaximSDK/Libraries/PeriphDrivers/bin/MAX32660/softfp/libPeriphDriver_softfp.a(gpio_reva.o)
                0x00001fb0                MXC_GPIO_RevA_SetVSSEL
 .text.MXC_I2C_SetSlaveAddr
                0x00001fda       0x36 C:/MaximSDK/Libraries/PeriphDrivers/bin/MAX32660/softfp/libPeriphDriver_softfp.a(i2c_me11.o)
                0x00001fda                MXC_I2C_SetSlaveAddr
 .text.MXC_I2C_Shutdown
                0x00002010       0x60 C:/MaximSDK/Libraries/PeriphDrivers/bin/MAX32660/softfp/libPeriphDriver_softfp.a(i2c_me11.o)
                0x00002010                MXC_I2C_Shutdown
 .text.MXC_I2C_Init
                0x00002070       0x5c C:/MaximSDK/Libraries/PeriphDrivers/bin/MAX32660/softfp/libPeriphDriver_softfp.a(i2c_me11.o)
                0x00002070                MXC_I2C_Init
 .text.MXC_I2C_SetFrequency
                0x000020cc       0x18 C:/MaximSDK/Libraries/PeriphDrivers/bin/MAX32660/softfp/libPeriphDriver_softfp.a(i2c_me11.o)
                0x000020cc                MXC_I2C_SetFrequency
 .text.MXC_I2C_GetFrequency
                0x000020e4        0x8 C:/MaximSDK/Libraries/PeriphDrivers/bin/MAX32660/softfp/libPeriphDriver_softfp.a(i2c_me11.o)
                0x000020e4                MXC_I2C_GetFrequency
 .text.MXC_I2C_Start
                0x000020ec        0x8 C:/MaximSDK/Libraries/PeriphDrivers/bin/MAX32660/softfp/libPeriphDriver_softfp.a(i2c_me11.o)
                0x000020ec                MXC_I2C_Start
 .text.MXC_I2C_Stop
                0x000020f4        0x8 C:/MaximSDK/Libraries/PeriphDrivers/bin/MAX32660/softfp/libPeriphDriver_softfp.a(i2c_me11.o)
                0x000020f4                MXC_I2C_Stop
 .text.MXC_I2C_ReadRXFIFO
                0x000020fc        0x8 C:/MaximSDK/Libraries/PeriphDrivers/bin/MAX32660/softfp/libPeriphDriver_softfp.a(i2c_me11.o)
                0x000020fc                MXC_I2C_ReadRXFIFO
 .text.MXC_I2C_WriteTXFIFO
                0x00002104        0x8 C:/MaximSDK/Libraries/PeriphDrivers/bin/MAX32660/softfp/libPeriphDriver_softfp.a(i2c_me11.o)
                0x00002104                MXC_I2C_WriteTXFIFO
 .text.MXC_I2C_ClearRXFIFO
                0x0000210c        0x8 C:/MaximSDK/Libraries/PeriphDrivers/bin/MAX32660/softfp/libPeriphDriver_softfp.a(i2c_me11.o)
                0x0000210c                MXC_I2C_ClearRXFIFO
 .text.MXC_I2C_ClearTXFIFO
                0x00002114        0x8 C:/MaximSDK/Libraries/PeriphDrivers/bin/MAX32660/softfp/libPeriphDriver_softfp.a(i2c_me11.o)
                0x00002114                MXC_I2C_ClearTXFIFO
 .text.MXC_I2C_ClearFlags
                0x0000211c        0x8 C:/MaximSDK/Libraries/PeriphDrivers/bin/MAX32660/softfp/libPeriphDriver_softfp.a(i2c_me11.o)
                0x0000211c                MXC_I2C_ClearFlags
 .text.MXC_I2C_Recover
                0x00002124        0x8 C:/MaximSDK/Libraries/PeriphDrivers/bin/MAX32660/softfp/libPeriphDriver_softfp.a(i2c_me11.o)
                0x00002124                MXC_I2C_Recover
 .text.MXC_I2C_MasterTransaction
                0x0000212c        0x8 C:/MaximSDK/Libraries/PeriphDrivers/bin/MAX32660/softfp/libPeriphDriver_softfp.a(i2c_me11.o)
                0x0000212c                MXC_I2C_MasterTransaction
 .text.MXC_I2C_SetRXThreshold
                0x00002134        0x8 C:/MaximSDK/Libraries/PeriphDrivers/bin/MAX32660/softfp/libPeriphDriver_softfp.a(i2c_me11.o)
                0x00002134                MXC_I2C_SetRXThreshold
 .text.MXC_I2C_SetTXThreshold
                0x0000213c        0x8 C:/MaximSDK/Libraries/PeriphDrivers/bin/MAX32660/softfp/libPeriphDriver_softfp.a(i2c_me11.o)
                0x0000213c                MXC_I2C_SetTXThreshold
 .text.MXC_I2C_RevA_Init
                0x00002144       0xb8 C:/MaximSDK/Libraries/PeriphDrivers/bin/MAX32660/softfp/libPeriphDriver_softfp.a(i2c_reva.o)
                0x00002144                MXC_I2C_RevA_Init
 .text.MXC_I2C_RevA_SetFrequency
                0x000021fc       0xc0 C:/MaximSDK/Libraries/PeriphDrivers/bin/MAX32660/softfp/libPeriphDriver_softfp.a(i2c_reva.o)
                0x000021fc                MXC_I2C_RevA_SetFrequency
 .text.MXC_I2C_RevA_GetFrequency
                0x000022bc       0x20 C:/MaximSDK/Libraries/PeriphDrivers/bin/MAX32660/softfp/libPeriphDriver_softfp.a(i2c_reva.o)
                0x000022bc                MXC_I2C_RevA_GetFrequency
 .text.MXC_I2C_RevA_Start
                0x000022dc       0x28 C:/MaximSDK/Libraries/PeriphDrivers/bin/MAX32660/softfp/libPeriphDriver_softfp.a(i2c_reva.o)
                0x000022dc                MXC_I2C_RevA_Start
 .text.MXC_I2C_RevA_Stop
                0x00002304       0x1e C:/MaximSDK/Libraries/PeriphDrivers/bin/MAX32660/softfp/libPeriphDriver_softfp.a(i2c_reva.o)
                0x00002304                MXC_I2C_RevA_Stop
 .text.MXC_I2C_RevA_ReadRXFIFO
                0x00002322       0x30 C:/MaximSDK/Libraries/PeriphDrivers/bin/MAX32660/softfp/libPeriphDriver_softfp.a(i2c_reva.o)
                0x00002322                MXC_I2C_RevA_ReadRXFIFO
 .text.MXC_I2C_RevA_WriteTXFIFO
                0x00002352       0x30 C:/MaximSDK/Libraries/PeriphDrivers/bin/MAX32660/softfp/libPeriphDriver_softfp.a(i2c_reva.o)
                0x00002352                MXC_I2C_RevA_WriteTXFIFO
 .text.MXC_I2C_RevA_ClearRXFIFO
                0x00002382       0x12 C:/MaximSDK/Libraries/PeriphDrivers/bin/MAX32660/softfp/libPeriphDriver_softfp.a(i2c_reva.o)
                0x00002382                MXC_I2C_RevA_ClearRXFIFO
 .text.MXC_I2C_RevA_ClearTXFIFO
                0x00002394       0x12 C:/MaximSDK/Libraries/PeriphDrivers/bin/MAX32660/softfp/libPeriphDriver_softfp.a(i2c_reva.o)
                0x00002394                MXC_I2C_RevA_ClearTXFIFO
 .text.MXC_I2C_RevA_ClearFlags
                0x000023a6        0x6 C:/MaximSDK/Libraries/PeriphDrivers/bin/MAX32660/softfp/libPeriphDriver_softfp.a(i2c_reva.o)
                0x000023a6                MXC_I2C_RevA_ClearFlags
 .text.MXC_I2C_RevA_Recover
                0x000023ac       0xd8 C:/MaximSDK/Libraries/PeriphDrivers/bin/MAX32660/softfp/libPeriphDriver_softfp.a(i2c_reva.o)
                0x000023ac                MXC_I2C_RevA_Recover
 .text.MXC_I2C_RevA_MasterTransaction
                0x00002484      0x190 C:/MaximSDK/Libraries/PeriphDrivers/bin/MAX32660/softfp/libPeriphDriver_softfp.a(i2c_reva.o)
                0x00002484                MXC_I2C_RevA_MasterTransaction
 .text.MXC_I2C_RevA_SetRXThreshold
                0x00002614       0x1e C:/MaximSDK/Libraries/PeriphDrivers/bin/MAX32660/softfp/libPeriphDriver_softfp.a(i2c_reva.o)
                0x00002614                MXC_I2C_RevA_SetRXThreshold
 .text.MXC_I2C_RevA_SetTXThreshold
                0x00002632       0x20 C:/MaximSDK/Libraries/PeriphDrivers/bin/MAX32660/softfp/libPeriphDriver_softfp.a(i2c_reva.o)
                0x00002632                MXC_I2C_RevA_SetTXThreshold
 *fill*         0x00002652        0x2 
 .text.MXC_UART_Shutdown
                0x00002654       0x3c C:/MaximSDK/Libraries/PeriphDrivers/bin/MAX32660/softfp/libPeriphDriver_softfp.a(uart_me11.o)
                0x00002654                MXC_UART_Shutdown
 .text.MXC_UART_Init
                0x00002690       0x78 C:/MaximSDK/Libraries/PeriphDrivers/bin/MAX32660/softfp/libPeriphDriver_softfp.a(uart_me11.o)
                0x00002690                MXC_UART_Init
 .text.MXC_UART_SetFrequency
                0x00002708        0x8 C:/MaximSDK/Libraries/PeriphDrivers/bin/MAX32660/softfp/libPeriphDriver_softfp.a(uart_me11.o)
                0x00002708                MXC_UART_SetFrequency
 .text.MXC_UART_GetFrequency
                0x00002710        0x8 C:/MaximSDK/Libraries/PeriphDrivers/bin/MAX32660/softfp/libPeriphDriver_softfp.a(uart_me11.o)
                0x00002710                MXC_UART_GetFrequency
 .text.MXC_UART_SetDataSize
                0x00002718        0x8 C:/MaximSDK/Libraries/PeriphDrivers/bin/MAX32660/softfp/libPeriphDriver_softfp.a(uart_me11.o)
                0x00002718                MXC_UART_SetDataSize
 .text.MXC_UART_SetStopBits
                0x00002720        0x8 C:/MaximSDK/Libraries/PeriphDrivers/bin/MAX32660/softfp/libPeriphDriver_softfp.a(uart_me11.o)
                0x00002720                MXC_UART_SetStopBits
 .text.MXC_UART_SetParity
                0x00002728        0x8 C:/MaximSDK/Libraries/PeriphDrivers/bin/MAX32660/softfp/libPeriphDriver_softfp.a(uart_me11.o)
                0x00002728                MXC_UART_SetParity
 .text.MXC_UART_ReadCharacterRaw
                0x00002730        0x8 C:/MaximSDK/Libraries/PeriphDrivers/bin/MAX32660/softfp/libPeriphDriver_softfp.a(uart_me11.o)
                0x00002730                MXC_UART_ReadCharacterRaw
 .text.MXC_UART_WriteCharacterRaw
                0x00002738        0x8 C:/MaximSDK/Libraries/PeriphDrivers/bin/MAX32660/softfp/libPeriphDriver_softfp.a(uart_me11.o)
                0x00002738                MXC_UART_WriteCharacterRaw
 .text.MXC_UART_ReadCharacter
                0x00002740        0x8 C:/MaximSDK/Libraries/PeriphDrivers/bin/MAX32660/softfp/libPeriphDriver_softfp.a(uart_me11.o)
                0x00002740                MXC_UART_ReadCharacter
 .text.MXC_UART_WriteCharacter
                0x00002748        0x8 C:/MaximSDK/Libraries/PeriphDrivers/bin/MAX32660/softfp/libPeriphDriver_softfp.a(uart_me11.o)
                0x00002748                MXC_UART_WriteCharacter
 .text.MXC_UART_ReadRXFIFO
                0x00002750        0x8 C:/MaximSDK/Libraries/PeriphDrivers/bin/MAX32660/softfp/libPeriphDriver_softfp.a(uart_me11.o)
                0x00002750                MXC_UART_ReadRXFIFO
 .text.MXC_UART_GetRXFIFOAvailable
                0x00002758        0x8 C:/MaximSDK/Libraries/PeriphDrivers/bin/MAX32660/softfp/libPeriphDriver_softfp.a(uart_me11.o)
                0x00002758                MXC_UART_GetRXFIFOAvailable
 .text.MXC_UART_WriteTXFIFO
                0x00002760        0x8 C:/MaximSDK/Libraries/PeriphDrivers/bin/MAX32660/softfp/libPeriphDriver_softfp.a(uart_me11.o)
                0x00002760                MXC_UART_WriteTXFIFO
 .text.MXC_UART_GetTXFIFOAvailable
                0x00002768        0x8 C:/MaximSDK/Libraries/PeriphDrivers/bin/MAX32660/softfp/libPeriphDriver_softfp.a(uart_me11.o)
                0x00002768                MXC_UART_GetTXFIFOAvailable
 .text.MXC_UART_ClearRXFIFO
                0x00002770        0x8 C:/MaximSDK/Libraries/PeriphDrivers/bin/MAX32660/softfp/libPeriphDriver_softfp.a(uart_me11.o)
                0x00002770                MXC_UART_ClearRXFIFO
 .text.MXC_UART_SetRXThreshold
                0x00002778        0x8 C:/MaximSDK/Libraries/PeriphDrivers/bin/MAX32660/softfp/libPeriphDriver_softfp.a(uart_me11.o)
                0x00002778                MXC_UART_SetRXThreshold
 .text.MXC_UART_SetTXThreshold
                0x00002780        0x8 C:/MaximSDK/Libraries/PeriphDrivers/bin/MAX32660/softfp/libPeriphDriver_softfp.a(uart_me11.o)
                0x00002780                MXC_UART_SetTXThreshold
 .text.MXC_UART_ClearFlags
                0x00002788        0x8 C:/MaximSDK/Libraries/PeriphDrivers/bin/MAX32660/softfp/libPeriphDriver_softfp.a(uart_me11.o)
                0x00002788                MXC_UART_ClearFlags
 .text.MXC_UART_EnableInt
                0x00002790        0x8 C:/MaximSDK/Libraries/PeriphDrivers/bin/MAX32660/softfp/libPeriphDriver_softfp.a(uart_me11.o)
                0x00002790                MXC_UART_EnableInt
 .text.MXC_UART_DisableInt
                0x00002798        0x8 C:/MaximSDK/Libraries/PeriphDrivers/bin/MAX32660/softfp/libPeriphDriver_softfp.a(uart_me11.o)
                0x00002798                MXC_UART_DisableInt
 .text.MXC_UART_TransactionAsync
                0x000027a0        0x8 C:/MaximSDK/Libraries/PeriphDrivers/bin/MAX32660/softfp/libPeriphDriver_softfp.a(uart_me11.o)
                0x000027a0                MXC_UART_TransactionAsync
 .text.MXC_UART_RevA_Init
                0x000027a8       0x5e C:/MaximSDK/Libraries/PeriphDrivers/bin/MAX32660/softfp/libPeriphDriver_softfp.a(uart_reva.o)
                0x000027a8                MXC_UART_RevA_Init
 *fill*         0x00002806        0x2 
 .text.MXC_UART_RevA_SetFrequency
                0x00002808      0x11c C:/MaximSDK/Libraries/PeriphDrivers/bin/MAX32660/softfp/libPeriphDriver_softfp.a(uart_reva.o)
                0x00002808                MXC_UART_RevA_SetFrequency
 .text.MXC_UART_RevA_GetFrequency
                0x00002924       0xb4 C:/MaximSDK/Libraries/PeriphDrivers/bin/MAX32660/softfp/libPeriphDriver_softfp.a(uart_reva.o)
                0x00002924                MXC_UART_RevA_GetFrequency
 .text.MXC_UART_RevA_SetDataSize
                0x000029d8       0x38 C:/MaximSDK/Libraries/PeriphDrivers/bin/MAX32660/softfp/libPeriphDriver_softfp.a(uart_reva.o)
                0x000029d8                MXC_UART_RevA_SetDataSize
 .text.MXC_UART_RevA_SetStopBits
                0x00002a10       0x3c C:/MaximSDK/Libraries/PeriphDrivers/bin/MAX32660/softfp/libPeriphDriver_softfp.a(uart_reva.o)
                0x00002a10                MXC_UART_RevA_SetStopBits
 .text.MXC_UART_RevA_SetParity
                0x00002a4c      0x134 C:/MaximSDK/Libraries/PeriphDrivers/bin/MAX32660/softfp/libPeriphDriver_softfp.a(uart_reva.o)
                0x00002a4c                MXC_UART_RevA_SetParity
 .text.MXC_UART_RevA_ReadCharacterRaw
                0x00002b80       0x2c C:/MaximSDK/Libraries/PeriphDrivers/bin/MAX32660/softfp/libPeriphDriver_softfp.a(uart_reva.o)
                0x00002b80                MXC_UART_RevA_ReadCharacterRaw
 .text.MXC_UART_RevA_WriteCharacterRaw
                0x00002bac       0x2c C:/MaximSDK/Libraries/PeriphDrivers/bin/MAX32660/softfp/libPeriphDriver_softfp.a(uart_reva.o)
                0x00002bac                MXC_UART_RevA_WriteCharacterRaw
 .text.MXC_UART_RevA_ReadRXFIFO
                0x00002bd8       0x24 C:/MaximSDK/Libraries/PeriphDrivers/bin/MAX32660/softfp/libPeriphDriver_softfp.a(uart_reva.o)
                0x00002bd8                MXC_UART_RevA_ReadRXFIFO
 .text.MXC_UART_RevA_GetRXFIFOAvailable
                0x00002bfc        0x8 C:/MaximSDK/Libraries/PeriphDrivers/bin/MAX32660/softfp/libPeriphDriver_softfp.a(uart_reva.o)
                0x00002bfc                MXC_UART_RevA_GetRXFIFOAvailable
 .text.MXC_UART_RevA_WriteTXFIFO
                0x00002c04       0x24 C:/MaximSDK/Libraries/PeriphDrivers/bin/MAX32660/softfp/libPeriphDriver_softfp.a(uart_reva.o)
                0x00002c04                MXC_UART_RevA_WriteTXFIFO
 .text.MXC_UART_RevA_GetTXFIFOAvailable
                0x00002c28        0xc C:/MaximSDK/Libraries/PeriphDrivers/bin/MAX32660/softfp/libPeriphDriver_softfp.a(uart_reva.o)
                0x00002c28                MXC_UART_RevA_GetTXFIFOAvailable
 .text.MXC_UART_RevA_ClearRXFIFO
                0x00002c34       0x2c C:/MaximSDK/Libraries/PeriphDrivers/bin/MAX32660/softfp/libPeriphDriver_softfp.a(uart_reva.o)
                0x00002c34                MXC_UART_RevA_ClearRXFIFO
 .text.MXC_UART_RevA_SetRXThreshold
                0x00002c60       0x38 C:/MaximSDK/Libraries/PeriphDrivers/bin/MAX32660/softfp/libPeriphDriver_softfp.a(uart_reva.o)
                0x00002c60                MXC_UART_RevA_SetRXThreshold
 .text.MXC_UART_RevA_SetTXThreshold
                0x00002c98       0x38 C:/MaximSDK/Libraries/PeriphDrivers/bin/MAX32660/softfp/libPeriphDriver_softfp.a(uart_reva.o)
                0x00002c98                MXC_UART_RevA_SetTXThreshold
 .text.MXC_UART_RevA_ClearFlags
                0x00002cd0       0x20 C:/MaximSDK/Libraries/PeriphDrivers/bin/MAX32660/softfp/libPeriphDriver_softfp.a(uart_reva.o)
                0x00002cd0                MXC_UART_RevA_ClearFlags
 .text.MXC_UART_RevA_EnableInt
                0x00002cf0       0x24 C:/MaximSDK/Libraries/PeriphDrivers/bin/MAX32660/softfp/libPeriphDriver_softfp.a(uart_reva.o)
                0x00002cf0                MXC_UART_RevA_EnableInt
 .text.MXC_UART_RevA_DisableInt
                0x00002d14       0x24 C:/MaximSDK/Libraries/PeriphDrivers/bin/MAX32660/softfp/libPeriphDriver_softfp.a(uart_reva.o)
                0x00002d14                MXC_UART_RevA_DisableInt
 .text.MXC_UART_RevA_TransactionAsync
                0x00002d38      0x108 C:/MaximSDK/Libraries/PeriphDrivers/bin/MAX32660/softfp/libPeriphDriver_softfp.a(uart_reva.o)
                0x00002d38                MXC_UART_RevA_TransactionAsync
 .text.MXC_GPIO_Common_RegisterCallback
                0x00002e40       0x68 C:/MaximSDK/Libraries/PeriphDrivers/bin/MAX32660/softfp/libPeriphDriver_softfp.a(gpio_common.o)
                0x00002e40                MXC_GPIO_Common_RegisterCallback
 .text.MXC_GPIO_Common_Handler
                0x00002ea8       0x74 C:/MaximSDK/Libraries/PeriphDrivers/bin/MAX32660/softfp/libPeriphDriver_softfp.a(gpio_common.o)
                0x00002ea8                MXC_GPIO_Common_Handler
 .text.MXC_UART_Common_ReadCharacter
                0x00002f1c       0x16 C:/MaximSDK/Libraries/PeriphDrivers/bin/MAX32660/softfp/libPeriphDriver_softfp.a(uart_common.o)
                0x00002f1c                MXC_UART_Common_ReadCharacter
 .text.MXC_UART_Common_WriteCharacter
                0x00002f32       0x1a C:/MaximSDK/Libraries/PeriphDrivers/bin/MAX32660/softfp/libPeriphDriver_softfp.a(uart_common.o)
                0x00002f32                MXC_UART_Common_WriteCharacter
 .text.__errno  0x00002f4c        0xc c:/maximsdk/tools/gnutools/10.3/bin/../lib/gcc/arm-none-eabi/10.3.1/../../../../arm-none-eabi/lib/thumb/v7e-m+fp/softfp\libc.a(lib_a-errno.o)
                0x00002f4c                __errno
 .text.__libc_init_array
                0x00002f58       0x48 c:/maximsdk/tools/gnutools/10.3/bin/../lib/gcc/arm-none-eabi/10.3.1/../../../../arm-none-eabi/lib/thumb/v7e-m+fp/softfp\libc.a(lib_a-init.o)
                0x00002f58                __libc_init_array
 .text          0x00002fa0      0x134 c:/maximsdk/tools/gnutools/10.3/bin/../lib/gcc/arm-none-eabi/10.3.1/../../../../arm-none-eabi/lib/thumb/v7e-m+fp/softfp\libc.a(lib_a-memcpy.o)
                0x00002fa0                memcpy
 .text.memset   0x000030d4       0xa4 c:/maximsdk/tools/gnutools/10.3/bin/../lib/gcc/arm-none-eabi/10.3.1/../../../../arm-none-eabi/lib/thumb/v7e-m+fp/softfp\libc.a(lib_a-memset.o)
                0x000030d4                memset
 .text.printf   0x00003178       0x28 c:/maximsdk/tools/gnutools/10.3/bin/../lib/gcc/arm-none-eabi/10.3.1/../../../../arm-none-eabi/lib/thumb/v7e-m+fp/softfp\libc.a(lib_a-printf.o)
                0x00003178                printf
 .text._puts_r  0x000031a0       0x9c c:/maximsdk/tools/gnutools/10.3/bin/../lib/gcc/arm-none-eabi/10.3.1/../../../../arm-none-eabi/lib/thumb/v7e-m+fp/softfp\libc.a(lib_a-puts.o)
                0x000031a0                _puts_r
 .text.puts     0x0000323c       0x10 c:/maximsdk/tools/gnutools/10.3/bin/../lib/gcc/arm-none-eabi/10.3.1/../../../../arm-none-eabi/lib/thumb/v7e-m+fp/softfp\libc.a(lib_a-puts.o)
                0x0000323c                puts
 *fill*         0x0000324c       0x14 
 .text          0x00003260      0x2dc c:/maximsdk/tools/gnutools/10.3/bin/../lib/gcc/arm-none-eabi/10.3.1/../../../../arm-none-eabi/lib/thumb/v7e-m+fp/softfp\libc.a(lib_a-strcmp.o)
                0x00003268                strcmp
 *fill*         0x0000353c        0x4 
 .text          0x00003540       0xdc c:/maximsdk/tools/gnutools/10.3/bin/../lib/gcc/arm-none-eabi/10.3.1/../../../../arm-none-eabi/lib/thumb/v7e-m+fp/softfp\libc.a(lib_a-strlen.o)
                0x00003540                strlen
 *fill*         0x0000361c        0x4 
 .text._vfprintf_r
                0x00003620     0x1b8c c:/maximsdk/tools/gnutools/10.3/bin/../lib/gcc/arm-none-eabi/10.3.1/../../../../arm-none-eabi/lib/thumb/v7e-m+fp/softfp\libc.a(lib_a-vfprintf.o)
                0x00003620                _vfprintf_r
 .text.__sbprintf
                0x000051ac       0x80 c:/maximsdk/tools/gnutools/10.3/bin/../lib/gcc/arm-none-eabi/10.3.1/../../../../arm-none-eabi/lib/thumb/v7e-m+fp/softfp\libc.a(lib_a-vfprintf.o)
 .text.__swsetup_r
                0x0000522c       0xd4 c:/maximsdk/tools/gnutools/10.3/bin/../lib/gcc/arm-none-eabi/10.3.1/../../../../arm-none-eabi/lib/thumb/v7e-m+fp/softfp\libc.a(lib_a-wsetup.o)
                0x0000522c                __swsetup_r
 .text.startup.register_fini
                0x00005300       0x14 c:/maximsdk/tools/gnutools/10.3/bin/../lib/gcc/arm-none-eabi/10.3.1/../../../../arm-none-eabi/lib/thumb/v7e-m+fp/softfp\libc.a(lib_a-__call_atexit.o)
 .text.atexit   0x00005314        0xc c:/maximsdk/tools/gnutools/10.3/bin/../lib/gcc/arm-none-eabi/10.3.1/../../../../arm-none-eabi/lib/thumb/v7e-m+fp/softfp\libc.a(lib_a-atexit.o)
                0x00005314                atexit
 .text.quorem   0x00005320      0x128 c:/maximsdk/tools/gnutools/10.3/bin/../lib/gcc/arm-none-eabi/10.3.1/../../../../arm-none-eabi/lib/thumb/v7e-m+fp/softfp\libc.a(lib_a-dtoa.o)
 .text._dtoa_r  0x00005448      0xf34 c:/maximsdk/tools/gnutools/10.3/bin/../lib/gcc/arm-none-eabi/10.3.1/../../../../arm-none-eabi/lib/thumb/v7e-m+fp/softfp\libc.a(lib_a-dtoa.o)
                0x00005448                _dtoa_r
 .text.__sflush_r
                0x0000637c      0x130 c:/maximsdk/tools/gnutools/10.3/bin/../lib/gcc/arm-none-eabi/10.3.1/../../../../arm-none-eabi/lib/thumb/v7e-m+fp/softfp\libc.a(lib_a-fflush.o)
                0x0000637c                __sflush_r
 .text._fflush_r
                0x000064ac       0x5c c:/maximsdk/tools/gnutools/10.3/bin/../lib/gcc/arm-none-eabi/10.3.1/../../../../arm-none-eabi/lib/thumb/v7e-m+fp/softfp\libc.a(lib_a-fflush.o)
                0x000064ac                _fflush_r
 .text._cleanup_r
                0x00006508        0xc c:/maximsdk/tools/gnutools/10.3/bin/../lib/gcc/arm-none-eabi/10.3.1/../../../../arm-none-eabi/lib/thumb/v7e-m+fp/softfp\libc.a(lib_a-findfp.o)
                0x00006508                _cleanup_r
 .text.__sinit  0x00006514      0x10c c:/maximsdk/tools/gnutools/10.3/bin/../lib/gcc/arm-none-eabi/10.3.1/../../../../arm-none-eabi/lib/thumb/v7e-m+fp/softfp\libc.a(lib_a-findfp.o)
                0x00006514                __sinit
 .text.__sfp_lock_acquire
                0x00006620        0xc c:/maximsdk/tools/gnutools/10.3/bin/../lib/gcc/arm-none-eabi/10.3.1/../../../../arm-none-eabi/lib/thumb/v7e-m+fp/softfp\libc.a(lib_a-findfp.o)
                0x00006620                __sfp_lock_acquire
 .text.__sfp_lock_release
                0x0000662c        0xc c:/maximsdk/tools/gnutools/10.3/bin/../lib/gcc/arm-none-eabi/10.3.1/../../../../arm-none-eabi/lib/thumb/v7e-m+fp/softfp\libc.a(lib_a-findfp.o)
                0x0000662c                __sfp_lock_release
 .text.__libc_fini_array
                0x00006638       0x2c c:/maximsdk/tools/gnutools/10.3/bin/../lib/gcc/arm-none-eabi/10.3.1/../../../../arm-none-eabi/lib/thumb/v7e-m+fp/softfp\libc.a(lib_a-fini.o)
                0x00006638                __libc_fini_array
 .text._malloc_trim_r
                0x00006664       0xa0 c:/maximsdk/tools/gnutools/10.3/bin/../lib/gcc/arm-none-eabi/10.3.1/../../../../arm-none-eabi/lib/thumb/v7e-m+fp/softfp\libc.a(lib_a-freer.o)
                0x00006664                _malloc_trim_r
 .text._free_r  0x00006704      0x20c c:/maximsdk/tools/gnutools/10.3/bin/../lib/gcc/arm-none-eabi/10.3.1/../../../../arm-none-eabi/lib/thumb/v7e-m+fp/softfp\libc.a(lib_a-freer.o)
                0x00006704                _free_r
 .text.__sfvwrite_r
                0x00006910      0x2f0 c:/maximsdk/tools/gnutools/10.3/bin/../lib/gcc/arm-none-eabi/10.3.1/../../../../arm-none-eabi/lib/thumb/v7e-m+fp/softfp\libc.a(lib_a-fvwrite.o)
                0x00006910                __sfvwrite_r
 .text._fwalk_reent
                0x00006c00       0x48 c:/maximsdk/tools/gnutools/10.3/bin/../lib/gcc/arm-none-eabi/10.3.1/../../../../arm-none-eabi/lib/thumb/v7e-m+fp/softfp\libc.a(lib_a-fwalk.o)
                0x00006c00                _fwalk_reent
 .text._localeconv_r
                0x00006c48        0x8 c:/maximsdk/tools/gnutools/10.3/bin/../lib/gcc/arm-none-eabi/10.3.1/../../../../arm-none-eabi/lib/thumb/v7e-m+fp/softfp\libc.a(lib_a-localeconv.o)
                0x00006c48                _localeconv_r
 .text.__retarget_lock_init_recursive
                0x00006c50        0x4 c:/maximsdk/tools/gnutools/10.3/bin/../lib/gcc/arm-none-eabi/10.3.1/../../../../arm-none-eabi/lib/thumb/v7e-m+fp/softfp\libc.a(lib_a-lock.o)
                0x00006c50                __retarget_lock_init_recursive
 .text.__retarget_lock_close_recursive
                0x00006c54        0x4 c:/maximsdk/tools/gnutools/10.3/bin/../lib/gcc/arm-none-eabi/10.3.1/../../../../arm-none-eabi/lib/thumb/v7e-m+fp/softfp\libc.a(lib_a-lock.o)
                0x00006c54                __retarget_lock_close_recursive
 .text.__retarget_lock_acquire_recursive
                0x00006c58        0x4 c:/maximsdk/tools/gnutools/10.3/bin/../lib/gcc/arm-none-eabi/10.3.1/../../../../arm-none-eabi/lib/thumb/v7e-m+fp/softfp\libc.a(lib_a-lock.o)
                0x00006c58                __retarget_lock_acquire_recursive
 .text.__retarget_lock_release_recursive
                0x00006c5c        0x4 c:/maximsdk/tools/gnutools/10.3/bin/../lib/gcc/arm-none-eabi/10.3.1/../../../../arm-none-eabi/lib/thumb/v7e-m+fp/softfp\libc.a(lib_a-lock.o)
                0x00006c5c                __retarget_lock_release_recursive
 .text.__smakebuf_r
                0x00006c60       0xe0 c:/maximsdk/tools/gnutools/10.3/bin/../lib/gcc/arm-none-eabi/10.3.1/../../../../arm-none-eabi/lib/thumb/v7e-m+fp/softfp\libc.a(lib_a-makebuf.o)
                0x00006c60                __smakebuf_r
 .text._malloc_r
                0x00006d40      0x560 c:/maximsdk/tools/gnutools/10.3/bin/../lib/gcc/arm-none-eabi/10.3.1/../../../../arm-none-eabi/lib/thumb/v7e-m+fp/softfp\libc.a(lib_a-mallocr.o)
                0x00006d40                _malloc_r
 .text          0x000072a0       0xa0 c:/maximsdk/tools/gnutools/10.3/bin/../lib/gcc/arm-none-eabi/10.3.1/../../../../arm-none-eabi/lib/thumb/v7e-m+fp/softfp\libc.a(lib_a-memchr.o)
                0x000072a0                memchr
 .text.memmove  0x00007340       0xf8 c:/maximsdk/tools/gnutools/10.3/bin/../lib/gcc/arm-none-eabi/10.3.1/../../../../arm-none-eabi/lib/thumb/v7e-m+fp/softfp\libc.a(lib_a-memmove.o)
                0x00007340                memmove
 .text.__malloc_lock
                0x00007438        0xc c:/maximsdk/tools/gnutools/10.3/bin/../lib/gcc/arm-none-eabi/10.3.1/../../../../arm-none-eabi/lib/thumb/v7e-m+fp/softfp\libc.a(lib_a-mlock.o)
                0x00007438                __malloc_lock
 .text.__malloc_unlock
                0x00007444        0xc c:/maximsdk/tools/gnutools/10.3/bin/../lib/gcc/arm-none-eabi/10.3.1/../../../../arm-none-eabi/lib/thumb/v7e-m+fp/softfp\libc.a(lib_a-mlock.o)
                0x00007444                __malloc_unlock
 .text._Balloc  0x00007450       0x4c c:/maximsdk/tools/gnutools/10.3/bin/../lib/gcc/arm-none-eabi/10.3.1/../../../../arm-none-eabi/lib/thumb/v7e-m+fp/softfp\libc.a(lib_a-mprec.o)
                0x00007450                _Balloc
 .text._Bfree   0x0000749c       0x14 c:/maximsdk/tools/gnutools/10.3/bin/../lib/gcc/arm-none-eabi/10.3.1/../../../../arm-none-eabi/lib/thumb/v7e-m+fp/softfp\libc.a(lib_a-mprec.o)
                0x0000749c                _Bfree
 .text.__multadd
                0x000074b0       0xa8 c:/maximsdk/tools/gnutools/10.3/bin/../lib/gcc/arm-none-eabi/10.3.1/../../../../arm-none-eabi/lib/thumb/v7e-m+fp/softfp\libc.a(lib_a-mprec.o)
                0x000074b0                __multadd
 .text.__hi0bits
                0x00007558       0x40 c:/maximsdk/tools/gnutools/10.3/bin/../lib/gcc/arm-none-eabi/10.3.1/../../../../arm-none-eabi/lib/thumb/v7e-m+fp/softfp\libc.a(lib_a-mprec.o)
                0x00007558                __hi0bits
 .text.__lo0bits
                0x00007598       0x60 c:/maximsdk/tools/gnutools/10.3/bin/../lib/gcc/arm-none-eabi/10.3.1/../../../../arm-none-eabi/lib/thumb/v7e-m+fp/softfp\libc.a(lib_a-mprec.o)
                0x00007598                __lo0bits
 .text.__i2b    0x000075f8       0x5c c:/maximsdk/tools/gnutools/10.3/bin/../lib/gcc/arm-none-eabi/10.3.1/../../../../arm-none-eabi/lib/thumb/v7e-m+fp/softfp\libc.a(lib_a-mprec.o)
                0x000075f8                __i2b
 .text.__multiply
                0x00007654      0x15c c:/maximsdk/tools/gnutools/10.3/bin/../lib/gcc/arm-none-eabi/10.3.1/../../../../arm-none-eabi/lib/thumb/v7e-m+fp/softfp\libc.a(lib_a-mprec.o)
                0x00007654                __multiply
 .text.__pow5mult
                0x000077b0       0xc0 c:/maximsdk/tools/gnutools/10.3/bin/../lib/gcc/arm-none-eabi/10.3.1/../../../../arm-none-eabi/lib/thumb/v7e-m+fp/softfp\libc.a(lib_a-mprec.o)
                0x000077b0                __pow5mult
 .text.__lshift
                0x00007870       0xf0 c:/maximsdk/tools/gnutools/10.3/bin/../lib/gcc/arm-none-eabi/10.3.1/../../../../arm-none-eabi/lib/thumb/v7e-m+fp/softfp\libc.a(lib_a-mprec.o)
                0x00007870                __lshift
 .text.__mcmp   0x00007960       0x44 c:/maximsdk/tools/gnutools/10.3/bin/../lib/gcc/arm-none-eabi/10.3.1/../../../../arm-none-eabi/lib/thumb/v7e-m+fp/softfp\libc.a(lib_a-mprec.o)
                0x00007960                __mcmp
 .text.__mdiff  0x000079a4      0x14c c:/maximsdk/tools/gnutools/10.3/bin/../lib/gcc/arm-none-eabi/10.3.1/../../../../arm-none-eabi/lib/thumb/v7e-m+fp/softfp\libc.a(lib_a-mprec.o)
                0x000079a4                __mdiff
 .text.__d2b    0x00007af0       0xc4 c:/maximsdk/tools/gnutools/10.3/bin/../lib/gcc/arm-none-eabi/10.3.1/../../../../arm-none-eabi/lib/thumb/v7e-m+fp/softfp\libc.a(lib_a-mprec.o)
                0x00007af0                __d2b
 .text._realloc_r
                0x00007bb4      0x3d8 c:/maximsdk/tools/gnutools/10.3/bin/../lib/gcc/arm-none-eabi/10.3.1/../../../../arm-none-eabi/lib/thumb/v7e-m+fp/softfp\libc.a(lib_a-reallocr.o)
                0x00007bb4                _realloc_r
 .text.frexp    0x00007f8c       0x70 c:/maximsdk/tools/gnutools/10.3/bin/../lib/gcc/arm-none-eabi/10.3.1/../../../../arm-none-eabi/lib/thumb/v7e-m+fp/softfp\libc.a(lib_a-s_frexp.o)
                0x00007f8c                frexp
 .text._sbrk_r  0x00007ffc       0x24 c:/maximsdk/tools/gnutools/10.3/bin/../lib/gcc/arm-none-eabi/10.3.1/../../../../arm-none-eabi/lib/thumb/v7e-m+fp/softfp\libc.a(lib_a-sbrkr.o)
                0x00007ffc                _sbrk_r
 .text.__sread  0x00008020       0x24 c:/maximsdk/tools/gnutools/10.3/bin/../lib/gcc/arm-none-eabi/10.3.1/../../../../arm-none-eabi/lib/thumb/v7e-m+fp/softfp\libc.a(lib_a-stdio.o)
                0x00008020                __sread
 .text.__swrite
                0x00008044       0x40 c:/maximsdk/tools/gnutools/10.3/bin/../lib/gcc/arm-none-eabi/10.3.1/../../../../arm-none-eabi/lib/thumb/v7e-m+fp/softfp\libc.a(lib_a-stdio.o)
                0x00008044                __swrite
 .text.__sseek  0x00008084       0x20 c:/maximsdk/tools/gnutools/10.3/bin/../lib/gcc/arm-none-eabi/10.3.1/../../../../arm-none-eabi/lib/thumb/v7e-m+fp/softfp\libc.a(lib_a-stdio.o)
                0x00008084                __sseek
 .text.__sclose
                0x000080a4        0x8 c:/maximsdk/tools/gnutools/10.3/bin/../lib/gcc/arm-none-eabi/10.3.1/../../../../arm-none-eabi/lib/thumb/v7e-m+fp/softfp\libc.a(lib_a-stdio.o)
                0x000080a4                __sclose
 .text.strncpy  0x000080ac       0x64 c:/maximsdk/tools/gnutools/10.3/bin/../lib/gcc/arm-none-eabi/10.3.1/../../../../arm-none-eabi/lib/thumb/v7e-m+fp/softfp\libc.a(lib_a-strncpy.o)
                0x000080ac                strncpy
 .text.__sprint_r.part.0
                0x00008110       0x78 c:/maximsdk/tools/gnutools/10.3/bin/../lib/gcc/arm-none-eabi/10.3.1/../../../../arm-none-eabi/lib/thumb/v7e-m+fp/softfp\libc.a(lib_a-vfiprintf.o)
 .text.__sprint_r
                0x00008188       0x18 c:/maximsdk/tools/gnutools/10.3/bin/../lib/gcc/arm-none-eabi/10.3.1/../../../../arm-none-eabi/lib/thumb/v7e-m+fp/softfp\libc.a(lib_a-vfiprintf.o)
                0x00008188                __sprint_r
 .text._vfiprintf_r
                0x000081a0      0xdfc c:/maximsdk/tools/gnutools/10.3/bin/../lib/gcc/arm-none-eabi/10.3.1/../../../../arm-none-eabi/lib/thumb/v7e-m+fp/softfp\libc.a(lib_a-vfiprintf.o)
                0x000081a0                _vfiprintf_r
 .text.__sbprintf
                0x00008f9c       0x80 c:/maximsdk/tools/gnutools/10.3/bin/../lib/gcc/arm-none-eabi/10.3.1/../../../../arm-none-eabi/lib/thumb/v7e-m+fp/softfp\libc.a(lib_a-vfiprintf.o)
 .text._write_r
                0x0000901c       0x2c c:/maximsdk/tools/gnutools/10.3/bin/../lib/gcc/arm-none-eabi/10.3.1/../../../../arm-none-eabi/lib/thumb/v7e-m+fp/softfp\libc.a(lib_a-writer.o)
                0x0000901c                _write_r
 .text.__register_exitproc
                0x00009048       0x8c c:/maximsdk/tools/gnutools/10.3/bin/../lib/gcc/arm-none-eabi/10.3.1/../../../../arm-none-eabi/lib/thumb/v7e-m+fp/softfp\libc.a(lib_a-__atexit.o)
                0x00009048                __register_exitproc
 .text.__assert_func
                0x000090d4       0x40 c:/maximsdk/tools/gnutools/10.3/bin/../lib/gcc/arm-none-eabi/10.3.1/../../../../arm-none-eabi/lib/thumb/v7e-m+fp/softfp\libc.a(lib_a-assert.o)
                0x000090d4                __assert_func
 .text._calloc_r
                0x00009114       0x78 c:/maximsdk/tools/gnutools/10.3/bin/../lib/gcc/arm-none-eabi/10.3.1/../../../../arm-none-eabi/lib/thumb/v7e-m+fp/softfp\libc.a(lib_a-callocr.o)
                0x00009114                _calloc_r
 .text._close_r
                0x0000918c       0x24 c:/maximsdk/tools/gnutools/10.3/bin/../lib/gcc/arm-none-eabi/10.3.1/../../../../arm-none-eabi/lib/thumb/v7e-m+fp/softfp\libc.a(lib_a-closer.o)
                0x0000918c                _close_r
 .text._fclose_r
                0x000091b0       0xcc c:/maximsdk/tools/gnutools/10.3/bin/../lib/gcc/arm-none-eabi/10.3.1/../../../../arm-none-eabi/lib/thumb/v7e-m+fp/softfp\libc.a(lib_a-fclose.o)
                0x000091b0                _fclose_r
 .text.fiprintf
                0x0000927c       0x28 c:/maximsdk/tools/gnutools/10.3/bin/../lib/gcc/arm-none-eabi/10.3.1/../../../../arm-none-eabi/lib/thumb/v7e-m+fp/softfp\libc.a(lib_a-fiprintf.o)
                0x0000927c                fiprintf
 .text.__fputwc
                0x000092a4       0xa8 c:/maximsdk/tools/gnutools/10.3/bin/../lib/gcc/arm-none-eabi/10.3.1/../../../../arm-none-eabi/lib/thumb/v7e-m+fp/softfp\libc.a(lib_a-fputwc.o)
                0x000092a4                __fputwc
 .text._fputwc_r
                0x0000934c       0x68 c:/maximsdk/tools/gnutools/10.3/bin/../lib/gcc/arm-none-eabi/10.3.1/../../../../arm-none-eabi/lib/thumb/v7e-m+fp/softfp\libc.a(lib_a-fputwc.o)
                0x0000934c                _fputwc_r
 .text._fstat_r
                0x000093b4       0x2c c:/maximsdk/tools/gnutools/10.3/bin/../lib/gcc/arm-none-eabi/10.3.1/../../../../arm-none-eabi/lib/thumb/v7e-m+fp/softfp\libc.a(lib_a-fstatr.o)
                0x000093b4                _fstat_r
 .text._isatty_r
                0x000093e0       0x24 c:/maximsdk/tools/gnutools/10.3/bin/../lib/gcc/arm-none-eabi/10.3.1/../../../../arm-none-eabi/lib/thumb/v7e-m+fp/softfp\libc.a(lib_a-isattyr.o)
                0x000093e0                _isatty_r
 .text.__locale_mb_cur_max
                0x00009404        0xc c:/maximsdk/tools/gnutools/10.3/bin/../lib/gcc/arm-none-eabi/10.3.1/../../../../arm-none-eabi/lib/thumb/v7e-m+fp/softfp\libc.a(lib_a-locale.o)
                0x00009404                __locale_mb_cur_max
 .text._lseek_r
                0x00009410       0x2c c:/maximsdk/tools/gnutools/10.3/bin/../lib/gcc/arm-none-eabi/10.3.1/../../../../arm-none-eabi/lib/thumb/v7e-m+fp/softfp\libc.a(lib_a-lseekr.o)
                0x00009410                _lseek_r
 .text.__ascii_mbtowc
                0x0000943c       0x2c c:/maximsdk/tools/gnutools/10.3/bin/../lib/gcc/arm-none-eabi/10.3.1/../../../../arm-none-eabi/lib/thumb/v7e-m+fp/softfp\libc.a(lib_a-mbtowc_r.o)
                0x0000943c                __ascii_mbtowc
 .text._read_r  0x00009468       0x2c c:/maximsdk/tools/gnutools/10.3/bin/../lib/gcc/arm-none-eabi/10.3.1/../../../../arm-none-eabi/lib/thumb/v7e-m+fp/softfp\libc.a(lib_a-readr.o)
                0x00009468                _read_r
 .text.__swbuf_r
                0x00009494       0xb0 c:/maximsdk/tools/gnutools/10.3/bin/../lib/gcc/arm-none-eabi/10.3.1/../../../../arm-none-eabi/lib/thumb/v7e-m+fp/softfp\libc.a(lib_a-wbuf.o)
                0x00009494                __swbuf_r
 .text._wcrtomb_r
                0x00009544       0x3c c:/maximsdk/tools/gnutools/10.3/bin/../lib/gcc/arm-none-eabi/10.3.1/../../../../arm-none-eabi/lib/thumb/v7e-m+fp/softfp\libc.a(lib_a-wcrtomb.o)
                0x00009544                _wcrtomb_r
 .text.__ascii_wctomb
                0x00009580       0x1c c:/maximsdk/tools/gnutools/10.3/bin/../lib/gcc/arm-none-eabi/10.3.1/../../../../arm-none-eabi/lib/thumb/v7e-m+fp/softfp\libc.a(lib_a-wctomb_r.o)
                0x00009580                __ascii_wctomb
 .text.abort    0x0000959c       0x10 c:/maximsdk/tools/gnutools/10.3/bin/../lib/gcc/arm-none-eabi/10.3.1/../../../../arm-none-eabi/lib/thumb/v7e-m+fp/softfp\libc.a(lib_a-abort.o)
                0x0000959c                abort
 .text.raise    0x000095ac       0x5c c:/maximsdk/tools/gnutools/10.3/bin/../lib/gcc/arm-none-eabi/10.3.1/../../../../arm-none-eabi/lib/thumb/v7e-m+fp/softfp\libc.a(lib_a-signal.o)
                0x000095ac                raise
 .text._kill_r  0x00009608       0x2c c:/maximsdk/tools/gnutools/10.3/bin/../lib/gcc/arm-none-eabi/10.3.1/../../../../arm-none-eabi/lib/thumb/v7e-m+fp/softfp\libc.a(lib_a-signalr.o)
                0x00009608                _kill_r
 .text._getpid_r
                0x00009634        0x4 c:/maximsdk/tools/gnutools/10.3/bin/../lib/gcc/arm-none-eabi/10.3.1/../../../../arm-none-eabi/lib/thumb/v7e-m+fp/softfp\libc.a(lib_a-signalr.o)
                0x00009634                _getpid_r
 .text._getpid  0x00009638       0x10 c:/maximsdk/tools/gnutools/10.3/bin/../lib/gcc/arm-none-eabi/10.3.1/../../../../arm-none-eabi/lib/thumb/v7e-m+fp/softfp\libnosys.a(getpid.o)
                0x00009638                _getpid
 .text._kill    0x00009648       0x10 c:/maximsdk/tools/gnutools/10.3/bin/../lib/gcc/arm-none-eabi/10.3.1/../../../../arm-none-eabi/lib/thumb/v7e-m+fp/softfp\libnosys.a(kill.o)
                0x00009648                _kill
 .text._exit    0x00009658        0x4 c:/maximsdk/tools/gnutools/10.3/bin/../lib/gcc/arm-none-eabi/10.3.1/../../../../arm-none-eabi/lib/thumb/v7e-m+fp/softfp\libnosys.a(_exit.o)
                0x00009658                _exit
 .text          0x0000965c      0x378 c:/maximsdk/tools/gnutools/10.3/bin/../lib/gcc/arm-none-eabi/10.3.1/thumb/v7e-m+fp/softfp\libgcc.a(_arm_addsubdf3.o)
                0x0000965c                __aeabi_drsub
                0x00009664                __aeabi_dsub
                0x00009664                __subdf3
                0x00009668                __aeabi_dadd
                0x00009668                __adddf3
                0x000098e0                __floatunsidf
                0x000098e0                __aeabi_ui2d
                0x00009900                __floatsidf
                0x00009900                __aeabi_i2d
                0x00009924                __aeabi_f2d
                0x00009924                __extendsfdf2
                0x00009968                __floatundidf
                0x00009968                __aeabi_ul2d
                0x00009978                __floatdidf
                0x00009978                __aeabi_l2d
 .text          0x000099d4      0x424 c:/maximsdk/tools/gnutools/10.3/bin/../lib/gcc/arm-none-eabi/10.3.1/thumb/v7e-m+fp/softfp\libgcc.a(_arm_muldivdf3.o)
                0x000099d4                __aeabi_dmul
                0x000099d4                __muldf3
                0x00009c28                __divdf3
                0x00009c28                __aeabi_ddiv
 .text          0x00009df8      0x110 c:/maximsdk/tools/gnutools/10.3/bin/../lib/gcc/arm-none-eabi/10.3.1/thumb/v7e-m+fp/softfp\libgcc.a(_arm_cmpdf2.o)
                0x00009df8                __gtdf2
                0x00009df8                __gedf2
                0x00009e00                __ltdf2
                0x00009e00                __ledf2
                0x00009e08                __nedf2
                0x00009e08                __eqdf2
                0x00009e08                __cmpdf2
                0x00009e84                __aeabi_cdrcmple
                0x00009e94                __aeabi_cdcmpeq
                0x00009e94                __aeabi_cdcmple
                0x00009ea4                __aeabi_dcmpeq
                0x00009eb8                __aeabi_dcmplt
                0x00009ecc                __aeabi_dcmple
                0x00009ee0                __aeabi_dcmpge
                0x00009ef4                __aeabi_dcmpgt
 .text          0x00009f08       0x2c c:/maximsdk/tools/gnutools/10.3/bin/../lib/gcc/arm-none-eabi/10.3.1/thumb/v7e-m+fp/softfp\libgcc.a(_arm_unorddf2.o)
                0x00009f08                __unorddf2
                0x00009f08                __aeabi_dcmpun
 .text          0x00009f34       0x50 c:/maximsdk/tools/gnutools/10.3/bin/../lib/gcc/arm-none-eabi/10.3.1/thumb/v7e-m+fp/softfp\libgcc.a(_arm_fixdfsi.o)
                0x00009f34                __aeabi_d2iz
                0x00009f34                __fixdfsi
 .text          0x00009f84       0x30 c:/maximsdk/tools/gnutools/10.3/bin/../lib/gcc/arm-none-eabi/10.3.1/thumb/v7e-m+fp/softfp\libgcc.a(_aeabi_uldivmod.o)
                0x00009f84                __aeabi_uldivmod
 .text          0x00009fb4      0x2d0 c:/maximsdk/tools/gnutools/10.3/bin/../lib/gcc/arm-none-eabi/10.3.1/thumb/v7e-m+fp/softfp\libgcc.a(_udivmoddi4.o)
                0x00009fb4                __udivmoddi4
 .text          0x0000a284        0x4 c:/maximsdk/tools/gnutools/10.3/bin/../lib/gcc/arm-none-eabi/10.3.1/thumb/v7e-m+fp/softfp\libgcc.a(_dvmd_tls.o)
                0x0000a284                __aeabi_idiv0
                0x0000a284                __aeabi_ldiv0
 *(.rodata*)
 .rodata.gpio_isr.str1.4
                0x0000a288       0x28 C:/Users/ahammad.n/Desktop/Maxim_Micro_Workspace/Single_Cell_USB_PD_Gui_Driver/build/main.o
 .rodata.VBUS_ADC_Voltage_print.str1.4
                0x0000a2b0      0x2e9 C:/Users/ahammad.n/Desktop/Maxim_Micro_Workspace/Single_Cell_USB_PD_Gui_Driver/build/main.o
 *fill*         0x0000a599        0x3 
 .rodata.Port_current_print.str1.4
                0x0000a59c       0x30 C:/Users/ahammad.n/Desktop/Maxim_Micro_Workspace/Single_Cell_USB_PD_Gui_Driver/build/main.o
 .rodata.PD_Message_Print.str1.4
                0x0000a5cc      0x48f C:/Users/ahammad.n/Desktop/Maxim_Micro_Workspace/Single_Cell_USB_PD_Gui_Driver/build/main.o
                                0x4fb (size before relaxing)
 *fill*         0x0000aa5b        0x1 
 .rodata.Port_Detection_Status_Voltage_current_Read.str1.4
                0x0000aa5c      0x124 C:/Users/ahammad.n/Desktop/Maxim_Micro_Workspace/Single_Cell_USB_PD_Gui_Driver/build/main.o
                                0x130 (size before relaxing)
 .rodata.UART1_Handler.str1.4
                0x0000ab80       0x42 C:/Users/ahammad.n/Desktop/Maxim_Micro_Workspace/Single_Cell_USB_PD_Gui_Driver/build/main.o
                                 0x46 (size before relaxing)
 *fill*         0x0000abc2        0x2 
 .rodata.Mask_and_Read_Interrupts.str1.4
                0x0000abc4       0x52 C:/Users/ahammad.n/Desktop/Maxim_Micro_Workspace/Single_Cell_USB_PD_Gui_Driver/build/main.o
 *fill*         0x0000ac16        0x2 
 .rodata.main.str1.4
                0x0000ac18       0x71 C:/Users/ahammad.n/Desktop/Maxim_Micro_Workspace/Single_Cell_USB_PD_Gui_Driver/build/main.o
 *fill*         0x0000ac89        0x3 
 .rodata.mxc_assert.str1.4
                0x0000ac8c       0x19 C:/Users/ahammad.n/Desktop/Maxim_Micro_Workspace/Single_Cell_USB_PD_Gui_Driver/build/board.o
 *fill*         0x0000aca5        0x3 
 .rodata.Board_Init.str1.4
                0x0000aca8       0x45 C:/Users/ahammad.n/Desktop/Maxim_Micro_Workspace/Single_Cell_USB_PD_Gui_Driver/build/board.o
 *fill*         0x0000aced        0x3 
 .rodata.led_pin
                0x0000acf0        0xc C:/Users/ahammad.n/Desktop/Maxim_Micro_Workspace/Single_Cell_USB_PD_Gui_Driver/build/board.o
                0x0000acf0                led_pin
 .rodata.num_leds
                0x0000acfc        0x4 C:/Users/ahammad.n/Desktop/Maxim_Micro_Workspace/Single_Cell_USB_PD_Gui_Driver/build/board.o
                0x0000acfc                num_leds
 .rodata.num_pbs
                0x0000ad00        0x4 C:/Users/ahammad.n/Desktop/Maxim_Micro_Workspace/Single_Cell_USB_PD_Gui_Driver/build/board.o
                0x0000ad00                num_pbs
 .rodata.pb_pin
                0x0000ad04        0xc C:/Users/ahammad.n/Desktop/Maxim_Micro_Workspace/Single_Cell_USB_PD_Gui_Driver/build/board.o
                0x0000ad04                pb_pin
 .rodata.LED_On.str1.4
                0x0000ad10       0x4f C:/Users/ahammad.n/Desktop/Maxim_Micro_Workspace/Single_Cell_USB_PD_Gui_Driver/build/led.o
 *fill*         0x0000ad5f        0x1 
 .rodata.gpio_cfg_i2c0
                0x0000ad60        0xc C:/MaximSDK/Libraries/PeriphDrivers/bin/MAX32660/softfp/libPeriphDriver_softfp.a(pins_me11.o)
                0x0000ad60                gpio_cfg_i2c0
 .rodata.gpio_cfg_i2c1
                0x0000ad6c        0xc C:/MaximSDK/Libraries/PeriphDrivers/bin/MAX32660/softfp/libPeriphDriver_softfp.a(pins_me11.o)
                0x0000ad6c                gpio_cfg_i2c1
 .rodata.gpio_cfg_uart0
                0x0000ad78        0xc C:/MaximSDK/Libraries/PeriphDrivers/bin/MAX32660/softfp/libPeriphDriver_softfp.a(pins_me11.o)
                0x0000ad78                gpio_cfg_uart0
 .rodata.gpio_cfg_uart1a
                0x0000ad84        0xc C:/MaximSDK/Libraries/PeriphDrivers/bin/MAX32660/softfp/libPeriphDriver_softfp.a(pins_me11.o)
                0x0000ad84                gpio_cfg_uart1a
 .rodata.gpio_cfg_uart1b
                0x0000ad90        0xc C:/MaximSDK/Libraries/PeriphDrivers/bin/MAX32660/softfp/libPeriphDriver_softfp.a(pins_me11.o)
                0x0000ad90                gpio_cfg_uart1b
 .rodata.gpio_cfg_uart1c
                0x0000ad9c        0xc C:/MaximSDK/Libraries/PeriphDrivers/bin/MAX32660/softfp/libPeriphDriver_softfp.a(pins_me11.o)
                0x0000ad9c                gpio_cfg_uart1c
 .rodata.MXC_GPIO_Common_Handler.str1.4
                0x0000ada8       0x66 C:/MaximSDK/Libraries/PeriphDrivers/bin/MAX32660/softfp/libPeriphDriver_softfp.a(gpio_common.o)
 *fill*         0x0000ae0e        0x2 
 .rodata._global_impure_ptr
                0x0000ae10        0x4 c:/maximsdk/tools/gnutools/10.3/bin/../lib/gcc/arm-none-eabi/10.3.1/../../../../arm-none-eabi/lib/thumb/v7e-m+fp/softfp\libc.a(lib_a-impure.o)
                0x0000ae10                _global_impure_ptr
 .rodata._puts_r.str1.4
                0x0000ae14       0x66 c:/maximsdk/tools/gnutools/10.3/bin/../lib/gcc/arm-none-eabi/10.3.1/../../../../arm-none-eabi/lib/thumb/v7e-m+fp/softfp\libc.a(lib_a-puts.o)
                                  0x2 (size before relaxing)
 .rodata._vfprintf_r.str1.4
                0x0000ae14       0x42 c:/maximsdk/tools/gnutools/10.3/bin/../lib/gcc/arm-none-eabi/10.3.1/../../../../arm-none-eabi/lib/thumb/v7e-m+fp/softfp\libc.a(lib_a-vfprintf.o)
 *fill*         0x0000ae56        0x2 
 .rodata.blanks.1
                0x0000ae58       0x10 c:/maximsdk/tools/gnutools/10.3/bin/../lib/gcc/arm-none-eabi/10.3.1/../../../../arm-none-eabi/lib/thumb/v7e-m+fp/softfp\libc.a(lib_a-vfprintf.o)
 .rodata.zeroes.0
                0x0000ae68       0x10 c:/maximsdk/tools/gnutools/10.3/bin/../lib/gcc/arm-none-eabi/10.3.1/../../../../arm-none-eabi/lib/thumb/v7e-m+fp/softfp\libc.a(lib_a-vfprintf.o)
 .rodata._dtoa_r.str1.4
                0x0000ae78       0xa2 c:/maximsdk/tools/gnutools/10.3/bin/../lib/gcc/arm-none-eabi/10.3.1/../../../../arm-none-eabi/lib/thumb/v7e-m+fp/softfp\libc.a(lib_a-dtoa.o)
                                 0xa6 (size before relaxing)
 *fill*         0x0000af1a        0x2 
 .rodata.__multadd.str1.4
                0x0000af1c       0x7f c:/maximsdk/tools/gnutools/10.3/bin/../lib/gcc/arm-none-eabi/10.3.1/../../../../arm-none-eabi/lib/thumb/v7e-m+fp/softfp\libc.a(lib_a-mprec.o)
                                 0x93 (size before relaxing)
 *fill*         0x0000af9b        0x5 
 .rodata.__mprec_bigtens
                0x0000afa0       0x28 c:/maximsdk/tools/gnutools/10.3/bin/../lib/gcc/arm-none-eabi/10.3.1/../../../../arm-none-eabi/lib/thumb/v7e-m+fp/softfp\libc.a(lib_a-mprec.o)
                0x0000afa0                __mprec_bigtens
 .rodata.__mprec_tens
                0x0000afc8       0xc8 c:/maximsdk/tools/gnutools/10.3/bin/../lib/gcc/arm-none-eabi/10.3.1/../../../../arm-none-eabi/lib/thumb/v7e-m+fp/softfp\libc.a(lib_a-mprec.o)
                0x0000afc8                __mprec_tens
 .rodata.p05.0  0x0000b090        0xc c:/maximsdk/tools/gnutools/10.3/bin/../lib/gcc/arm-none-eabi/10.3.1/../../../../arm-none-eabi/lib/thumb/v7e-m+fp/softfp\libc.a(lib_a-mprec.o)
 .rodata._vfiprintf_r.str1.4
                0x0000b09c       0x2f c:/maximsdk/tools/gnutools/10.3/bin/../lib/gcc/arm-none-eabi/10.3.1/../../../../arm-none-eabi/lib/thumb/v7e-m+fp/softfp\libc.a(lib_a-vfiprintf.o)
 .rodata.blanks.1
                0x0000b09c       0x10 c:/maximsdk/tools/gnutools/10.3/bin/../lib/gcc/arm-none-eabi/10.3.1/../../../../arm-none-eabi/lib/thumb/v7e-m+fp/softfp\libc.a(lib_a-vfiprintf.o)
 .rodata.zeroes.0
                0x0000b0ac       0x10 c:/maximsdk/tools/gnutools/10.3/bin/../lib/gcc/arm-none-eabi/10.3.1/../../../../arm-none-eabi/lib/thumb/v7e-m+fp/softfp\libc.a(lib_a-vfiprintf.o)
 .rodata.__assert_func.str1.4
                0x0000b0bc       0x3f c:/maximsdk/tools/gnutools/10.3/bin/../lib/gcc/arm-none-eabi/10.3.1/../../../../arm-none-eabi/lib/thumb/v7e-m+fp/softfp\libc.a(lib_a-assert.o)
                                 0x43 (size before relaxing)
 *fill*         0x0000b0fb        0x1 
 .rodata._setlocale_r.str1.4
                0x0000b0fc        0x6 c:/maximsdk/tools/gnutools/10.3/bin/../lib/gcc/arm-none-eabi/10.3.1/../../../../arm-none-eabi/lib/thumb/v7e-m+fp/softfp\libc.a(lib_a-locale.o)
                                  0xd (size before relaxing)
 *fill*         0x0000b102        0x2 
 .rodata.str1.4
                0x0000b104        0x2 c:/maximsdk/tools/gnutools/10.3/bin/../lib/gcc/arm-none-eabi/10.3.1/../../../../arm-none-eabi/lib/thumb/v7e-m+fp/softfp\libc.a(lib_a-locale.o)
 *fill*         0x0000b106        0x2 
 .rodata._ctype_
                0x0000b108      0x101 c:/maximsdk/tools/gnutools/10.3/bin/../lib/gcc/arm-none-eabi/10.3.1/../../../../arm-none-eabi/lib/thumb/v7e-m+fp/softfp\libc.a(lib_a-ctype_.o)
                0x0000b108                _ctype_
 *(.flashprog*)
 *(.init)
 *fill*         0x0000b209        0x3 
 .init          0x0000b20c        0x4 c:/maximsdk/tools/gnutools/10.3/bin/../lib/gcc/arm-none-eabi/10.3.1/thumb/v7e-m+fp/softfp/crti.o
                0x0000b20c                _init
 .init          0x0000b210        0x8 c:/maximsdk/tools/gnutools/10.3/bin/../lib/gcc/arm-none-eabi/10.3.1/thumb/v7e-m+fp/softfp/crtn.o
 *(.fini)
 .fini          0x0000b218        0x4 c:/maximsdk/tools/gnutools/10.3/bin/../lib/gcc/arm-none-eabi/10.3.1/thumb/v7e-m+fp/softfp/crti.o
                0x0000b218                _fini
 .fini          0x0000b21c        0x8 c:/maximsdk/tools/gnutools/10.3/bin/../lib/gcc/arm-none-eabi/10.3.1/thumb/v7e-m+fp/softfp/crtn.o
 *(.eh_frame*)
 .eh_frame      0x0000b224        0x0 c:/maximsdk/tools/gnutools/10.3/bin/../lib/gcc/arm-none-eabi/10.3.1/thumb/v7e-m+fp/softfp/crtbegin.o
 .eh_frame      0x0000b224        0x4 c:/maximsdk/tools/gnutools/10.3/bin/../lib/gcc/arm-none-eabi/10.3.1/thumb/v7e-m+fp/softfp/crtend.o
                0x0000b228                _etext = .

.glue_7         0x0000b228        0x0
 .glue_7        0x0000b228        0x0 linker stubs

.glue_7t        0x0000b228        0x0
 .glue_7t       0x0000b228        0x0 linker stubs

.vfp11_veneer   0x0000b228        0x0
 .vfp11_veneer  0x0000b228        0x0 linker stubs

.v4_bx          0x0000b228        0x0
 .v4_bx         0x0000b228        0x0 linker stubs

.iplt           0x0000b228        0x0
 .iplt          0x0000b228        0x0 c:/maximsdk/tools/gnutools/10.3/bin/../lib/gcc/arm-none-eabi/10.3.1/thumb/v7e-m+fp/softfp/crtbegin.o

.ARM.exidx      0x0000b228        0x8
                0x0000b228                __exidx_start = .
 *(.ARM.exidx*)
 .ARM.exidx     0x0000b228        0x8 c:/maximsdk/tools/gnutools/10.3/bin/../lib/gcc/arm-none-eabi/10.3.1/thumb/v7e-m+fp/softfp\libgcc.a(_udivmoddi4.o)
                0x0000b230                __exidx_end = .

.rel.dyn        0x0000b230        0x0
 .rel.iplt      0x0000b230        0x0 c:/maximsdk/tools/gnutools/10.3/bin/../lib/gcc/arm-none-eabi/10.3.1/thumb/v7e-m+fp/softfp/crtbegin.o

.data           0x20000000      0x9cc load address 0x0000b230
                0x20000000                _data = ALIGN (., 0x4)
 *(.data*)
 .data.ConsoleUART
                0x20000000        0x4 C:/Users/ahammad.n/Desktop/Maxim_Micro_Workspace/Single_Cell_USB_PD_Gui_Driver/build/main.o
                0x20000000                ConsoleUART
 .data.Max_byte_len
                0x20000004        0x4 C:/Users/ahammad.n/Desktop/Maxim_Micro_Workspace/Single_Cell_USB_PD_Gui_Driver/build/main.o
                0x20000004                Max_byte_len
 .data.ConsoleUart
                0x20000008        0x4 C:/Users/ahammad.n/Desktop/Maxim_Micro_Workspace/Single_Cell_USB_PD_Gui_Driver/build/board.o
                0x20000008                ConsoleUart
 .data.SystemCoreClock
                0x2000000c        0x4 C:/Users/ahammad.n/Desktop/Maxim_Micro_Workspace/Single_Cell_USB_PD_Gui_Driver/build/system_max32660.o
                0x2000000c                SystemCoreClock
 .data.overflows
                0x20000010        0x4 C:/MaximSDK/Libraries/PeriphDrivers/bin/MAX32660/softfp/libPeriphDriver_softfp.a(mxc_delay.o)
 .data._impure_ptr
                0x20000014        0x4 c:/maximsdk/tools/gnutools/10.3/bin/../lib/gcc/arm-none-eabi/10.3.1/../../../../arm-none-eabi/lib/thumb/v7e-m+fp/softfp\libc.a(lib_a-impure.o)
                0x20000014                _impure_ptr
 .data.impure_data
                0x20000018      0x428 c:/maximsdk/tools/gnutools/10.3/bin/../lib/gcc/arm-none-eabi/10.3.1/../../../../arm-none-eabi/lib/thumb/v7e-m+fp/softfp\libc.a(lib_a-impure.o)
 .data.__atexit_recursive_mutex
                0x20000440        0x4 c:/maximsdk/tools/gnutools/10.3/bin/../lib/gcc/arm-none-eabi/10.3.1/../../../../arm-none-eabi/lib/thumb/v7e-m+fp/softfp\libc.a(lib_a-__call_atexit.o)
                0x20000440                __atexit_recursive_mutex
 .data.__malloc_av_
                0x20000444      0x408 c:/maximsdk/tools/gnutools/10.3/bin/../lib/gcc/arm-none-eabi/10.3.1/../../../../arm-none-eabi/lib/thumb/v7e-m+fp/softfp\libc.a(lib_a-mallocr.o)
                0x20000444                __malloc_av_
 .data.__malloc_sbrk_base
                0x2000084c        0x4 c:/maximsdk/tools/gnutools/10.3/bin/../lib/gcc/arm-none-eabi/10.3.1/../../../../arm-none-eabi/lib/thumb/v7e-m+fp/softfp\libc.a(lib_a-mallocr.o)
                0x2000084c                __malloc_sbrk_base
 .data.__malloc_trim_threshold
                0x20000850        0x4 c:/maximsdk/tools/gnutools/10.3/bin/../lib/gcc/arm-none-eabi/10.3.1/../../../../arm-none-eabi/lib/thumb/v7e-m+fp/softfp\libc.a(lib_a-mallocr.o)
                0x20000850                __malloc_trim_threshold
 .data.__global_locale
                0x20000854      0x16c c:/maximsdk/tools/gnutools/10.3/bin/../lib/gcc/arm-none-eabi/10.3.1/../../../../arm-none-eabi/lib/thumb/v7e-m+fp/softfp\libc.a(lib_a-locale.o)
                0x20000854                __global_locale
 *(.spix_config*)
                0x200009c0                . = ALIGN (0x4)
                0x200009c0                PROVIDE (__preinit_array_start = .)
 *(.preinit_array)
                0x200009c0                PROVIDE (__preinit_array_end = .)
                0x200009c0                . = ALIGN (0x4)
                0x200009c0                PROVIDE (__init_array_start = .)
 *(SORT_BY_NAME(.init_array.*))
 .init_array.00000
                0x200009c0        0x4 c:/maximsdk/tools/gnutools/10.3/bin/../lib/gcc/arm-none-eabi/10.3.1/../../../../arm-none-eabi/lib/thumb/v7e-m+fp/softfp\libc.a(lib_a-__call_atexit.o)
 *(.init_array)
 .init_array    0x200009c4        0x4 c:/maximsdk/tools/gnutools/10.3/bin/../lib/gcc/arm-none-eabi/10.3.1/thumb/v7e-m+fp/softfp/crtbegin.o
                0x200009c8                PROVIDE (__init_array_end = .)
                0x200009c8                . = ALIGN (0x4)
                0x200009c8                PROVIDE (__fini_array_start = .)
 *(SORT_BY_NAME(.fini_array.*))
 *(.fini_array)
 .fini_array    0x200009c8        0x4 c:/maximsdk/tools/gnutools/10.3/bin/../lib/gcc/arm-none-eabi/10.3.1/thumb/v7e-m+fp/softfp/crtbegin.o
                0x200009cc                PROVIDE (__fini_array_end = .)
                0x200009cc                _edata = ALIGN (., 0x4)
                0x0000b230                __load_data = LOADADDR (.data)

.igot.plt       0x200009cc        0x0 load address 0x0000bbfc
 .igot.plt      0x200009cc        0x0 c:/maximsdk/tools/gnutools/10.3/bin/../lib/gcc/arm-none-eabi/10.3.1/thumb/v7e-m+fp/softfp/crtbegin.o

.bss            0x20000a00      0x614 load address 0x0000bbfc
                0x20000a00                . = ALIGN (0x4)
                0x20000a00                _bss = .
 *(.bss*)
 .bss           0x20000a00       0x1c c:/maximsdk/tools/gnutools/10.3/bin/../lib/gcc/arm-none-eabi/10.3.1/thumb/v7e-m+fp/softfp/crtbegin.o
 .bss.Action_Interrupt
                0x20000a1c        0x1 C:/Users/ahammad.n/Desktop/Maxim_Micro_Workspace/Single_Cell_USB_PD_Gui_Driver/build/main.o
                0x20000a1c                Action_Interrupt
 *fill*         0x20000a1d        0x3 
 .bss.CC_Interrupt
                0x20000a20        0x1 C:/Users/ahammad.n/Desktop/Maxim_Micro_Workspace/Single_Cell_USB_PD_Gui_Driver/build/main.o
                0x20000a20                CC_Interrupt
 *fill*         0x20000a21        0x3 
 .bss.CC_Istat  0x20000a24        0x1 C:/Users/ahammad.n/Desktop/Maxim_Micro_Workspace/Single_Cell_USB_PD_Gui_Driver/build/main.o
                0x20000a24                CC_Istat
 .bss.Current_value
                0x20000a25        0x1 C:/Users/ahammad.n/Desktop/Maxim_Micro_Workspace/Single_Cell_USB_PD_Gui_Driver/build/main.o
                0x20000a25                Current_value
 *fill*         0x20000a26        0x2 
 .bss.PDO       0x20000a28       0x1c C:/Users/ahammad.n/Desktop/Maxim_Micro_Workspace/Single_Cell_USB_PD_Gui_Driver/build/main.o
                0x20000a28                PDO
 .bss.PDO_quick
                0x20000a44       0x1c C:/Users/ahammad.n/Desktop/Maxim_Micro_Workspace/Single_Cell_USB_PD_Gui_Driver/build/main.o
                0x20000a44                PDO_quick
 .bss.PD_Interrupt
                0x20000a60        0x1 C:/Users/ahammad.n/Desktop/Maxim_Micro_Workspace/Single_Cell_USB_PD_Gui_Driver/build/main.o
                0x20000a60                PD_Interrupt
 .bss.PD_Status_value
                0x20000a61        0x1 C:/Users/ahammad.n/Desktop/Maxim_Micro_Workspace/Single_Cell_USB_PD_Gui_Driver/build/main.o
                0x20000a61                PD_Status_value
 *fill*         0x20000a62        0x2 
 .bss.RxData    0x20000a64       0xff C:/Users/ahammad.n/Desktop/Maxim_Micro_Workspace/Single_Cell_USB_PD_Gui_Driver/build/main.o
                0x20000a64                RxData
 *fill*         0x20000b63        0x1 
 .bss.UIC_Interrupt
                0x20000b64        0x1 C:/Users/ahammad.n/Desktop/Maxim_Micro_Workspace/Single_Cell_USB_PD_Gui_Driver/build/main.o
                0x20000b64                UIC_Interrupt
 *fill*         0x20000b65        0x3 
 .bss.USB_STATUS_1_Read
                0x20000b68        0x1 C:/Users/ahammad.n/Desktop/Maxim_Micro_Workspace/Single_Cell_USB_PD_Gui_Driver/build/main.o
                0x20000b68                USB_STATUS_1_Read
 .bss.Voltage_value
                0x20000b69        0x1 C:/Users/ahammad.n/Desktop/Maxim_Micro_Workspace/Single_Cell_USB_PD_Gui_Driver/build/main.o
                0x20000b69                Voltage_value
 *fill*         0x20000b6a        0x2 
 .bss.count     0x20000b6c        0x4 C:/Users/ahammad.n/Desktop/Maxim_Micro_Workspace/Single_Cell_USB_PD_Gui_Driver/build/main.o
                0x20000b6c                count
 .bss.count_quick
                0x20000b70        0x4 C:/Users/ahammad.n/Desktop/Maxim_Micro_Workspace/Single_Cell_USB_PD_Gui_Driver/build/main.o
                0x20000b70                count_quick
 .bss.crRecv    0x20000b74        0x1 C:/Users/ahammad.n/Desktop/Maxim_Micro_Workspace/Single_Cell_USB_PD_Gui_Driver/build/main.o
                0x20000b74                crRecv
 .bss.crRecv_quick
                0x20000b75        0x1 C:/Users/ahammad.n/Desktop/Maxim_Micro_Workspace/Single_Cell_USB_PD_Gui_Driver/build/main.o
                0x20000b75                crRecv_quick
 *fill*         0x20000b76        0x2 
 .bss.curr_src_cap_combined
                0x20000b78       0x28 C:/Users/ahammad.n/Desktop/Maxim_Micro_Workspace/Single_Cell_USB_PD_Gui_Driver/build/main.o
                0x20000b78                curr_src_cap_combined
 .bss.receive_buffer1
                0x20000ba0        0x4 C:/Users/ahammad.n/Desktop/Maxim_Micro_Workspace/Single_Cell_USB_PD_Gui_Driver/build/main.o
                0x20000ba0                receive_buffer1
 .bss.receive_buffer8
                0x20000ba4        0x4 C:/Users/ahammad.n/Desktop/Maxim_Micro_Workspace/Single_Cell_USB_PD_Gui_Driver/build/main.o
                0x20000ba4                receive_buffer8
 .bss.reqMaster
                0x20000ba8       0x20 C:/Users/ahammad.n/Desktop/Maxim_Micro_Workspace/Single_Cell_USB_PD_Gui_Driver/build/main.o
                0x20000ba8                reqMaster
 .bss.rxBuf     0x20000bc8       0x64 C:/Users/ahammad.n/Desktop/Maxim_Micro_Workspace/Single_Cell_USB_PD_Gui_Driver/build/main.o
                0x20000bc8                rxBuf
 .bss.snk_PDO_req_combined
                0x20000c2c       0x28 C:/Users/ahammad.n/Desktop/Maxim_Micro_Workspace/Single_Cell_USB_PD_Gui_Driver/build/main.o
                0x20000c2c                snk_PDO_req_combined
 .bss.src_cap_req_combined
                0x20000c54        0x4 C:/Users/ahammad.n/Desktop/Maxim_Micro_Workspace/Single_Cell_USB_PD_Gui_Driver/build/main.o
                0x20000c54                src_cap_req_combined
 .bss.heap_end  0x20000c58        0x4 C:/Users/ahammad.n/Desktop/Maxim_Micro_Workspace/Single_Cell_USB_PD_Gui_Driver/build/heap.o
 .bss.cbFunc    0x20000c5c        0x4 C:/MaximSDK/Libraries/PeriphDrivers/bin/MAX32660/softfp/libPeriphDriver_softfp.a(mxc_delay.o)
 .bss.ctrl_save
                0x20000c60        0x4 C:/MaximSDK/Libraries/PeriphDrivers/bin/MAX32660/softfp/libPeriphDriver_softfp.a(mxc_delay.o)
 .bss.endtick   0x20000c64        0x4 C:/MaximSDK/Libraries/PeriphDrivers/bin/MAX32660/softfp/libPeriphDriver_softfp.a(mxc_delay.o)
 *fill*         0x20000c68      0x198 
 .bss.ramVectorTable
                0x20000e00      0x11c C:/MaximSDK/Libraries/PeriphDrivers/bin/MAX32660/softfp/libPeriphDriver_softfp.a(nvic_table.o)
 .bss.states    0x20000f1c       0x30 C:/MaximSDK/Libraries/PeriphDrivers/bin/MAX32660/softfp/libPeriphDriver_softfp.a(i2c_reva.o)
 .bss.RxAsyncRequests
                0x20000f4c        0x8 C:/MaximSDK/Libraries/PeriphDrivers/bin/MAX32660/softfp/libPeriphDriver_softfp.a(uart_reva.o)
 .bss.TxAsyncRequests
                0x20000f54        0x8 C:/MaximSDK/Libraries/PeriphDrivers/bin/MAX32660/softfp/libPeriphDriver_softfp.a(uart_reva.o)
 .bss.callback  0x20000f5c       0x38 C:/MaximSDK/Libraries/PeriphDrivers/bin/MAX32660/softfp/libPeriphDriver_softfp.a(gpio_common.o)
 .bss.cbparam   0x20000f94       0x38 C:/MaximSDK/Libraries/PeriphDrivers/bin/MAX32660/softfp/libPeriphDriver_softfp.a(gpio_common.o)
 .bss.__lock___atexit_recursive_mutex
                0x20000fcc        0x1 c:/maximsdk/tools/gnutools/10.3/bin/../lib/gcc/arm-none-eabi/10.3.1/../../../../arm-none-eabi/lib/thumb/v7e-m+fp/softfp\libc.a(lib_a-lock.o)
                0x20000fcc                __lock___atexit_recursive_mutex
 *fill*         0x20000fcd        0x3 
 .bss.__lock___malloc_recursive_mutex
                0x20000fd0        0x1 c:/maximsdk/tools/gnutools/10.3/bin/../lib/gcc/arm-none-eabi/10.3.1/../../../../arm-none-eabi/lib/thumb/v7e-m+fp/softfp\libc.a(lib_a-lock.o)
                0x20000fd0                __lock___malloc_recursive_mutex
 *fill*         0x20000fd1        0x3 
 .bss.__lock___sfp_recursive_mutex
                0x20000fd4        0x1 c:/maximsdk/tools/gnutools/10.3/bin/../lib/gcc/arm-none-eabi/10.3.1/../../../../arm-none-eabi/lib/thumb/v7e-m+fp/softfp\libc.a(lib_a-lock.o)
                0x20000fd4                __lock___sfp_recursive_mutex
 *fill*         0x20000fd5        0x3 
 .bss.__lock___sinit_recursive_mutex
                0x20000fd8        0x1 c:/maximsdk/tools/gnutools/10.3/bin/../lib/gcc/arm-none-eabi/10.3.1/../../../../arm-none-eabi/lib/thumb/v7e-m+fp/softfp\libc.a(lib_a-lock.o)
                0x20000fd8                __lock___sinit_recursive_mutex
 *fill*         0x20000fd9        0x3 
 .bss.__malloc_current_mallinfo
                0x20000fdc       0x28 c:/maximsdk/tools/gnutools/10.3/bin/../lib/gcc/arm-none-eabi/10.3.1/../../../../arm-none-eabi/lib/thumb/v7e-m+fp/softfp\libc.a(lib_a-mallocr.o)
                0x20000fdc                __malloc_current_mallinfo
 .bss.__malloc_max_sbrked_mem
                0x20001004        0x4 c:/maximsdk/tools/gnutools/10.3/bin/../lib/gcc/arm-none-eabi/10.3.1/../../../../arm-none-eabi/lib/thumb/v7e-m+fp/softfp\libc.a(lib_a-mallocr.o)
                0x20001004                __malloc_max_sbrked_mem
 .bss.__malloc_max_total_mem
                0x20001008        0x4 c:/maximsdk/tools/gnutools/10.3/bin/../lib/gcc/arm-none-eabi/10.3.1/../../../../arm-none-eabi/lib/thumb/v7e-m+fp/softfp\libc.a(lib_a-mallocr.o)
                0x20001008                __malloc_max_total_mem
 .bss.__malloc_top_pad
                0x2000100c        0x4 c:/maximsdk/tools/gnutools/10.3/bin/../lib/gcc/arm-none-eabi/10.3.1/../../../../arm-none-eabi/lib/thumb/v7e-m+fp/softfp\libc.a(lib_a-mallocr.o)
                0x2000100c                __malloc_top_pad
 .bss.errno     0x20001010        0x4 c:/maximsdk/tools/gnutools/10.3/bin/../lib/gcc/arm-none-eabi/10.3.1/../../../../arm-none-eabi/lib/thumb/v7e-m+fp/softfp\libc.a(lib_a-reent.o)
                0x20001010                errno
 *(COMMON)
                0x20001014                _ebss = ALIGN (., 0x4)
                0x20018000                __StackTop = (ORIGIN (SRAM) + LENGTH (SRAM))
                0x20017000                __StackLimit = (__StackTop - SIZEOF (.stack_dummy))

.stack_dummy    0x20001018     0x1000 load address 0x0000bbfc
 *(.stack*)
 .stack         0x20001018     0x1000 C:/Users/ahammad.n/Desktop/Maxim_Micro_Workspace/Single_Cell_USB_PD_Gui_Driver/build/startup_max32660.o

.heap           0x20001018      0xc00 load address 0x0000bbfc
                0x20001018                . = ALIGN (0x4)
 *(.heap*)
 .heap          0x20001018      0xc00 C:/Users/ahammad.n/Desktop/Maxim_Micro_Workspace/Single_Cell_USB_PD_Gui_Driver/build/startup_max32660.o
                0x20001018                __HeapBase
                0x20017000                __HeapLimit = ABSOLUTE (__StackLimit)
                0x20018000                PROVIDE (__stack = __StackTop)
                0x00000001                ASSERT ((__StackLimit >= _ebss), region RAM overflowed with stack)
OUTPUT(C:/Users/ahammad.n/Desktop/Maxim_Micro_Workspace/Single_Cell_USB_PD_Gui_Driver/build/Single_Cell_USB_PD_Gui_Driver.elf elf32-littlearm)
LOAD linker stubs

.ARM.attributes
                0x00000000       0x2e
 .ARM.attributes
                0x00000000       0x1e c:/maximsdk/tools/gnutools/10.3/bin/../lib/gcc/arm-none-eabi/10.3.1/thumb/v7e-m+fp/softfp/crti.o
 .ARM.attributes
                0x0000001e       0x32 c:/maximsdk/tools/gnutools/10.3/bin/../lib/gcc/arm-none-eabi/10.3.1/thumb/v7e-m+fp/softfp/crtbegin.o
 .ARM.attributes
                0x00000050       0x32 C:/Users/ahammad.n/Desktop/Maxim_Micro_Workspace/Single_Cell_USB_PD_Gui_Driver/build/main.o
 .ARM.attributes
                0x00000082       0x32 C:/Users/ahammad.n/Desktop/Maxim_Micro_Workspace/Single_Cell_USB_PD_Gui_Driver/build/board.o
 .ARM.attributes
                0x000000b4       0x32 C:/Users/ahammad.n/Desktop/Maxim_Micro_Workspace/Single_Cell_USB_PD_Gui_Driver/build/stdio.o
 .ARM.attributes
                0x000000e6       0x32 C:/Users/ahammad.n/Desktop/Maxim_Micro_Workspace/Single_Cell_USB_PD_Gui_Driver/build/led.o
 .ARM.attributes
                0x00000118       0x32 C:/Users/ahammad.n/Desktop/Maxim_Micro_Workspace/Single_Cell_USB_PD_Gui_Driver/build/pb.o
 .ARM.attributes
                0x0000014a       0x1b C:/Users/ahammad.n/Desktop/Maxim_Micro_Workspace/Single_Cell_USB_PD_Gui_Driver/build/startup_max32660.o
 .ARM.attributes
                0x00000165       0x32 C:/Users/ahammad.n/Desktop/Maxim_Micro_Workspace/Single_Cell_USB_PD_Gui_Driver/build/heap.o
 .ARM.attributes
                0x00000197       0x32 C:/Users/ahammad.n/Desktop/Maxim_Micro_Workspace/Single_Cell_USB_PD_Gui_Driver/build/system_max32660.o
 .ARM.attributes
                0x000001c9       0x32 C:/MaximSDK/Libraries/PeriphDrivers/bin/MAX32660/softfp/libPeriphDriver_softfp.a(mxc_delay.o)
 .ARM.attributes
                0x000001fb       0x32 C:/MaximSDK/Libraries/PeriphDrivers/bin/MAX32660/softfp/libPeriphDriver_softfp.a(nvic_table.o)
 .ARM.attributes
                0x0000022d       0x32 C:/MaximSDK/Libraries/PeriphDrivers/bin/MAX32660/softfp/libPeriphDriver_softfp.a(sys_me11.o)
 .ARM.attributes
                0x0000025f       0x32 C:/MaximSDK/Libraries/PeriphDrivers/bin/MAX32660/softfp/libPeriphDriver_softfp.a(gpio_me11.o)
 .ARM.attributes
                0x00000291       0x32 C:/MaximSDK/Libraries/PeriphDrivers/bin/MAX32660/softfp/libPeriphDriver_softfp.a(gpio_reva.o)
 .ARM.attributes
                0x000002c3       0x32 C:/MaximSDK/Libraries/PeriphDrivers/bin/MAX32660/softfp/libPeriphDriver_softfp.a(i2c_me11.o)
 .ARM.attributes
                0x000002f5       0x32 C:/MaximSDK/Libraries/PeriphDrivers/bin/MAX32660/softfp/libPeriphDriver_softfp.a(i2c_reva.o)
 .ARM.attributes
                0x00000327       0x32 C:/MaximSDK/Libraries/PeriphDrivers/bin/MAX32660/softfp/libPeriphDriver_softfp.a(uart_me11.o)
 .ARM.attributes
                0x00000359       0x32 C:/MaximSDK/Libraries/PeriphDrivers/bin/MAX32660/softfp/libPeriphDriver_softfp.a(uart_reva.o)
 .ARM.attributes
                0x0000038b       0x32 C:/MaximSDK/Libraries/PeriphDrivers/bin/MAX32660/softfp/libPeriphDriver_softfp.a(pins_me11.o)
 .ARM.attributes
                0x000003bd       0x32 C:/MaximSDK/Libraries/PeriphDrivers/bin/MAX32660/softfp/libPeriphDriver_softfp.a(gpio_common.o)
 .ARM.attributes
                0x000003ef       0x32 C:/MaximSDK/Libraries/PeriphDrivers/bin/MAX32660/softfp/libPeriphDriver_softfp.a(uart_common.o)
 .ARM.attributes
                0x00000421       0x32 c:/maximsdk/tools/gnutools/10.3/bin/../lib/gcc/arm-none-eabi/10.3.1/../../../../arm-none-eabi/lib/thumb/v7e-m+fp/softfp\libc.a(lib_a-errno.o)
 .ARM.attributes
                0x00000453       0x32 c:/maximsdk/tools/gnutools/10.3/bin/../lib/gcc/arm-none-eabi/10.3.1/../../../../arm-none-eabi/lib/thumb/v7e-m+fp/softfp\libc.a(lib_a-impure.o)
 .ARM.attributes
                0x00000485       0x32 c:/maximsdk/tools/gnutools/10.3/bin/../lib/gcc/arm-none-eabi/10.3.1/../../../../arm-none-eabi/lib/thumb/v7e-m+fp/softfp\libc.a(lib_a-init.o)
 .ARM.attributes
                0x000004b7       0x1c c:/maximsdk/tools/gnutools/10.3/bin/../lib/gcc/arm-none-eabi/10.3.1/../../../../arm-none-eabi/lib/thumb/v7e-m+fp/softfp\libc.a(lib_a-memcpy.o)
 .ARM.attributes
                0x000004d3       0x32 c:/maximsdk/tools/gnutools/10.3/bin/../lib/gcc/arm-none-eabi/10.3.1/../../../../arm-none-eabi/lib/thumb/v7e-m+fp/softfp\libc.a(lib_a-memset.o)
 .ARM.attributes
                0x00000505       0x32 c:/maximsdk/tools/gnutools/10.3/bin/../lib/gcc/arm-none-eabi/10.3.1/../../../../arm-none-eabi/lib/thumb/v7e-m+fp/softfp\libc.a(lib_a-printf.o)
 .ARM.attributes
                0x00000537       0x32 c:/maximsdk/tools/gnutools/10.3/bin/../lib/gcc/arm-none-eabi/10.3.1/../../../../arm-none-eabi/lib/thumb/v7e-m+fp/softfp\libc.a(lib_a-puts.o)
 .ARM.attributes
                0x00000569       0x1c c:/maximsdk/tools/gnutools/10.3/bin/../lib/gcc/arm-none-eabi/10.3.1/../../../../arm-none-eabi/lib/thumb/v7e-m+fp/softfp\libc.a(lib_a-strcmp.o)
 .ARM.attributes
                0x00000585       0x1c c:/maximsdk/tools/gnutools/10.3/bin/../lib/gcc/arm-none-eabi/10.3.1/../../../../arm-none-eabi/lib/thumb/v7e-m+fp/softfp\libc.a(lib_a-strlen.o)
 .ARM.attributes